Archive member included because of file (symbol)

C:\Dev-Cpp\lib/libwsock32.a(dywds00061.o)
                              obj\networkmessage.o (recv@16)
C:\Dev-Cpp\lib/libwsock32.a(dywds00026.o)
                              obj\networkmessage.o (WSAGetLastError@0)
C:\Dev-Cpp\lib/libwsock32.a(dywds00056.o)
                              obj\networkmessage.o (ioctlsocket@12)
C:\Dev-Cpp\lib/libwsock32.a(dywds00067.o)
                              obj\networkmessage.o (send@16)
C:\Dev-Cpp\lib/libwsock32.a(dywds00044.o)
                              obj\otserv.o (getpeername@12)
C:\Dev-Cpp\lib/libwsock32.a(dywds00037.o)
                              obj\otserv.o (closesocket@4)
C:\Dev-Cpp\lib/libwsock32.a(dywds00031.o)
                              obj\otserv.o (WSAStartup@8)
C:\Dev-Cpp\lib/libwsock32.a(dywds00025.o)
                              obj\otserv.o (WSACleanup@0)
C:\Dev-Cpp\lib/libwsock32.a(dywds00053.o)
                              obj\otserv.o (inet_addr@4)
C:\Dev-Cpp\lib/libwsock32.a(dywds00042.o)
                              obj\otserv.o (gethostname@8)
C:\Dev-Cpp\lib/libwsock32.a(dywds00041.o)
                              obj\otserv.o (gethostbyname@4)
C:\Dev-Cpp\lib/libwsock32.a(dywds00052.o)
                              obj\otserv.o (htons@4)
C:\Dev-Cpp\lib/libwsock32.a(dywds00051.o)
                              obj\otserv.o (htonl@4)
C:\Dev-Cpp\lib/libwsock32.a(dywds00072.o)
                              obj\otserv.o (socket@12)
C:\Dev-Cpp\lib/libwsock32.a(dywds00036.o)
                              obj\otserv.o (bind@12)
C:\Dev-Cpp\lib/libwsock32.a(dywds00057.o)
                              obj\otserv.o (listen@8)
C:\Dev-Cpp\lib/libwsock32.a(dywds00066.o)
                              obj\otserv.o (select@20)
C:\Dev-Cpp\lib/libwsock32.a(dywds00035.o)
                              obj\otserv.o (accept@12)
C:\Dev-Cpp\lib/libwsock32.a(dywdh.o)
                              C:\Dev-Cpp\lib/libwsock32.a(dywds00061.o) (_head_libwsock32_a)
C:\Dev-Cpp\lib/libwsock32.a(dywdt.o)
                              C:\Dev-Cpp\lib/libwsock32.a(dywdh.o) (_libwsock32_a_iname)
C:\Dev-Cpp\lib/libstdc++.a(eh_personality.o)
                              obj\account.o (__gxx_personality_sj0)
C:\Dev-Cpp\lib/libstdc++.a(string-inst.o)
                              obj\exception.o (std::string::find(char const*, unsigned int, unsigned int) const)
C:\Dev-Cpp\lib/libstdc++.a(ios_init.o)
                              obj\account.o (std::ios_base::Init::~Init())
C:\Dev-Cpp\lib/libstdc++.a(del_op.o)
                              obj\account.o (operator delete(void*))
C:\Dev-Cpp\lib/libstdc++.a(atomicity.o)
                              obj\account.o (__gnu_cxx::__exchange_and_add(int volatile*, int))
C:\Dev-Cpp\lib/libstdc++.a(tinfo.o)
                              obj\actions.o (__dynamic_cast)
C:\Dev-Cpp\lib/libstdc++.a(globals_io.o)
                              C:\Dev-Cpp\lib/libstdc++.a(ios_init.o) (__gnu_internal::buf_cerr)
C:\Dev-Cpp\lib/libstdc++.a(tree.o)
                              obj\actions.o (std::_Rb_tree_increment(std::_Rb_tree_node_base*))
C:\Dev-Cpp\lib/libstdc++.a(ostream-inst.o)
                              C:\Dev-Cpp\lib/libstdc++.a(ios_init.o) (std::ostream::flush())
C:\Dev-Cpp\lib/libstdc++.a(new_op.o)
                              obj\actions.o (operator new(unsigned int))
C:\Dev-Cpp\lib/libstdc++.a(list.o)
                              obj\ioaccountxml.o (std::_List_node_base::swap(std::_List_node_base&, std::_List_node_base&))
C:\Dev-Cpp\lib/libstdc++.a(sstream-inst.o)
                              obj\game.o (std::basic_stringstream<char, std::char_traits<char>, std::allocator<char> >::~basic_stringstream())
C:\Dev-Cpp\lib/libstdc++.a(streambuf-inst.o)
                              C:\Dev-Cpp\lib/libstdc++.a(ostream-inst.o) (int std::__copy_streambufs<char, std::char_traits<char> >(std::basic_streambuf<char, std::char_traits<char> >*, std::basic_streambuf<char, std::char_traits<char> >*))
C:\Dev-Cpp\lib/libstdc++.a(io-inst.o)
                              obj\commands.o (std::basic_ios<char, std::char_traits<char> >::clear(std::_Ios_Iostate))
C:\Dev-Cpp\lib/libstdc++.a(fstream-inst.o)
                              obj\commands.o (std::basic_filebuf<char, std::char_traits<char> >::open(char const*, std::_Ios_Openmode))
C:\Dev-Cpp\lib/libstdc++.a(functexcept.o)
                              C:\Dev-Cpp\lib/libstdc++.a(ostream-inst.o) (std::__throw_bad_cast())
C:\Dev-Cpp\lib/libstdc++.a(basic_file.o)
                              C:\Dev-Cpp\lib/libstdc++.a(fstream-inst.o) (std::__basic_file<char>::__basic_file(__gthread_mutex_t*))
C:\Dev-Cpp\lib/libstdc++.a(ios.o)
                              obj\commands.o (std::ios_base::ios_base())
C:\Dev-Cpp\lib/libstdc++.a(eh_throw.o)
                              obj\guilds.o (__cxa_throw)
C:\Dev-Cpp\lib/libstdc++.a(misc-inst.o)
[...]
Memory Configuration

Name             Origin             Length             Attributes
*default*        0x00000000         0xffffffff

Linker script and memory map

                0x00400000                __image_base__ = 0x400000
                0x00000000                __dll__ = 0x0
                0x00001000                __section_alignment__ = 0x1000
                0x00000200                __file_alignment__ = 0x200
                0x00000004                __major_os_version__ = 0x4
                0x00000000                __minor_os_version__ = 0x0
                0x00000001                __major_image_version__ = 0x1
                0x00000000                __minor_image_version__ = 0x0
                0x00000004                __major_subsystem_version__ = 0x4
                0x00000000                __minor_subsystem_version__ = 0x0
                0x00000003                __subsystem__ = 0x3
                0x00200000                __size_of_stack_reserve__ = 0x200000
                0x00001000                __size_of_stack_commit__ = 0x1000
                0x00100000                __size_of_heap_reserve__ = 0x100000
                0x00001000                __size_of_heap_commit__ = 0x1000
                0x00000000                __loader_flags__ = 0x0
LOAD C:/Dev-Cpp/bin/../lib/gcc/mingw32/3.4.2/../../../crt2.o
LOAD C:/Dev-Cpp/bin/../lib/gcc/mingw32/3.4.2/crtbegin.o
LOAD obj\!About.o
LOAD obj\aac.o
LOAD obj\account.o
LOAD obj\actions.o
LOAD obj\allocator.o
LOAD obj\chat.o
LOAD obj\commands.o
LOAD obj\container.o
LOAD obj\creature.o
LOAD obj\exception.o
LOAD obj\fileloader.o
LOAD obj\game.o
LOAD obj\guilds.o
LOAD obj\houses.o
LOAD obj\ioaccount.o
LOAD obj\ioaccountxml.o
LOAD obj\iomapbin.o
LOAD obj\iomapotbm.o
LOAD obj\iomapxml.o
LOAD obj\ioplayer.o
LOAD obj\ioplayerxml.o
LOAD obj\item.o
LOAD obj\itemloader.o
LOAD obj\items.o
LOAD obj\logger.o
LOAD obj\loginqueue.o
LOAD obj\luascript.o
LOAD obj\magic.o
LOAD obj\map.o
LOAD obj\md5.o
LOAD obj\monster.o
LOAD obj\monsters.o
LOAD obj\networkmessage.o
LOAD obj\npc.o
LOAD obj\otserv.o
LOAD obj\player.o
LOAD obj\position.o
LOAD obj\protocol.o
LOAD obj\protocol76.o
LOAD obj\pvparena.o
LOAD obj\readables.o
LOAD obj\scheduler.o
LOAD obj\spawn.o
LOAD obj\spells.o
LOAD obj\status.o
LOAD obj\summons.o
LOAD obj\thing.o
LOAD obj\tile.o
LOAD obj\tools.o
LOAD C:/Dev-Cpp/bin/libxml2.dll
LOAD C:/Dev-Cpp/bin/lua5.dll
LOAD C:/Dev-Cpp/bin/lualib5.dll
LOAD C:\Dev-Cpp\lib/libwsock32.a
LOAD C:/dev-cpp/lib/libboost_regex-mgw-mt-s-1_33_1.lib
LOAD C:\Dev-Cpp\lib/libstdc++.a
LOAD C:\Dev-Cpp\lib/libmingw32.a
LOAD C:/Dev-Cpp/bin/../lib/gcc/mingw32/3.4.2/libgcc.a
LOAD C:\Dev-Cpp\lib/libmoldname.a
LOAD C:\Dev-Cpp\lib/libmingwex.a
LOAD C:\Dev-Cpp\lib/libmsvcrt.a
LOAD C:\Dev-Cpp\lib/libuser32.a
LOAD C:\Dev-Cpp\lib/libkernel32.a
LOAD C:\Dev-Cpp\lib/libadvapi32.a
LOAD C:\Dev-Cpp\lib/libshell32.a
LOAD C:\Dev-Cpp\lib/libmingw32.a
LOAD C:/Dev-Cpp/bin/../lib/gcc/mingw32/3.4.2/libgcc.a
LOAD C:\Dev-Cpp\lib/libmoldname.a
LOAD C:\Dev-Cpp\lib/libmingwex.a
LOAD C:\Dev-Cpp\lib/libmsvcrt.a
LOAD C:/Dev-Cpp/bin/../lib/gcc/mingw32/3.4.2/crtend.o

.text           0x00401000   0x13c600
 *(.init)
 *(.text)
 .text          0x00401000      0x280 C:/Dev-Cpp/bin/../lib/gcc/mingw32/3.4.2/../../../crt2.o
                0x00401240                WinMainCRTStartup
                0x00401220                mainCRTStartup
                0x00401260                atexit
                0x00401270                _onexit
 .text          0x00401280       0x10 C:/Dev-Cpp/bin/../lib/gcc/mingw32/3.4.2/crtbegin.o
                0x00401280                __do_sjlj_init
 .text          0x00401290      0x5c0 obj\account.o
                0x00401290                Account::~Account()
                0x00401750                Account::Account()
                0x004014f0                Account::~Account()
                0x00401790                Account::Account()
 .text          0x00401850     0x8980 obj\actions.o
                0x00406de0                ActionScript::luaActionDoSendCancel(lua_State*)
                0x00402960                ActionScript::internalAddThing(lua_State*, Thing const*, unsigned int)
                0x00406e90                ActionScript::luaActionDoFeedPlayer(lua_State*)
                0x00408d80                ActionScript::luaActionDoPlayerAddItem(lua_State*)
                0x004065c0                ActionScript::luaActionDoPlayerSendTextMessage(lua_State*)
                0x00406b80                ActionScript::luaActionDoPlayerSay(lua_State*)
                0x00404d10                ActionScript::~ActionScript()
                0x00404b00                ActionScript::ClearMap()
                0x00406f40                ActionScript::luaActionDoPlayerRemoveItem(lua_State*)
                0x00405760                Actions::loadFromXml(std::string const&)
                0x00402b50                ActionScript::internalGetPositionEx(lua_State*, PositionEx&)
                0x00406060                ActionScript::GetPlayerByUID(int)
                0x004077c0                ActionScript::luaActionDoSetItemText(lua_State*)
                0x00405450                ActionScript::luaActionDoSendMagicEffect(lua_State*)
                0x004073d0                ActionScript::luaActionGetPlayerMasterPos(lua_State*)
                0x00406400                ActionScript::luaActionGetPlayerStorageValue(lua_State*)
                0x00403d20                Action::Action(Game*, std::string const&, std::string const&)
                0x004018a0                Actions::canUseFar(Player const*, Position const&, bool) const
                0x00403650                Actions::Actions(Game*)
                0x00408b60                ActionScript::luaActionGetThingfromPos(lua_State*)
                0x00409720                Actions::UseItem(Player*, Position const&, unsigned char, unsigned short, unsigned char)
                0x00407d70                ActionScript::luaActionDoChangeTypeItem(lua_State*)
                0x00404e80                ActionScript::~ActionScript()
                0x00402860                ActionScript::internalGetRealPosition(ActionScript*, Player*, Position const&)
                0x004036e0                Actions::Actions(Game*)
                0x00409c10                ActionScript::UpdateThingPos(int, PositionEx&)
                0x00409eb0                ActionScript::AddThingToMapUnique(Thing*)
                0x00407540                ActionScript::GetItemByUID(int)
                0x00408300                ActionScript::AddThingToMap(Thing*, PositionEx&)
                0x004031f0                Actions::~Actions()
                0x00404b90                ActionScript::~ActionScript()
                0x00406140                ActionScript::luaActionDoPlayerSetMasterPos(lua_State*)
                0x00407c90                ActionScript::luaActionDoShowTextWindow(lua_State*)
                0x00401a10                Actions::openContainer(Player*, Container*, unsigned char)
                0x00401b50                Action::~Action()
                0x00407a10                ActionScript::luaActionDoSetItemActionId(lua_State*)
                0x00406340                ActionScript::luaActionSetPlayerStorageValue(lua_State*)
                0x00403420                Actions::~Actions()
                0x00401bd0                ActionScript::registerFunctions()
                0x004073f0                ActionScript::luaActionGetPlayerVocation(lua_State*)
                0x00407450                ActionScript::luaActionGetPlayerHealth(lua_State*)
                0x00402db0                ActionScript::luaActionGetItemName(lua_State*)
                0x00401b10                Action::~Action()
                0x00405ea0                ActionScript::GetThingByUID(int)
                0x004074f0                ActionScript::luaActionGetPlayerFood(lua_State*)
                0x00407b40                ActionScript::luaActionDoDecayItem(lua_State*)
                0x004086f0                ActionScript::luaActionDoSummonCreature(lua_State*)
                0x00407bf0                ActionScript::luaActionGetItemRWInfo(lua_State*)
                0x004074d0                ActionScript::luaActionGetPlayerAccess(lua_State*)
                0x00401b90                Action::~Action()
                0x00407490                ActionScript::luaActionGetPlayerMagLevel(lua_State*)
                0x00406280                ActionScript::luaActionDoPlayerRemoveMoney(lua_State*)
                0x00407430                ActionScript::luaActionGetPlayerName(lua_State*)
                0x004073b0                ActionScript::luaActionGetPlayerGuildId(lua_State*)
                0x00402c80                ActionScript::luaActionGetTilePzInfo(lua_State*)
                0x00404550                ActionScript::ActionScript(Game*, std::string const&, std::string const&)
                0x00402c10                ActionScript::getActionScript(lua_State*)
                0x00401850                Actions::canUse(Player const*, Position const&) const
                0x00407570                ActionScript::luaActionDoSetItemSpecialDescription(lua_State*)
                0x00406ac0                ActionScript::luaActionDoPlayerAddSkillTry(lua_State*)
                0x004089e0                ActionScript::luaActionDoCreateItem(lua_State*)
                0x00409cb0                ActionScript::luaActionDoTeleportThing(lua_State*)
                0x00404460                Action::Action(Game*, std::string const&, std::string const&)
                0x00408090                ActionScript::luaActionDoRemoveItem(lua_State*)
                0x00401ac0                readXMLInteger(_xmlNode*, char const*, int&)
                0x00408fb0                Action::executeUse(Player*, Item*, PositionEx&, PositionEx&)
                0x00407410                ActionScript::luaActionGetPlayerPosition(lua_State*)
                0x004028e0                ActionScript::internalAddPositionEx(lua_State*, PositionEx const&)
                0x00402c50                ActionScript::internalGetString(lua_State*)
                0x004074b0                ActionScript::luaActionGetPlayerLevel(lua_State*)
                0x00404ff0                ActionScript::luaActionDoSendAnimatedText(lua_State*)
                0x00403770                ActionScript::ActionScript(Game*, std::string const&, std::string const&)
                0x00406750                ActionScript::luaActionDoPlayerAddHealth(lua_State*)
                0x00407f00                ActionScript::luaActionDoTransformItem(lua_State*)
                0x00409330                Actions::UseItemEx(Player*, Position const&, unsigned char, Position const&, unsigned char, unsigned short)
                0x00403e10                Actions::loadAction(_xmlNode*)
                0x00402bc0                ActionScript::internalGetNumber(lua_State*)
                0x00407470                ActionScript::luaActionGetPlayerMana(lua_State*)
                0x00407010                ActionScript::internalGetPlayerInfo(lua_State*, ePlayerInfo)
                0x00406090                ActionScript::luaActionDoPlayerSetVocation(lua_State*)
                0x004064d0                ActionScript::luaActionGetPlayerSkill(lua_State*)
                0x00402ed0                Actions::clear()
                0x00405e70                Actions::reload()
                0x00402df0                Actions::getAction(Item const*)
                0x00406690                ActionScript::luaActionDoPlayerAddMana(lua_State*)
                0x00407510                ActionScript::GetCreatureByUID(int)
                0x00402fc0                Actions::~Actions()
 .text          0x0040a1d0     0x26b0 obj\chat.o
                0x0040aa20                Chat::Chat()
                0x0040a7d0                ChatChannel::ChatChannel(unsigned short, std::string)
                0x0040b660                Chat::Chat()
                0x0040a260                Chat::getChannel(Player*, unsigned short)
                0x0040a3a0                Chat::talkToChannel(Player*, SpeakClasses, std::string&, unsigned short)
                0x0040a670                ChatChannel::ChatChannel(unsigned short, std::string)
                0x0040a1d0                ChatChannel::talk(Player*, SpeakClasses, std::string&, unsigned short)
                0x0040a2d0                Chat::getChannelName(Player*, unsigned short)
                0x0040a4b0                Chat::deleteChannel(Player*, unsigned short)
                0x0040a930                ChatChannel::addUser(Player*)
                0x0040a9d0                Chat::addUserToChannel(Player*, unsigned short)
                0x0040c550                Chat::getChannelList(Player*)
                0x0040a400                ChatChannel::removeUser(Player*)
                0x0040a460                Chat::removeUserFromChannel(Player*, unsigned short)
                0x0040c700                Chat::removeUserFromAllChannels(Player*)
                0x0040c2a0                Chat::createChannel(Player*, unsigned short)
 .text          0x0040c880     0xbc40 obj\commands.o
                0x00412f10                Commands::showPremmy(Creature*, std::string const&, std::string const&)
                0x0040d390                Commands::promote(Creature*, std::string const&, std::string const&)
                0x0040e910                Commands::createItems(Creature*, std::string const&, std::string const&)
                0x0040da20                Commands::setMaxPlayers(Creature*, std::string const&, std::string const&)
                0x00413bd0                Commands::showFrags(Creature*, std::string const&, std::string const&)
                0x00412460                Commands::Commands(Game*)
                0x004100b0                Commands::whoIsOnline(Creature*, std::string const&, std::string const&)
                0x004172b0                Commands::substract_contMoney(Creature*, std::string const&, std::string const&)
                0x00411510                Commands::loadXml(std::string const&)
                0x0040d050                Commands::openServer(Creature*, std::string const&, std::string const&)
                0x0040d100                Commands::goUp(Creature*, std::string const&, std::string const&)
                0x0040c880                Commands::placeNpc(Creature*, std::string const&, std::string const&)
                0x0040e320                Commands::showExpForLvl(Creature*, std::string const&, std::string const&)
                0x00410b10                Commands::exeCommand(Creature*, std::string const&)
                0x0040d320                Commands::forceServerSave(Creature*, std::string const&, std::string const&)
                0x00412930                Commands::Commands(Game*)
                0x0040cb00                Commands::placeMonster(Creature*, std::string const&, std::string const&)
                0x00415570                Commands::onlineList(Creature*, std::string const&, std::string const&)
                0x0040dd20                Commands::showManaForLvl(Creature*, std::string const&, std::string const&)
                0x0040d260                Commands::banCharacter(Creature*, std::string const&, std::string const&)
                0x00414330                Commands::showUptime(Creature*, std::string const&, std::string const&)
                0x004166f0                Commands::getInfo(Creature*, std::string const&, std::string const&)
                0x0040d660                Commands::testCommand(Creature*, std::string const&, std::string const&)
                0x00410540                Commands::report(Creature*, std::string const&, std::string const&)
                0x00411e80                Commands::gmInvisible(Creature*, std::string const&, std::string const&)
                0x004104e0                Commands::closeServer(Creature*, std::string const&, std::string const&)
                0x0040d460                Commands::setWorldType(Creature*, std::string const&, std::string const&)
                0x00411d80                Commands::reloadInfo(Creature*, std::string const&, std::string const&)
                0x0040d000                Commands::teleportHere(Creature*, std::string const&, std::string const&)
                0x0040cd30                Commands::placeSummon(Creature*, std::string const&, std::string const&)
                0x00414d40                Commands::showPos(Creature*, std::string const&, std::string const&)
                0x0040d2c0                Commands::reloadRights(Creature*, std::string const&, std::string const&)
                0x00412e00                Commands::banPlayer(Creature*, std::string const&, std::string const&)
                0x0040d1b0                Commands::goDown(Creature*, std::string const&, std::string const&)
                0x00411d10                Commands::reload()
                0x0040d070                Commands::kickPlayer(Creature*, std::string const&, std::string const&)
                0x0040cf90                Commands::broadcastMessage(Creature*, std::string const&, std::string const&)
                0x0040ed20                Commands::teleportPlayerTo(Creature*, std::string const&, std::string const&)
                0x0040d3f0                Commands::shutdown(Creature*, std::string const&, std::string const&)
                0x0040f330                Commands::premmy(Creature*, std::string const&, std::string const&)
                0x004135d0                Commands::cleanMap(Creature*, std::string const&, std::string const&)
                0x0040d540                Commands::teleportNTiles(Creature*, std::string const&, std::string const&)
                0x0040d6d0                Commands::setHouseOwner(Creature*, std::string const&, std::string const&)
                0x0040fab0                Commands::teleportTo(Creature*, std::string const&, std::string const&)
                0x0040cfc0                Commands::teleportMasterPos(Creature*, std::string const&, std::string const&)
 .text          0x004184c0     0x1010 obj\container.o
                0x00418d00                Container::addItem(Item*)
                0x00419020                Container::isHoldingItem(Item const*) const
                0x00418520                Container::getSlotNumberByItem(Item const*) const
                0x004184e0                Container::getTopParent() const
                0x004185d0                Container::getItem(unsigned long)
                0x00418930                Container::~Container()
                0x00418620                Container::removeItem(Item*)
                0x00418580                Container::getItem(unsigned long) const
                0x004184c0                Container::getTopParent()
                0x004186b0                Container::~Container()
                0x00418db0                Container::getWeight() const
                0x00418c90                Container::moveItem(unsigned char, unsigned char)
                0x00418500                Container::getEnd() const
                0x00418510                Container::getItems() const
                0x00418b80                Container::Container(unsigned short)
                0x004187f0                Container::~Container()
                0x00418a70                Container::Container(unsigned short)
                0x00419240                Container::getItemHoldingCount() const
 .text          0x004194d0     0x2750 obj\creature.o
                0x0041ae20                Creature::addInflictedDamage(Creature*, int)
                0x00419770                Creature::getSleepTicks() const
                0x0041a290                Creature::Creature()
                0x00419510                Creature::getLostExperience()
                0x0041a650                Creature::Creature()
                0x00419890                Creature::setAttackedCreature(Creature const*)
                0x004196c0                Creature::getStepDuration() const
                0x00419850                Creature::checkInvisible(int)
                0x00419900                Creature::getTotalInflictedDamage()
                0x00419d50                Creature::~Creature()
                0x00419ff0                Creature::~Creature()
                0x004194f0                Creature::setMaster(Creature*)
                0x00419aa0                Creature::~Creature()
                0x004194d0                Creature::drainMana(int)
                0x0041b290                Creature::getDescription(bool) const
                0x00419670                faggotry(char*)
                0x0041b9e0                Creature::drainHealth(int, std::vector<Creature*, std::allocator<Creature*> >*)
                0x0041b180                Creature::getInflicatedDamageCreatureList()
                0x00419950                Creature::removeSummon(Creature*)
                0x00419520                Creature::getInflicatedDamage(Creature*)
                0x00419550                Creature::getGainedExperience(Creature*)
                0x00419a40                Creature::addSummon(Creature*)
                0x004199e0                Creature::getInflicatedDamage(unsigned long)
                0x0041aa10                Creature::addCondition(CreatureCondition const&, bool)
                0x00419680                Creature::canMovedTo(Tile const*) const
                0x00419800                Creature::isPlayersSummon() const
 .text          0x0041bc20     0x2840 obj\exception.o
                0x0041bc90                ExceptionHandler::~ExceptionHandler()
                0x0041cdb0                ExceptionHandler::LoadMap()
                0x0041bcb0                printPointer(std::ostream*, unsigned long)
                0x0041bd20                _SEHHandler(_EXCEPTION_RECORD*, void*, _CONTEXT*, void*)
                0x0041bc30                ExceptionHandler::ExceptionHandler()
                0x0041bc70                ExceptionHandler::~ExceptionHandler()
                0x0041e150                ExceptionHandler::InstallHandler()
                0x0041bc20                ExceptionHandler::ExceptionHandler()
                0x0041bc40                ExceptionHandler::RemoveHandler()
 .text          0x0041e460     0x1800 obj\fileloader.o
                0x0041e600                FileLoader::~FileLoader()
                0x0041e4c0                FileLoader::FileLoader()
                0x0041fc00                FileLoader::getProps(unsigned long, PropStream&)
                0x0041f760                FileLoader::getProps(unsigned long, unsigned long&)
                0x0041e460                FileLoader::FileLoader()
                0x0041e9a0                FileLoader::loadCacheBlock(unsigned long)
                0x0041e680                FileLoader::openFile(char const*, bool, bool)
                0x0041e7f0                FileLoader::setProps(void*, unsigned short)
                0x0041e950                FileLoader::endNode()
                0x0041eac0                FileLoader::getNextNode(unsigned long, unsigned long&)
                0x0041f140                FileLoader::getChildNode(unsigned long, unsigned long&)
                0x0041e590                FileLoader::~FileLoader()
                0x0041e890                FileLoader::startNode(unsigned char)
                0x0041e520                FileLoader::~FileLoader()
 .text          0x0041fc60    0x2b630 obj\game.o
                0x00439490                Game::autoCloseAttack(Player*, Creature*)
                0x004444d0                Game::creatureMakeMagic(Creature*, Position const&, MagicEffectClass const*)
                0x00422f80                Game::serverSave()
                0x00437d30                Game::checkLight(int)
                0x00420df0                Game::onPrepareMoveThing(Player*, slots_t, Item const*, slots_t, Item const*, int)
                0x00430ea0                GameState::addCreatureState(Tile*, Creature*, int, int, bool)
                0x00434350                Game::CreateManaDamageUpdate(Creature*, Creature*, int)
                0x00425730                Game::onPvP(Creature*, Creature*, bool)
                0x0043a490                GameState::onAttack(Creature*, Position const&, MagicEffectClass const*)
                0x00422de0                Game::disbandParty(unsigned long)
                0x004292b0                Game::stopEvent(unsigned long)
                0x00446c60                Game::thingMoveInternal(Creature*, unsigned short, unsigned short, unsigned char, unsigned char, unsigned short, unsigned short, unsigned short, unsigned char, unsigned char)
                0x004217a0                Game::getCreaturesOnline()
                0x0041fed0                Game::creatureApplyDamage(Creature*, int, int&, int&, std::vector<Creature*, std::allocator<Creature*> >*)
                0x00432490                Game::playerLookInTrade(Player*, bool, int)
                0x0043be10                Game::creatureMakeDamage(Creature*, Creature*, fight_t)
                0x004200a0                Game::setTile(unsigned short, unsigned short, unsigned char, unsigned short)
                0x00421130                Game::creatureTalkToChannel(Player*, SpeakClasses, std::string&, unsigned short)
                0x00421110                Game::getSpectators(Range const&, std::list<Creature*, std::allocator<Creature*> >&)
                0x00421460                Game::playerUseItem(Player*, Position const&, unsigned char, unsigned short, unsigned char)
                0x00443710                Game::creatureSay(Creature*, SpeakClasses, std::string const&)
                0x00420cb0                Game::onPrepareMoveThing(Player*, Position const&, Item const*, slots_t, int)
                0x00420070                Game::getTile(unsigned short, unsigned short, unsigned char)
                0x00427050                Game::removeThing(Player*, Position const&, Thing*, bool)
                0x0042a190                Game::addPlayerBuffer(Player*)
                0x00420f90                Game::onPrepareMoveThing(Player*, Item const*, slots_t, int)
                0x00448d00                Game::thingMove(Creature*, Thing*, unsigned short, unsigned short, unsigned char, unsigned char)
                0x004203e0                Game::onPrepareMoveThing(Creature*, Thing const*, Tile const*, Tile const*, int)
                0x00420e60                Game::onPrepareMoveThing(Player*, Container const*, Item const*, slots_t, Item const*, int)
                0x0043fe60                Game::placeCreature(Position&, Creature*, int*)
                0x00423b70                Game::getCreatureByName(std::string const&)
                0x00429160                GameState::GameState(Game*, Range const&)
                0x0042e6f0                Game::thingMoveInternal(Player*, unsigned char, unsigned char, unsigned short, bool, unsigned char, unsigned char, bool, unsigned char)
                0x00430d60                Game::thingMove(Player*, unsigned char, unsigned char, unsigned short, bool, unsigned char, unsigned char, bool, unsigned char)
                0x00424580                Game::getPlayerByID(unsigned long)
                0x00425ea0                Game::creatureBroadcastTileUpdated(Position const&)
                0x00437a80                Game::addEvent(SchedulerTask*)
                0x004460a0                Game::checkCreature(unsigned long)
                0x00422820                Game::vipLogout(std::string)
                0x00427d40                Game::creatureYell(Creature*, std::string&)
                0x00429010                GameState::GameState(Game*, Range const&)
                0x004380b0                Game::checkShutdown(int)
                0x0041fcb0                GameState::applyAmulets(Player*, int, attacktype_t)
                0x00423110                Game::creatureBroadcastMessage(Creature*, std::string const&)
                0x00448e60                Game::checkPlayerWalk(unsigned long)
                0x004246b0                Game::creatureSaySpell(Creature*, std::string const&)
                0x00443d30                Game::loadNpcs()
                0x00421780                Game::getMonstersOnline()
                0x00424540                Game::getCreatureByID(unsigned long)
                0x00438b20                Game::sheduleShutdown(int)
                0x00435840                Game::creatureSpeakTo(Creature*, SpeakClasses, std::string const&, std::string const&)
                0x00437860                Game::eventThread(void*)
                0x004269a0                Game::sendRemoveThing(Player*, Position const&, Thing const*, unsigned char, bool)
                0x00428b40                Game::changeOutfit(unsigned long, int)
                0x00449260                Game::useWand(Creature*, Creature*, int)
                0x004200e0                Game::onPrepareMoveThing(Creature*, Thing const*, Position const&, Position const&, int)
                0x00424160                Game::cmdThread(void*)
                0x0043f3d0                Game::Game()
                0x00438b40                Game::autoServerSave()
                0x0042a000                Game::resetCommandTag()
                0x00425490                Game::Skull(Player*)
                0x004261d0                Game::sendUpdateThing(Player*, Position const&, Thing const*, unsigned char)
                0x0042be30                Game::thingMoveInternal(Player*, Position const&, unsigned char, unsigned short, unsigned char, unsigned char, bool, unsigned char)
                0x0043dcb0                Game::checkSpawns(int)
                0x00439fb0                GameState::onAttack(Creature*, Position const&, Creature*)
                0x004215a0                Game::setMaxPlayers(unsigned int)
                0x0042ad10                Game::autoCloseTrade(Item const*, bool)
                0x00440420                Game::placeSummon(Player*, std::string const&)
                0x004267a0                Game::playerRotateItem(Player*, Position const&, unsigned char, unsigned short)
                0x00420030                Game::getGameState()
                0x004314e0                Game::LeaveParty(Player*)
                0x00434c70                Game::CreateDamageUpdate(Creature*, Creature*, int)
                0x00448b10                Game::thingMove(Creature*, unsigned short, unsigned short, unsigned char, unsigned char, unsigned short, unsigned short, unsigned short, unsigned char, unsigned char)
                0x00421790                Game::getNpcsOnline()
                0x00422a70                Game::vipLogin(Player*)
                0x0042d130                Game::thingMove(Player*, Position const&, unsigned char, unsigned short, unsigned char, unsigned char, bool, unsigned char)
                0x00420b10                Game::onPrepareMoveCreature(Creature*, Creature const*, Tile const*, Tile const*)
                0x00421760                Game::getLightLevel()
                0x00444370                Game::addCommandTag(std::string)
                0x00421230                Game::getThingMapPos(Player*, Position const&)
                0x00428230                Game::creatureWhisper(Creature*, std::string const&)
                0x00429460                Game::~Game()
                0x0044a3b0                Game::burstArrow(Creature*, Position const&)
                0x00428820                Game::creatureChangeOutfit(Creature*)
                0x0042d260                Game::thingMoveInternal(Player*, unsigned char, unsigned char, unsigned short, bool, Position const&, unsigned char)
                0x00421770                Game::getPlayersOnline()
                0x0043d7d0                Game::creatureOnPrepareMagicAttack(Creature*, Position, MagicEffectClass const*)
                0x00429350                Game::startDecay(Item*)
                0x00427790                Game::changeSpeed(unsigned long, unsigned short)
                0x00425230                Game::creatureChangeLight(Player*, int, unsigned char, unsigned char)
                0x00423230                Game::getPlayerByName(std::string const&)
                0x0042aab0                Game::playerCloseTrade(Player*)
                0x00429a30                Game::~Game()
                0x0042e5d0                Game::thingMove(Player*, unsigned char, unsigned char, unsigned short, bool, Position const&, unsigned char)
                0x00421680                Game::cleanMap()
                0x004213b0                Game::getThing(Position const&, unsigned char, Player*)
                0x00433720                Game::playerRequestTrade(Player*, Position const&, unsigned char, unsigned short, unsigned long)
                0x0042b810                Game::playerUseItemEx(Player*, Position const&, unsigned char, Position const&, unsigned char, unsigned short)
                0x0041fc60                GameState::isPvpArena(Creature*)
                0x0044abc0                Game::checkCreatureAttacking(unsigned long)
                0x00420010                Game::setWorldType(enum_world_type)
                0x0043e940                Game::Game()
                0x0042a030                Game::flushSendBuffers()
                0x00436070                GameState::onAttackedCreature(Tile*, Creature*, Creature*, int, bool)
                0x004469c0                Game::creatureThrowRune(Creature*, Position const&, MagicEffectClass const&)
                0x004217b0                Game::loadMap(std::string, std::string)
                0x0043e700                Game::changeOutfitAfter(unsigned long, int, long)
                0x00432000                Game::removeCreature(Creature*)
                0x00427230                Game::sendAddThing(Player*, Position const&, Thing const*)
                0x00420670                Game::onPrepareMoveThing(Player*, Item const*, slots_t, Container const*, Item const*, int)
                0x004245c0                Game::getPathTo(Creature*, Position, Position, bool)
                0x00427a60                Game::creatureMonsterYell(Monster*, std::string const&)
                0x0042ae20                Game::playerAcceptTrade(Player*)
                0x00420810                Game::onPrepareMoveThing(Player*, Position const&, Container const*, Item const*, Position const&, Container const*, Item const*, int)
                0x00421d80                Game::isPlayer(std::string)
                0x0042a2c0                Game::FreeThing(Thing*)
                0x0041fff0                Game::getTile(Position const&)
                0x0042b1c0                Game::playerUseBattleWindow(Player*, Position&, unsigned char, unsigned short, unsigned long)
                0x00428c30                Game::creatureTurn(Creature*, Direction)
                0x00439500                Game::teleport(Thing*, Position const&)
                0x00446b70                Game::creatureCastSpell(Creature*, Position const&, MagicEffectClass const&)
                0x0043da00                Game::playerAutoWalk(Player*, std::list<Direction, std::allocator<Direction> >&)
                0x0043bcd0                Game::creatureOnPrepareAttack(Creature*, Position)
                0x00440640                Game::checkSpell(Player*, SpeakClasses, std::string)
                0x00438e80                Game::playerSetAttackedCreature(Player*, unsigned long)
                0x0043df10                Game::checkDecay(int)
                0x0042a3c0                Game::addThing(Player*, Position const&, Thing*)
                0x00423800                Game::requestAddVip(Player*, std::string const&)
 .text          0x0044b290     0x5110 obj\guilds.o
                0x0044d0d0                Guilds::Guild::Guild(std::string)
                0x0044b2c0                Guilds::Guild::save(_xmlNode*)
                0x0044bcc0                Guilds::ReloadGuildInfo(Player*)
                0x0044b500                Guilds::Guild::reloadGuildInfo(Player*)
                0x0044c0b0                Guilds::SetGuildNick(std::string, std::string)
                0x0044c350                Guilds::SetGuildStatus(std::string, gstat_t)
                0x0044e2a0                Guilds::Guild::addMember(std::string, gstat_t, std::string, std::string)
                0x0044dfa0                Guilds::AddNewGuild(std::string)
                0x0044c870                Guilds::Save()
                0x0044c5d0                Guilds::GetGuildStatus(std::string)
                0x0044f950                Guilds::Guild::setGuildInfo(std::string, gstat_t, std::string)
                0x0044bb80                Guilds::Guild::setGuildStatus(std::string, gstat_t)
                0x0044bac0                Guilds::Guild::setGuildNick(std::string, std::string)
                0x0044d530                Guilds::Guild::clearGuildInfo(std::string)
                0x0044d300                Guilds::Guild::Guild(std::string)
                0x0044d900                Guilds::DeleteGuild(std::string)
                0x0044c6f0                Guilds::GetGuildName(std::string)
                0x0044d5e0                Guilds::ClearGuildInfo(std::string)
                0x0044bc20                Guilds::Guild::getGuildStatus(std::string) const
                0x0044e660                Guilds::Load()
                0x0044fd90                Guilds::SetGuildInfo(std::string, gstat_t, std::string, std::string)
                0x0044b290                Guilds::Guild::getName() const
 .text          0x004503a0     0xbde0 obj\houses.o
                0x00453550                House::getDescription() const
                0x00458550                House::setSubOwners(std::string)
                0x00450ed0                House::getGuests() const
                0x00451110                House::getDoorOwners(Position const&) const
                0x004504e0                Houses::LoadHouseItems(Game*)
                0x0045b820                Houses::AddHouseTile(Game*, House*, Position const&)
                0x004569d0                House::setDoorOwners(std::string, Position const&)
                0x00454e20                Houses::Save(Game*)
                0x00450d80                House::getSubOwners() const
                0x00451d10                House::getPlayerRights(Position const&, std::string)
                0x00452430                Houses::SaveHouseItems(Game*)
                0x00451e80                House::load()
                0x00451290                House::House(std::string)
                0x004503f0                Houses::LoadContainer(_xmlNode*, Container*)
                0x00453b60                House::save()
                0x00451020                House::getPlayerRights(std::string)
                0x0045a0b0                House::setOwner(std::string)
                0x004503a0                House::getOwner() const
                0x00454e70                House::setGuests(std::string)
                0x0045b900                Houses::Load(Game*)
                0x004503d0                House::getFrontDoor() const
                0x004517d0                House::House(std::string)
                0x00450850                Houses::SaveContainer(_xmlNode*, Container*)
 .text          0x0045c180       0xf0 obj\ioaccount.o
                0x0045c260                IOAccount::getPassword(unsigned long, std::string const&, std::string&)
                0x0045c180                IOAccount::instance()
                0x0045c240                IOAccount::loadAccount(unsigned long)
 .text          0x0045c270     0x2b30 obj\ioaccountxml.o
                0x0045c3b0                IOAccountXML::getPassword(unsigned long, std::string const&, std::string&)
                0x0045c270                IOAccountXML::IOAccountXML()
                0x0045c310                IOAccountXML::IOAccountXML()
                0x0045d9d0                IOAccountXML::loadAccount(unsigned long)
 .text          0x0045eda0     0x1760 obj\iomapbin.o
                0x00460260                IOMapBin::loadMap(Map*, std::string)
                0x0045eda0                IOMapBin::loadOTM(Map*)
 .text          0x00460500     0x2ab0 obj\iomapotbm.o
                0x004605a0                IOMapOTBM::unserializaItemNode(FileLoader*, unsigned long)
                0x00461690                IOMapOTBM::loadMap(Map*, std::string)
                0x00460500                IOMapOTBM::unserializaItemAttr(PropStream&)
 .text          0x00462fb0      0xc90 obj\iomapxml.o
                0x004630c0                IOMapXML::loadMap(Map*, std::string)
                0x00462fb0                IOMapXML::LoadContainer(_xmlNode*, Container*)
 .text          0x00463c40      0x180 obj\ioplayer.o
                0x00463d30                IOPlayer::getNameByGuid(unsigned long, std::string&)
                0x00463d20                IOPlayer::getGuidByName(unsigned long&, unsigned long&, std::string&)
                0x00463c40                IOPlayer::instance()
                0x00463d10                IOPlayer::savePlayer(Player*)
                0x00463d00                IOPlayer::loadPlayer(Player*, std::string)
 .text          0x00463dc0     0xc070 obj\ioplayerxml.o
                0x00464010                IOPlayerXML::SaveContainer(_xmlNode*, Container*)
                0x00463dc0                IOPlayerXML::IOPlayerXML()
                0x00466270                IOPlayerXML::loadPlayer(Player*, std::string)
                0x00463e60                IOPlayerXML::IOPlayerXML()
                0x00463f00                IOPlayerXML::LoadContainer(_xmlNode*, Container*)
                0x004645f0                IOPlayerXML::SaveVIP(Player*)
                0x00465440                IOPlayerXML::LoadVIP(Player*)
                0x00468f20                IOPlayerXML::savePlayer(Player*)
 .text          0x0046fe30     0x6b90 obj\item.o
                0x00471010                Item::getRWInfo() const
                0x00470d90                Item::floorChangeEast() const
                0x00470d60                Item::floorChangeSouth() const
                0x0046fe50                Item::isStackable() const
                0x00470690                Item::Item()
                0x00472570                Item::decay()
                0x00471ac0                Item::setSpecialDescription(std::string)
                0x00472230                Teleport::~Teleport()
                0x00470820                Item::canMovedTo(Tile const*) const
                0x00470130                Item::Item(Item const&)
                0x004705f0                Item::getDecayTime()
                0x00471040                Item::canDecay()
                0x00471c40                Item::~Item()
                0x004721e0                Teleport::~Teleport()
                0x004726a0                Item::getDescription(bool) const
                0x00471180                Item::removeGlimmer()
                0x004710e0                Item::setGlimmer()
                0x004719f0                Item::getSpecialDescription()
                0x00471c00                Item::getName() const
                0x004708b0                Item::isFluidContainer() const
                0x0046fef0                Item::Item(unsigned short)
                0x00470a00                Item::Item(unsigned short, unsigned short)
                0x00470dc0                Item::floorChangeWest() const
                0x0046fe30                Item::getID() const
                0x00470e50                Item::getWeaponType() const
                0x00470620                Item::rotate()
                0x00472210                Teleport::~Teleport()
                0x0046feb0                Item::setUniqueId(unsigned short)
                0x00470790                Item::isPickupable() const
                0x00471540                Teleport::unserialize(_xmlNode*)
                0x00471e20                Item::~Item()
                0x00472650                Teleport::Teleport(unsigned short)
                0x00470d30                Item::floorChangeNorth() const
                0x004722a0                Item::CreateItem(unsigned short, unsigned short)
                0x004716c0                Item::clearText()
                0x00471790                Item::setText(std::string)
                0x00471920                Item::clearSpecialDescription()
                0x00470710                Item::Item()
                0x004707f0                Item::isBlocking() const
                0x004708e0                Item::isAlwaysOnTop() const
                0x00470940                Item::isSplash() const
                0x0046fea0                Item::getActionId() const
                0x00470010                Item::Item(unsigned short)
                0x00470e80                Item::getAmuType() const
                0x00470b30                Item::Item(unsigned short, unsigned short)
                0x00470c60                Item::getItemCountOrSubtype() const
                0x0046fe40                Item::setID(unsigned short)
                0x00471070                Item::getWorth() const
                0x00470970                Item::setItemCountOrSubtype(unsigned char)
                0x00470390                Item::Item(Item const&)
                0x004715f0                Item::getText()
                0x00471220                Item::unserialize(_xmlNode*)
                0x00470df0                Item::isWeapon() const
                0x00472000                Item::~Item()
                0x00470cd0                Item::isUseable() const
                0x00470d00                Item::floorChangeDown() const
                0x00470ee0                Item::getAttack() const
                0x0046fe80                Item::setActionId(unsigned short)
                0x00470f70                Item::getSlotPosition() const
                0x00475840                Teleport::serialize()
                0x00472250                Teleport::Teleport(unsigned short)
                0x00470f40                Item::getDefense() const
                0x00470fa0                Item::getWeight() const
                0x00470f10                Item::getArmor() const
                0x004744c0                Item::serialize()
                0x004707c0                Item::isNotMoveable() const
                0x00470910                Item::isGroundTile() const
                0x00470eb0                Item::getSubfightType() const
                0x0046fee0                Item::getUniqueId() const
 .text          0x004769c0      0x250 obj\itemloader.o
                0x004769c0                ItemLoader::setProps(unsigned char, void*, unsigned short)
                0x00476b70                ItemLoader::setFlags(unsigned long)
 .text          0x00476c10     0x1eb0 obj\items.o
                0x00476c10                ItemType::isGroundTile() const
                0x00476fb0                ItemType::ItemType()
                0x00476c50                ItemType::isTeleport() const
                0x004779f0                Items::reverseLookUp(unsigned long)
                0x004770b0                ItemType::ItemType()
                0x004788e0                Items::Items()
                0x00478780                Items::Items()
                0x00476c70                ItemType::isMagicField() const
                0x00476cb0                ItemType::isSplash() const
                0x00477870                Items::~Items()
                0x00476e50                ItemType::~ItemType()
                0x00476cf0                ItemType::~ItemType()
                0x004771b0                Items::operator[](int)
                0x004776f0                Items::~Items()
                0x00477230                Items::loadXMLInfos(std::string)
                0x00476c90                ItemType::isKey() const
                0x00476c30                ItemType::isContainer() const
                0x00477a60                Items::loadFromOtb(std::string)
                0x00476cd0                ItemType::isFluidContainer() const
 .text          0x00478ac0      0x440 obj\logger.o
                0x00478ae0                Logger::getInstance()
                0x00478b10                Logger::logMessage(std::string, eLogType, int, std::string, std::string, int, std::string)
                0x00478ac0                Logger::Logger()
                0x00478ad0                Logger::Logger()
 .text          0x00478f00     0x1820 obj\loginqueue.o
                0x00479010                LoginQueue::save()
                0x0047a620                LoginQueue::login(int, int, int, int*)
                0x00479db0                LoginQueue::load()
                0x00478f90                LoginQueue::removeDeadEntries()
                0x0047a570                LoginQueue::push(int)
                0x00478f00                LoginQueue::findAccount(int, int*, int*)
                0x00479c50                LoginQueue::show()
 .text          0x0047a720     0x8720 obj\luascript.o
                0x0047ac30                LuaScript::getGlobalString(std::string, std::string const&)
                0x0047a820                LuaScript::getField(lua_State*, char const*)
                0x0047a730                LuaScript::getField(char const*)
                0x0047a7c0                LuaScript::setField(char const*, int)
                0x0047a8e0                LuaScript::setGlobalNumber(std::string, int)
                0x0047a950                LuaScript::getGlobalNumber(std::string, int)
                0x00482d00                LuaScript::LuaScript()
                0x00482440                LuaScript::~LuaScript()
                0x004828a0                LuaScript::~LuaScript()
                0x0047aa10                LuaScript::getGlobalStringField(std::string, int, std::string const&)
                0x0047a720                LuaScript::setGlobalString(std::string, std::string)
                0x00482d60                LuaScript::LuaScript()
                0x0047a890                LuaScript::setField(lua_State*, char const*, int)
                0x0047ae40                LuaScript::OpenFile(char const*)
 .text          0x00482e40     0x2580 obj\magic.o
                0x00483360                MagicEffectTargetClass::MagicEffectTargetClass()
                0x004834d0                MagicEffectTargetCreatureCondition::MagicEffectTargetCreatureCondition(unsigned long)
                0x00483760                MagicEffectTargetGroundClass::~MagicEffectTargetGroundClass()
                0x00482f10                MagicEffectClass::causeExhaustion(bool) const
                0x00484280                MagicEffectAreaGroundClass::~MagicEffectAreaGroundClass()
                0x00483bc0                MagicEffectAreaGroundClass::getDamage(Creature*, Creature const*) const
                0x004840b0                MagicEffectTargetExClass::MagicEffectTargetExClass(std::vector<CreatureCondition, std::allocator<CreatureCondition> > const&)
                0x004832f0                MagicEffectClass::FailedToCast(Player*, Creature const*, bool, bool) const
                0x00482f20                MagicEffectClass::getDamage(Creature*, Creature const*) const
                0x00484720                MagicEffectAreaGroundClass::MagicEffectAreaGroundClass(MagicEffectItem*)
                0x00483960                MagicEffectTargetGroundClass::FailedToCast(Player*, Creature const*, bool, bool) const
                0x00483420                MagicEffectTargetClass::getDistanceShoot(Player*, Creature const*, Position const&, bool) const
                0x00484960                MagicEffectAreaExClass::MagicEffectAreaExClass(std::vector<CreatureCondition, std::allocator<CreatureCondition> > const&)
                0x00483a50                MagicEffectTargetGroundClass::getMagicEffect(Player*, Creature const*, Creature const*, Position const&, int, bool, bool) const
                0x00484ea0                MagicEffectItem::decay()
                0x00483b00                MagicEffectAreaClass::getMagicEffect(Player*, Creature const*, Creature const*, Position const&, int, bool, bool) const
                0x00483e70                MagicEffectItem::getDamage(Creature*, Creature const*) const
                0x004835b0                MagicEffectTargetCreatureCondition::getMagicEffect(Player*, Creature const*, Creature const*, Position const&, int, bool, bool) const
                0x00483530                MagicEffectTargetCreatureCondition::getDamage(Creature*, Creature const*) const
                0x00485150                MagicEffectItem::MagicEffectItem(std::map<unsigned short, std::pair<long, std::vector<CreatureCondition, std::allocator<CreatureCondition> > >, std::less<unsigned short>, std::allocator<std::pair<unsigned short const, std::pair<long, std::vector<CreatureCondition, std::allocator<CreatureCondition> > > > > > const&)
                0x00484f10                MagicEffectItem::transform(MagicEffectItem const*)
                0x00482f00                MagicEffectClass::isIndirect() const
                0x00484d10                MagicEffectClass::getArea(Position const&, std::vector<Position, std::allocator<Position> >&) const
                0x00483680                MagicEffectTargetGroundClass::MagicEffectTargetGroundClass(MagicEffectItem*)
                0x004830c0                MagicEffectClass::getMagicEffect(Player*, Creature const*, Creature const*, Position const&, int, bool, bool) const
                0x00484d60                MagicEffectItem::buildCondition()
                0x00483230                MagicEffectClass::getDistanceShoot(Player*, Creature const*, Position const&, bool) const
                0x004846a0                MagicEffectAreaClass::MagicEffectAreaClass()
                0x004832e0                MagicEffectClass::canCast(bool, bool) const
                0x004832d0                MagicEffectClass::getMagicItem(Creature const*, bool, bool) const
                0x00483d70                MagicEffectAreaExClass::getDamage(Creature*, Creature const*) const
                0x00483e40                MagicEffectItem::getCondition() const
                0x004843e0                MagicEffectAreaGroundClass::~MagicEffectAreaGroundClass()
                0x00483a60                MagicEffectTargetGroundClass::getDistanceShoot(Player*, Creature const*, Position const&, bool) const
                0x00483c30                MagicEffectAreaGroundClass::getMagicItem(Creature const*, bool, bool) const
                0x00484b40                MagicEffectAreaClass::getArea(Position const&, std::vector<Position, std::allocator<Position> >&) const
                0x00483810                MagicEffectTargetGroundClass::~MagicEffectTargetGroundClass()
                0x004846e0                MagicEffectAreaClass::MagicEffectAreaClass()
                0x00483380                MagicEffectTargetClass::getMagicEffect(Player*, Creature const*, Creature const*, Position const&, int, bool, bool) const
                0x00484540                MagicEffectAreaGroundClass::~MagicEffectAreaGroundClass()
                0x004836b0                MagicEffectTargetGroundClass::~MagicEffectTargetGroundClass()
                0x00484750                MagicEffectAreaGroundClass::MagicEffectAreaGroundClass(MagicEffectItem*)
                0x00484780                MagicEffectAreaExClass::MagicEffectAreaExClass(std::vector<CreatureCondition, std::allocator<CreatureCondition> > const&)
                0x00482eb0                MagicEffectClass::MagicEffectClass()
                0x00482e90                MagicEffectTargetClass::MagicEffectTargetClass()
                0x00483500                MagicEffectTargetCreatureCondition::MagicEffectTargetCreatureCondition(unsigned long)
                0x00484230                MagicEffectItem::getDecayTime()
                0x00483f30                MagicEffectTargetExClass::MagicEffectTargetExClass(std::vector<CreatureCondition, std::allocator<CreatureCondition> > const&)
                0x00483c70                MagicEffectTargetExClass::getDamage(Creature*, Creature const*) const
                0x00484f60                MagicEffectItem::MagicEffectItem(std::map<unsigned short, std::pair<long, std::vector<CreatureCondition, std::allocator<CreatureCondition> > >, std::less<unsigned short>, std::allocator<std::pair<unsigned short const, std::pair<long, std::vector<CreatureCondition, std::allocator<CreatureCondition> > > > > > const&)
                0x004838c0                MagicEffectTargetGroundClass::getMagicItem(Creature const*, bool, bool) const
                0x00482e40                MagicEffectClass::MagicEffectClass()
                0x00483650                MagicEffectTargetGroundClass::MagicEffectTargetGroundClass(MagicEffectItem*)
                0x00483900                MagicEffectTargetGroundClass::canCast(bool, bool) const
 .text          0x004853c0     0x1f80 obj\map.o
                0x00485410                AStarNodes::AStarNodes()
                0x00487090                Map::setTile(unsigned short, unsigned short, unsigned char)
                0x00486380                AStarNodes::countOpenNodes()
                0x00486c50                Map::getPathTo(Creature*, Position, Position, bool, bool, int)
                0x00487210                Map::setTile(unsigned short, unsigned short, unsigned char, unsigned short)
                0x004857c0                Map::getTile(unsigned short, unsigned short, unsigned char)
                0x00486730                Map::~Map()
                0x00485ba0                Map::removeCreature(Creature*)
                0x004865d0                Map::~Map()
                0x00486440                AStarNodes::closeNode(AStarNode*)
                0x004869d0                Map::Map()
                0x00486890                Map::Map()
                0x00486b10                Map::getSpectators(Range const&, std::list<Creature*, std::allocator<Creature*> >&)
                0x004864a0                AStarNodes::getBestNode()
                0x00486350                Map::getTile(Position const&)
                0x00485460                AStarNodes::AStarNodes()
                0x004853c0                AStarNodes::isInList(unsigned long, unsigned long)
                0x00485860                Map::isPathValid(Creature*, std::list<Position, std::allocator<Position> > const&, int, bool)
                0x004863e0                AStarNodes::countClosedNodes()
                0x00485940                Map::canThrowObjectTo(Position, Position, int)
                0x00486570                AStarNodes::createOpenNode()
                0x00485c00                Map::placeCreature(Position&, Creature*)
                0x00485730                Map::clean()
                0x004854b0                Map::loadMap(std::string, std::string)
 .text          0x00487340      0xab0 obj\md5.o
                0x00487d30                MD5Final(MD5_CTX*)
                0x00487c00                MD5Init(MD5_CTX*, unsigned long)
                0x00487c70                MD5Update(MD5_CTX*, unsigned char const*, unsigned int)
 .text          0x00487df0     0x62a0 obj\monster.o
                0x0048d190                Monster::onThingAppear(Thing const*)
                0x0048adf0                Monster::setMaster(Creature*)
                0x0048b650                Monster::calcMovePosition()
                0x0048b9f0                Monster::getDescription(bool) const
                0x0048d070                Monster::onCreatureEnter(Creature const*, bool)
                0x00488d80                Monster::~Monster()
                0x00489ff0                Monster::selectTarget(Creature const*, bool)
                0x00488870                Monster::canMoveTo(unsigned short, unsigned short, unsigned char)
                0x00487fc0                Monster::getLostExperience()
                0x0048a7d0                Monster::getCloseCombatPosition(Position const&, Position&)
                0x00488930                Monster::doMoveTo(int, int)
                0x00488e00                Monster::Monster(MonsterType*, Game*)
                0x00487ef0                Monster::isCreatureAttackable(Creature const*)
                0x00488f40                Monster::createMonster(std::string const&, Game*)
                0x00487ee0                Monster::getName() const
                0x00487e80                Monster::isPushable() const
                0x00489180                Monster::startThink()
                0x0048ad70                Monster::setAttackedCreature(Creature const*)
                0x00487e60                Monster::getDefense() const
                0x00488030                Monster::validateDistanceAttack(Creature const*)
                0x00489550                Monster::doAttacks(Creature*, monstermode_t)
                0x00489d00                Monster::onAttack()
                0x004885c0                Monster::monsterMoveItem(Item*, int)
                0x004888f0                Monster::setUpdateMovePos()
                0x00487df0                Monster::getRandom()
                0x0048ae90                Monster::getDistancePosition(Position const&, int const&, bool, Position&)
                0x0048ddd0                Monster::onThingDisappear(Thing const*, unsigned char)
                0x004882b0                Monster::getTargetDistance()
                0x00488c40                Monster::stopThink()
                0x00488d40                Monster::~Monster()
                0x00489040                Monster::Monster(MonsterType*, Game*)
                0x00488160                Monster::validateDistanceAttack(Position const&)
                0x00488550                Monster::getWeaponDamage() const
                0x0048d130                Monster::onCreatureAppear(Creature const*)
                0x00488dc0                Monster::~Monster()
                0x00487ff0                Monster::isInRange(Position const&)
                0x0048dd40                Monster::onThingMove(Creature const*, Thing const*, Position const*, unsigned char, unsigned char, unsigned char)
                0x00487e40                Monster::getArmor() const
                0x0048d2a0                Monster::onThink(int&)
                0x0048d230                Monster::onThingTransform(Thing const*, int)
                0x0048da40                Monster::onCreatureMove(Creature const*, Position const*)
                0x00488580                Monster::dropLoot(Container*)
                0x0048d990                Monster::onCreatureLeave(Creature const*)
                0x004882d0                Monster::updateLookDirection()
                0x0048ac00                Monster::isCreatureReachable(Creature const*)
                0x0048dcb0                Monster::onTeleport(Creature const*, Position const*, unsigned char)
                0x00488270                Monster::getCurrentDistanceToTarget(Position const&)
                0x0048a0d0                Monster::getRandomPosition(Position const&, Position&)
                0x0048de50                Monster::onCreatureDisappear(Creature const*, unsigned char, bool)
                0x0048c4c0                Monster::findTarget(long, bool&, Creature const*)
                0x0048c980                Monster::reThink(bool)
 .text          0x0048e090     0x6440 obj\monsters.o
                0x0048e2e0                Monsters::Monsters()
                0x0048e340                Monsters::Monsters()
                0x0048ef30                MonsterType::~MonsterType()
                0x00490060                Monsters::loadLootItem(_xmlNode*, LootBlock&)
                0x00494420                Monsters::reload()
                0x0048ed20                Monsters::~Monsters()
                0x0048eb10                Monsters::~Monsters()
                0x0048e3a0                Monsters::getIdByName(std::string const&)
                0x0048f3f0                MonsterType::reset()
                0x0048e1e0                MonsterType::createLoot(Container*)
                0x00490310                Monsters::loadMonster(std::string const&, std::string const&, bool)
                0x0048e090                MonsterType::createLootItem(LootBlock const&)
                0x004935c0                Monsters::loadFromXml(std::string const&, bool)
                0x0048e650                MonsterType::~MonsterType()
                0x0048e120                MonsterType::createLootContainer(Container*, LootBlock const&)
                0x0048f9a0                MonsterType::MonsterType()
                0x0048f5e0                MonsterType::MonsterType()
                0x0048e2b0                Monsters::getMonsterType(unsigned long)
                0x0048fd60                Monsters::loadLootContainer(_xmlNode*, LootBlock&)
 .text          0x004944d0      0x960 obj\networkmessage.o
                0x004948f0                NetworkMessage::AddU32(unsigned int)
                0x00494550                NetworkMessage::ReadFromSocket(unsigned int)
                0x004948c0                NetworkMessage::AddU16(unsigned short)
                0x004944d0                NetworkMessage::Reset()
                0x004944f0                NetworkMessage::NetworkMessage()
                0x004947d0                NetworkMessage::GetU32()
                0x00494b20                NetworkMessage::AddItemId(Item const*)
                0x00494930                NetworkMessage::AddString(char const*)
                0x00494890                NetworkMessage::AddByte(unsigned char)
                0x00494750                NetworkMessage::GetByte()
                0x00494b60                NetworkMessage::JoinMessages(NetworkMessage&)
                0x00494770                NetworkMessage::GetU16()
                0x00494be0                NetworkMessage::GetRaw()
                0x00494500                NetworkMessage::NetworkMessage()
                0x00494810                NetworkMessage::GetPosition()
                0x00494a00                NetworkMessage::AddItem(unsigned short, unsigned char)
                0x004947a0                NetworkMessage::GetItemId()
                0x004949b0                NetworkMessage::AddPosition(Position const&)
                0x00494cc0                NetworkMessage::GetString()
                0x00494520                NetworkMessage::~NetworkMessage()
                0x00494a90                NetworkMessage::AddItem(Item const*)
                0x00494870                NetworkMessage::SkipBytes(int)
                0x00494bc0                NetworkMessage::AddString(std::string const&)
                0x00494530                NetworkMessage::~NetworkMessage()
                0x00494630                NetworkMessage::WriteToSocket(unsigned int)
                0x00494510                NetworkMessage::~NetworkMessage()
 .text          0x00494e30     0xb1c0 obj\npc.o
                0x00496df0                NpcScript::luaSetPlayerGuildNick(lua_State*)
                0x00495cd0                NpcScript::luaPayMoney(lua_State*)
                0x00496910                NpcScript::onCreatureDisappear(int)
                0x00495de0                NpcScript::luaGetPlayerStorageValue(lua_State*)
                0x004982f0                NpcScript::luaFoundNewGuild(lua_State*)
                0x00499ba0                NpcScript::luaLearnSpell(lua_State*)
                0x00495060                Npc::doAttack(int)
                0x00497b60                NpcScript::luaGetPlayerGuildName(lua_State*)
                0x0049bcc0                Npc::~Npc()
                0x00496000                NpcScript::luaPlayerRemoveItem(lua_State*)
                0x00499710                NpcScript::luaActionSay(lua_State*)
                0x00495b90                NpcScript::luaSelfGetPos(lua_State*)
                0x00495f00                NpcScript::luaSetPlayerStorageValue(lua_State*)
                0x00496720                NpcScript::onCreatureSay(int, SpeakClasses, std::string const&)
                0x00496c60                NpcScript::onThink()
                0x00495ac0                NpcScript::luaCreatureGetPos(lua_State*)
                0x00496120                NpcScript::luaSetPlayerMasterPos(lua_State*)
                0x004963e0                NpcScript::luaGetPlayerVocation(lua_State*)
                0x004991f0                NpcScript::luaBuyItem(lua_State*)
                0x00495c60                NpcScript::luaActionAttackCreature(lua_State*)
                0x004984e0                NpcScript::luaGetPlayerLevel(lua_State*)
                0x0049bf30                Npc::~Npc()
                0x0049d9b0                Npc::Npc(std::string const&, Game*)
                0x00495070                Npc::doMove(int)
                0x00496310                NpcScript::luaSetPlayerVocation(lua_State*)
                0x00495a50                NpcScript::getNpc(lua_State*)
                0x0049ba50                Npc::~Npc()
                0x004966a0                NpcScript::luaCreatureGetName(lua_State*)
                0x00496ab0                NpcScript::onCreatureAppear(unsigned long)
                0x0049f500                NpcScript::luaActionMoveTo(lua_State*)
                0x004964c0                NpcScript::luaIsPromoted(lua_State*)
                0x00494e40                Npc::onCreatureAppear(Creature const*)
                0x00494e30                Npc::onThingMove(Player const*, Thing const*, Position const*, unsigned char, unsigned char, unsigned char)
                0x0049f680                Npc::getDescription(bool) const
                0x00494fd0                Npc::onThink(int&)
                0x00494e70                Npc::onCreatureDisappear(Creature const*, unsigned char, bool)
                0x00494ea0                Npc::onThingDisappear(Thing const*, unsigned char)
                0x00497260                NpcScript::luaClearPlayerGuild(lua_State*)
                0x0049c1a0                Npc::Npc(std::string const&, Game*)
                0x00494f00                Npc::onThingAppear(Thing const*)
                0x00494fc0                Npc::onCreatureChangeOutfit(Creature const*)
                0x0049a970                NpcScript::NpcScript(std::string, Npc*)
                0x004999a0                NpcScript::luaCreatureGetName2(lua_State*)
                0x00497570                NpcScript::luaSetPlayerGuild(lua_State*)
                0x00497e00                NpcScript::luaSetPlayerGuildStatus(lua_State*)
                0x0049f1c0                Npc::doMoveTo(Position)
                0x0049b1e0                NpcScript::NpcScript(std::string, Npc*)
                0x00495bf0                NpcScript::luaActionMove(lua_State*)
                0x00498150                NpcScript::luaGetPlayerGuildStatus(lua_State*)
                0x00494f60                Npc::onCreatureTurn(Creature const*, unsigned char)
                0x00498cd0                NpcScript::luaSellItem(lua_State*)
                0x00498700                NpcScript::luaBuyCont(lua_State*)
                0x00495140                NpcScript::registerFunctions()
                0x00495000                Npc::doSay(std::string)
                0x004965c0                NpcScript::luaIsPremium(lua_State*)
                0x00494f70                Npc::onCreatureSay(Creature const*, SpeakClasses, std::string const&)
 .text          0x0049fff0     0x9f10 obj\otserv.o
                0x004a0050                isclientBanished(unsigned int)
                0x004a0290                passwordTest(std::string&, std::string&)
                0x004a14f0                ConnectionHandler(void*)
                0x004a00d0                cFunc(std::string)
                0x004a0fb0                MakeRejectMessage(int)
                0x0049fff0                ErrorMessage(char const*)
                0x004a30a0                main
 .text          0x004a9f00    0x101b0 obj\player.o
                0x004ad9b0                Player::getReqMana(int, playervoc_t)
                0x004ab5e0                Player::sendTextWindow(Item*, unsigned short, bool)
                0x004b6260                Player::addManaSpent(unsigned long)
                0x004aa290                Player::onItemRemoveContainer(Container const*, unsigned char)
                0x004ab8e0                Player::onThingAppear(Thing const*)
                0x004ac440                Player::getContainerItem(Container*, int, int)
                0x004ab4b0                Player::sendTextMessage(MessageClasses, char const*, Position const&, unsigned char) const
                0x004afd40                Player::~Player()
                0x004ad470                Player::getExpForNextLevel()
                0x004afc90                Player::getDepot(unsigned long)
                0x004ad660                Player::isRookie() const
                0x004af7f0                Player::onThingMove(Creature const*, Position const&, int, Item const*, int, slots_t, Item const*, int, int)
                0x004ad150                Player::removeCoins(long)
                0x004ad550                Player::checkSkull(int)
                0x004aa360                Player::removeItemInventory(int, bool)
                0x004ab980                Player::onItemAddContainer(Container const*, Item const*)
                0x004ab370                Player::setAcceptTrade(bool)
                0x004aa7e0                Player::substractMoneyItem(Item*, unsigned long)
                0x004b4ad0                Player::closeContainer(unsigned char)
                0x004ab920                Player::onThingDisappear(Thing const*, unsigned char)
                0x004aba50                Player::onTeleport(Creature const*, Position const*, unsigned char)
                0x004b4000                Player::addDeath(std::string const&, int, long)
                0x004b4420                Player::substractMoney(unsigned long)
                0x004ab420                Player::sendCancelAttacking()
                0x004ae0d0                Player::sendHouseWindow(House*, Position const&, rights_t)
                0x004ad3e0                Player::checkAfk(int)
                0x004aba10                Player::onThink(int&)
                0x004ad7e0                Player::checkLightItem(int)
                0x004aa300                Player::updateInventoryWeigth()
                0x004b4bf0                Player::addDepot(Container*, unsigned long)
                0x004ad3c0                Player::notAfk()
                0x004ab810                Player::onThingMove(Creature const*, Container const*, unsigned char, Item const*, int, Position const&, Item const*, int, int)
                0x004afa60                Player::onThingMove(Creature const*, slots_t, Item const*, int, slots_t, Item const*, int, int)
                0x004ab9d0                Player::onCreatureSay(Creature const*, SpeakClasses, std::string const&)
                0x004adb00                Player::sendStats()
                0x004b6a60                Player::addSkillTryInternal(int, int)
                0x004af390                Player::sendIcons()
                0x004ad8a0                Player::checkPremium(int)
                0x004b4c90                Player::die()
                0x004ab5c0                Player::sendCloseTrade()
                0x004b1270                Player::~Player()
                0x004ad690                Player::setVocation(playervoc_t)
                0x004ab830                Player::onThingMove(Creature const*, Position const&, int, Item const*, int, Container const*, unsigned char, Item const*, int, int)
                0x004ab3f0                Player::sendToChannel(Creature*, SpeakClasses, std::string const&, unsigned short)
                0x004ac1e0                Player::getContainerCoins(Container*, unsigned long)
                0x004ab490                Player::flushMsg()
                0x004ae060                Player::getContainer(unsigned char)
                0x004ad610                Player::onSkull(Player*)
                0x004ab650                Player::NeedUpdateStats()
                0x004b8370                Player::receiveHouseWindow(std::string)
                0x004aeef0                Player::notifyLogOut(Player*)
                0x004ab610                Player::sendCloseContainer(unsigned char)
                0x004b9db0                Player::learnSpell(std::string const&)
                0x004ab560                Player::sendMagicEffect(Position const&, unsigned char)
                0x004aafc0                Player::getSubFightType()
                0x004af550                Player::checkRing(int)
                0x004ad630                Player::onPartyIcons(Player const*, int, bool, bool)
                0x004b7410                Player::addSkillShieldTry(int)
                0x004acea0                Player::removeContainerCoins(Container*, long)
                0x004b7750                Player::getDescription(bool) const
                0x004ab4e0                Player::sendPing()
                0x004ab900                Player::onThingTransform(Thing const*, int)
                0x004b2850                Player::Player(std::string const&, Protocol*)
                0x004ab450                Player::sendCancelWalk() const
                0x004ab330                Player::CanSee(int, int, int) const
                0x004b4310                Player::addVIP(unsigned long, std::string&, bool, bool)
                0x004ab000                Player::getFightType()
                0x004b39e0                Player::removeItem(unsigned short, long)
                0x004ae090                Player::getContainerID(Container const*) const
                0x004aadd0                Player::dropLoot(Container*)
                0x004aba30                Player::onTileUpdated(Position const&)
                0x004abae0                Player::preSave()
                0x004aa2b0                Player::sendInventory(unsigned char)
                0x004ad920                Player::sendPlayerLightLevel(Player*)
                0x004aaab0                Player::removeItem(Item*, bool)
                0x004aa990                Player::internalRemoveItemContainer(Container*, Item*, bool)
                0x004ae7a0                Player::sendAnimatedText(Position const&, unsigned char, std::string)
                0x004b5870                Player::addExp(long long)
                0x004aaf00                Player::GetDistWeapon() const
                0x004b3710                Player::getMoney()
                0x004ab630                Player::sendContainer(unsigned char, Container*)
                0x004aecc0                Player::sendVipLogin(std::string)
                0x004ab780                Player::onThingMove(Creature const*, Thing const*, Position const*, unsigned char, unsigned char, unsigned char)
                0x004aab60                Player::getReqSkillTries(int, int, playervoc_t)
                0x004aa550                Player::getFreeSlot(Container**, unsigned char&, Item const*)
                0x004b1d00                Player::Player(std::string const&, Protocol*)
                0x004aacd0                Player::getPlayerInfo(playerinfo_t) const
                0x004abac0                Player::getIP() const
                0x004adad0                Player::getManaForNextMLevel()
                0x004af140                Player::notifyLogIn(Player*)
                0x004aa680                Player::addItem(Item*, bool)
                0x004ac950                Player::TLMaddItem(int, unsigned char)
                0x004abf40                Player::gainHealthTick()
                0x004aa4b0                Player::getFreeContainerSlot(Container*)
                0x004ab850                Player::onCreatureAppear(Creature const*)
                0x004b8240                Player::addContainer(unsigned char, Container*)
                0x004aa2e0                Player::onItemUpdateContainer(Container const*, Item const*, unsigned char)
                0x004afc30                Player::getStorageValue(unsigned long, long&) const
                0x004aeae0                Player::sendVipLogout(std::string)
                0x004ac340                Player::getCoins(unsigned long)
                0x004a9f50                Player::getItem(int) const
                0x004b4b20                Player::removeList()
                0x004afb60                Player::onThingMove(Creature const*, slots_t, Item const*, int, Container const*, unsigned char, Item const*, int, int)
                0x004abc80                Player::kickPlayer()
                0x004aadb0                Player::getLookCorpse()
                0x004ab5a0                Player::sendTradeItemRequest(Player const*, Item const*, bool)
                0x004adff0                Player::setGuildInfo(gstat_t, unsigned long, std::string, std::string, std::string)
                0x004ab7e0                Player::onThingMove(Creature const*, Container const*, unsigned char, Item const*, int, Container*, unsigned char, Item const*, int, int)
                0x004ab890                Player::onCreatureDisappear(Creature const*, unsigned char, bool)
                0x004aa030                Player::getArmor() const
                0x004abca0                Player::gainManaTick()
                0x004af990                Player::onThingMove(Creature const*, Container const*, unsigned char, Item const*, int, slots_t, Item const*, int, int)
                0x004ab470                Player::sendTextMessage(MessageClasses, char const*) const
                0x004af8d0                Player::onThingMove(Creature const*, slots_t, Item const*, int, Position const&, Item const*, int, int)
                0x004ab070                Player::getWeaponDamage() const
                0x004ad940                Player::getWandId() const
                0x004ac640                Player::removeContainerItem(Container*, int, int)
                0x004aa110                Player::getDefense() const
                0x004ad760                Player::isUsingBurstArrows() const
                0x004acda0                Player::payBack(unsigned long)
                0x004ab9a0                Player::onCreatureTurn(Creature const*, unsigned char)
                0x004ae910                Player::getSkillName(int)
                0x004af720                Player::checkBoh()
                0x004a9f70                Player::getSkill(skills_t, skillsid_t) const
                0x004b33a0                Player::getItemCount(unsigned short)
                0x004ad8d0                Player::sendWorldLightLevel(unsigned char, unsigned char)
                0x004b07e0                Player::~Player()
                0x004ab9f0                Player::onCreatureChangeOutfit(Creature const*)
                0x004ab3d0                Player::sendChangeSpeed(Creature*)
                0x004b82d0                Player::addList()
                0x004ab520                Player::receivePing()
                0x004ab960                Player::onThingRemove(Thing const*)
                0x004ac800                Player::removeItem(int, int)
                0x004aa400                Player::addItemInventory(Item*, int, bool)
                0x004b7490                Player::addSkillTry(int)
                0x004aeea0                Player::knowsSpell(std::string const&) const
                0x004ab3b0                Player::sendCancel(char const*) const
                0x004b4b80                Player::addStorageValue(unsigned long, long)
                0x004a9f00                Player::isPushable() const
                0x004afcd0                Player::removeVIP(unsigned long)
                0x004aad30                Player::isHoldingContainer(Container const*) const
                0x004ab580                Player::sendCreatureHealth(Creature const*)
                0x004ab540                Player::sendDistanceShoot(Position const&, Position const&, unsigned char)
                0x004ac570                Player::getItem(int, int)
 .text          0x004ba0b0      0x2f0 obj\position.o
                0x004ba0b0                operator<<(std::ostream&, Direction const&)
                0x004ba130                operator<<(std::ostream&, Position const&)
 .text          0x004ba3a0      0x2c0 obj\protocol.o
                0x004ba3c0                Protocol::Protocol()
                0x004ba3e0                Protocol::~Protocol()
                0x004ba560                Protocol::sleepTillMove()
                0x004ba4a0                Protocol::~Protocol()
                0x004ba540                Protocol::setPlayer(Player*)
                0x004ba500                Protocol::getIP() const
                0x004ba3a0                Protocol::Protocol()
                0x004ba440                Protocol::~Protocol()
 .text          0x004ba660    0x13df0 obj\protocol76.o
                0x004ba6e0                Protocol76::parseGetChannels(NetworkMessage&)
                0x004bf330                Protocol76::sendOpenPriv(std::string const&)
                0x004bf5c0                Protocol76::sendPlayerLightLevel(Player const*)
                0x004c3a60                Protocol76::sendThingAppear(Thing const*)
                0x004c18b0                Protocol76::parseAddVip(NetworkMessage&)
                0x004cb6d0                Protocol76::sendThingRemove(Thing const*)
                0x004bc0b0                Protocol76::AddPlayerSkills(NetworkMessage&, Player const*)
                0x004bbd80                Protocol76::AddAnimatedText(NetworkMessage&, Position const&, unsigned char, std::string)
                0x004baf50                Protocol76::parseTurnNorth(NetworkMessage&)
                0x004c2500                Protocol76::parseOpenPriv(NetworkMessage&)
                0x004cb530                Protocol76::autoCloseContainers(Container const*, NetworkMessage&)
                0x004be3d0                Protocol76::sendTileUpdated(Position const&)
                0x004bb240                Protocol76::parseBattleWindow(NetworkMessage&)
                0x004bb580                Protocol76::parseThrow(NetworkMessage&)
                0x004bec90                Protocol76::sendStats()
                0x004c2820                Protocol76::parseOpenChannel(NetworkMessage&)
                0x004bc7e0                Protocol76::flushOutputBuffer()
                0x004bab60                Protocol76::parseMoveNorthEast(NetworkMessage&)
                0x004bd150                Protocol76::sendCreatureHealth(Creature const*)
                0x004c1660                Protocol76::sendCreatureSay(Creature const*, SpeakClasses, std::string const&)
                0x004bd520                Protocol76::sendPing()
                0x004bbd30                Protocol76::AddTextMessage(NetworkMessage&, MessageClasses, char const*)
                0x004bdb50                Protocol76::sendCancelWalk()
                0x004ba730                Protocol76::parseCancelMove(NetworkMessage&)
                0x004be210                Protocol76::sendThingMove(Creature const*, slots_t, Item const*, int, slots_t, Item const*, int, int)
                0x004ba8c0                Protocol76::parseDebug(NetworkMessage&)
                0x004baab0                Protocol76::parseMoveSouthEast(NetworkMessage&)
                0x004be500                Protocol76::sendNetworkMessage(NetworkMessage*)
                0x004ba700                Protocol76::parseModes(NetworkMessage&)
                0x004c2eb0                Protocol76::~Protocol76()
                0x004c4ec0                Protocol76::parseMoveByMouse(NetworkMessage&)
                0x004bc470                Protocol76::AddCreatureHealth(NetworkMessage&, Creature const*)
                0x004c11a0                Protocol76::sendAnimatedText(Position const&, unsigned char, std::string)
                0x004bb430                Protocol76::parseCloseContainer(NetworkMessage&)
                0x004bc390                Protocol76::AddCreatureSpeak(NetworkMessage&, Creature const*, SpeakClasses, std::string, unsigned short)
                0x004baa00                Protocol76::parseMoveSouthWest(NetworkMessage&)
                0x004beb50                Protocol76::sendTextMessage(MessageClasses, char const*)
                0x004bedc0                Protocol76::sendInventory(unsigned char)
                0x004bbcf0                Protocol76::CanSee(Creature const*) const
                0x004c09e0                Protocol76::parseHouseWindow(NetworkMessage&)
                0x004bac10                Protocol76::parseMoveWest(NetworkMessage&)
                0x004bcff0                Protocol76::sendItemAddContainer(Container const*, Item const*)
                0x004bcd30                Protocol76::sendItemUpdateContainer(Container const*, Item const*, unsigned char)
                0x004bce90                Protocol76::sendItemRemoveContainer(Container const*, unsigned char)
                0x004badf0                Protocol76::parseMoveNorth(NetworkMessage&)
                0x004bfc60                Protocol76::sendThingTransform(Thing const*, int)
                0x004c55d0                Protocol76::sendChannelsDialog()
                0x004bb470                Protocol76::parseUpArrowContainer(NetworkMessage&)
                0x004ba950                Protocol76::parseMoveNorthWest(NetworkMessage&)
                0x004bf730                Protocol76::sendSkull(Creature const*)
                0x004ba6a0                Protocol76::parseLogout(NetworkMessage&)
                0x004c0370                Protocol76::elemParseRemoveVip(NetworkMessage&)
                0x004bacb0                Protocol76::parseMoveSouth(NetworkMessage&)
                0x004c1a50                Protocol76::parseTextWindow(NetworkMessage&)
                0x004be030                Protocol76::sendCreatureTurn(Creature const*, unsigned char)
                0x004be9e0                Protocol76::sendTextMessage(MessageClasses, char const*, Position const&, unsigned char)
                0x004bf460                Protocol76::sendWorldLightLevel(unsigned char, unsigned char)
                0x004cc2a0                Protocol76::sendThingMove(Creature const*, Position const&, int, Item const*, int, slots_t, Item const*, int, int)
                0x004bbb50                Protocol76::parseRemVip(NetworkMessage&)
                0x004bbb30                Protocol76::parseCloseTrade()
                0x004c94a0                Protocol76::parseLookAt(NetworkMessage&)
                0x004bef10                Protocol76::sendSetOutfit(Creature const*)
                0x004be510                Protocol76::sendCloseContainer(unsigned char)
                0x004c1400                Protocol76::sendToChannel(Creature const*, SpeakClasses, std::string const&, unsigned short)
                0x004c30d0                Protocol76::~Protocol76()
                0x004c5090                Protocol76::sendTradeItemRequest(Player const*, Item const*, bool)
                0x004bc970                Protocol76::sendVIP(unsigned long, std::string const&, bool)
                0x004bae90                Protocol76::parseTurnWest(NetworkMessage&)
                0x004bbad0                Protocol76::parseLookInTrade(NetworkMessage&)
                0x004bdef0                Protocol76::sendCancel(char const*)
                0x004bff60                Protocol76::sendThingMove(Creature const*, slots_t, Item const*, int, Container const*, unsigned char, Item const*, int, int)
                0x004bd630                Protocol76::sendSkills()
                0x004c7fb0                Protocol76::parseInviteParty(NetworkMessage&)
                0x004c2140                Protocol76::sendContainer(unsigned char, Container*)
                0x004cd550                Protocol76::sendThingMove(Creature const*, Container const*, unsigned char, Item const*, int, slots_t, Item const*, int, int)
                0x004bbe40                Protocol76::AddDistanceShoot(NetworkMessage&, Position const&, Position const&, unsigned char)
                0x004cb8b0                Protocol76::sendThingMove(Creature const*, Thing const*, Position const*, unsigned char, unsigned char, unsigned char, bool)
                0x004bb0d0                Protocol76::parseUseItemEx(NetworkMessage&)
                0x004bc780                Protocol76::RemoveItemContainer(NetworkMessage&, unsigned char, unsigned char)
                0x004c2fc0                Protocol76::~Protocol76()
                0x004baed0                Protocol76::parseTurnSouth(NetworkMessage&)
                0x004bbb80                Protocol76::parseRotateItem(NetworkMessage&)
                0x004c31e0                Protocol76::Protocol76(unsigned int)
                0x004bc8c0                Protocol76::WriteBuffer(NetworkMessage&)
                0x004ccc80                Protocol76::sendThingMove(Creature const*, slots_t, Item const*, int, Position const&, Item const*, int, int)
                0x004c3310                Protocol76::Protocol76(unsigned int)
                0x004c0c50                Protocol76::sendTextWindow(Item*, unsigned short, bool)
                0x004bdde0                Protocol76::sendCancelAttacking()
                0x004c35b0                Protocol76::GetTileDescription(Tile const*, NetworkMessage&, Player*)
                0x004bdc90                Protocol76::sendChangeSpeed(Creature const*)
                0x004bb200                Protocol76::parseAttack(NetworkMessage&)
                0x004bfac0                Protocol76::sendHouseWindow(std::string)
                0x004bad50                Protocol76::parseMoveEast(NetworkMessage&)