Archive member included because of file (symbol)

C:/Dev-Cpp/other/lua-5.0.2/lib/liblualib.a(ds00031.o)
                              luascript.o (lua_dofile)
C:/Dev-Cpp/other/lua-5.0.2/lib/liblualib.a(ds00035.o)
                              npc.o (luaopen_io)
C:/Dev-Cpp/other/lua-5.0.2/lib/liblualib.a(ds00038.o)
                              npc.o (luaopen_string)
C:/Dev-Cpp/other/lua-5.0.2/lib/liblualib.a(ds00037.o)
                              npc.o (luaopen_math)
C:/Dev-Cpp/other/lua-5.0.2/lib/liblualib.a(ds00033.o)
                              npc.o (luaopen_base)
C:/Dev-Cpp/other/lua-5.0.2/lib/liblualib.a(ds00036.o)
                              npc.o (luaopen_loadlib)
C:/Dev-Cpp/other/lua-5.0.2/lib/liblualib.a(dh.o)
                              C:/Dev-Cpp/other/lua-5.0.2/lib/liblualib.a(ds00031.o) (_head____lib_liblualib_a)
C:/Dev-Cpp/other/lua-5.0.2/lib/liblualib.a(dt.o)
                              C:/Dev-Cpp/other/lua-5.0.2/lib/liblualib.a(dh.o) (____lib_liblualib_a_iname)
C:/Dev-Cpp/other/lua-5.0.2/lib/liblua.a(ds00175.o)
                              luascript.o (lua_settable)
C:/Dev-Cpp/other/lua-5.0.2/lib/liblua.a(ds00138.o)
                              luascript.o (lua_insert)
C:/Dev-Cpp/other/lua-5.0.2/lib/liblua.a(ds00157.o)
                              luascript.o (lua_pushnumber)
C:/Dev-Cpp/other/lua-5.0.2/lib/liblua.a(ds00181.o)
                              luascript.o (lua_tonumber)
C:/Dev-Cpp/other/lua-5.0.2/lib/liblua.a(ds00140.o)
                              luascript.o (lua_isnumber)
C:/Dev-Cpp/other/lua-5.0.2/lib/liblua.a(ds00176.o)
                              luascript.o (lua_settop)
C:/Dev-Cpp/other/lua-5.0.2/lib/liblua.a(ds00183.o)
                              luascript.o (lua_tostring)
C:/Dev-Cpp/other/lua-5.0.2/lib/liblua.a(ds00178.o)
                              luascript.o (lua_strlen)
C:/Dev-Cpp/other/lua-5.0.2/lib/liblua.a(ds00141.o)
                              luascript.o (lua_isstring)
C:/Dev-Cpp/other/lua-5.0.2/lib/liblua.a(ds00134.o)
                              luascript.o (lua_gettable)
C:/Dev-Cpp/other/lua-5.0.2/lib/liblua.a(ds00158.o)
                              luascript.o (lua_pushstring)
C:/Dev-Cpp/other/lua-5.0.2/lib/liblua.a(ds00149.o)
                              luascript.o (lua_open)
C:/Dev-Cpp/other/lua-5.0.2/lib/liblua.a(ds00118.o)
                              luascript.o (lua_close)
C:/Dev-Cpp/other/lua-5.0.2/lib/liblua.a(ds00151.o)
                              npc.o (lua_pushboolean)
C:/Dev-Cpp/other/lua-5.0.2/lib/liblua.a(ds00156.o)
                              npc.o (lua_pushnil)
C:/Dev-Cpp/other/lua-5.0.2/lib/liblua.a(ds00152.o)
                              npc.o (lua_pushcclosure)
C:/Dev-Cpp/other/lua-5.0.2/lib/liblua.a(ds00133.o)
                              npc.o (lua_getstack)
C:/Dev-Cpp/other/lua-5.0.2/lib/liblua.a(ds00150.o)
                              npc.o (lua_pcall)
C:/Dev-Cpp/other/lua-5.0.2/lib/liblua.a(ds00148.o)
                              spells.o (lua_next)
C:/Dev-Cpp/other/lua-5.0.2/lib/liblua.a(ds00179.o)
                              spells.o (lua_toboolean)
C:/Dev-Cpp/other/lua-5.0.2/lib/liblua.a(ds00145.o)
                              spells.o (lua_newtable)
C:/Dev-Cpp/other/lua-5.0.2/lib/liblua.a(dh.o)
                              C:/Dev-Cpp/other/lua-5.0.2/lib/liblua.a(ds00175.o) (_head____lib_liblua_a)
C:/Dev-Cpp/other/lua-5.0.2/lib/liblua.a(dt.o)
                              C:/Dev-Cpp/other/lua-5.0.2/lib/liblua.a(dh.o) (____lib_liblua_a_iname)
C:/Dev-Cpp/lib/libwsock32.a(dywds00061.o)
                              networkmessage.o (recv@16)
C:/Dev-Cpp/lib/libwsock32.a(dywds00026.o)
                              networkmessage.o (WSAGetLastError@0)
C:/Dev-Cpp/lib/libwsock32.a(dywds00056.o)
                              networkmessage.o (ioctlsocket@12)
C:/Dev-Cpp/lib/libwsock32.a(dywds00067.o)
                              networkmessage.o (send@16)
C:/Dev-Cpp/lib/libwsock32.a(dywds00044.o)
                              otserv.o (getpeername@12)
C:/Dev-Cpp/lib/libwsock32.a(dywds00037.o)
                              otserv.o (closesocket@4)
C:/Dev-Cpp/lib/libwsock32.a(dywds00031.o)
                              otserv.o (WSAStartup@8)
C:/Dev-Cpp/lib/libwsock32.a(dywds00025.o)
                              otserv.o (WSACleanup@0)
C:/Dev-Cpp/lib/libwsock32.a(dywds00053.o)
                              otserv.o (inet_addr@4)
C:/Dev-Cpp/lib/libwsock32.a(dywds00042.o)
                              otserv.o (gethostname@8)
C:/Dev-Cpp/lib/libwsock32.a(dywds00041.o)
                              otserv.o (gethostbyname@4)
C:/Dev-Cpp/lib/libwsock32.a(dywds00052.o)
                              otserv.o (htons@4)
C:/Dev-Cpp/lib/libwsock32.a(dywds00051.o)
                              otserv.o (htonl@4)
C:/Dev-Cpp/lib/libwsock32.a(dywds00072.o)
                              otserv.o (socket@12)
C:/Dev-Cpp/lib/libwsock32.a(dywds00036.o)
                              otserv.o (bind@12)
[...]
Memory Configuration

Name             Origin             Length             Attributes
*default*        0x00000000         0xffffffff

Linker script and memory map

                0x00400000                __image_base__ = 0x400000
                0x00000000                __dll__ = 0x0
                0x00001000                __section_alignment__ = 0x1000
                0x00000200                __file_alignment__ = 0x200
                0x00000004                __major_os_version__ = 0x4
                0x00000000                __minor_os_version__ = 0x0
                0x00000001                __major_image_version__ = 0x1
                0x00000000                __minor_image_version__ = 0x0
                0x00000004                __major_subsystem_version__ = 0x4
                0x00000000                __minor_subsystem_version__ = 0x0
                0x00000003                __subsystem__ = 0x3
                0x00200000                __size_of_stack_reserve__ = 0x200000
                0x00001000                __size_of_stack_commit__ = 0x1000
                0x00100000                __size_of_heap_reserve__ = 0x100000
                0x00001000                __size_of_heap_commit__ = 0x1000
                0x00000000                __loader_flags__ = 0x0
LOAD C:/Dev-Cpp/Bin/../lib/gcc/mingw32/3.4.2/../../../crt2.o
LOAD C:/Dev-Cpp/Bin/../lib/gcc/mingw32/3.4.2/crtbegin.o
LOAD items.o
LOAD logger.o
LOAD loginqueue.o
LOAD luascript.o
LOAD magic.o
LOAD map.o
LOAD md5.o
LOAD monster.o
LOAD monsters.o
LOAD networkmessage.o
LOAD npc.o
LOAD otserv.o
LOAD player.o
LOAD position.o
LOAD protocol.o
LOAD protocol76.o
LOAD pvparena.o
LOAD readables.o
LOAD scheduler.o
LOAD spawn.o
LOAD spells.o
LOAD status.o
LOAD summons.o
LOAD thing.o
LOAD tile.o
LOAD tools.o
LOAD account.o
LOAD actions.o
LOAD allocator.o
LOAD chat.o
LOAD commands.o
LOAD container.o
LOAD creature.o
LOAD exception.o
LOAD fileloader.o
LOAD game.o
LOAD guilds.o
LOAD houses.o
LOAD ioaccount.o
LOAD ioaccountxml.o
LOAD iomapbin.o
LOAD iomapotbm.o
LOAD iomapxml.o
LOAD ioplayer.o
LOAD ioplayerxml.o
LOAD item.o
LOAD itemloader.o
LOAD mdump.o
LOAD DevLand_private.res
LOAD C:/Dev-Cpp/bin/libxml2.dll
LOAD C:/Dev-Cpp/other/lua-5.0.2/lib/liblualib.a
LOAD C:/Dev-Cpp/other/lua-5.0.2/lib/liblua.a
LOAD C:/Dev-Cpp/lib/libwsock32.a
LOAD C:/Dev-Cpp/lib/libstdc++.a
LOAD C:/Dev-Cpp/lib/libmingw32.a
LOAD C:/Dev-Cpp/Bin/../lib/gcc/mingw32/3.4.2/libgcc.a
LOAD C:/Dev-Cpp/lib/libmoldname.a
LOAD C:/Dev-Cpp/lib/libmingwex.a
LOAD C:/Dev-Cpp/lib/libmsvcrt.a
LOAD C:/Dev-Cpp/lib/libuser32.a
LOAD C:/Dev-Cpp/lib/libkernel32.a
LOAD C:/Dev-Cpp/lib/libadvapi32.a
LOAD C:/Dev-Cpp/lib/libshell32.a
LOAD C:/Dev-Cpp/lib/libmingw32.a
LOAD C:/Dev-Cpp/Bin/../lib/gcc/mingw32/3.4.2/libgcc.a
LOAD C:/Dev-Cpp/lib/libmoldname.a
LOAD C:/Dev-Cpp/lib/libmingwex.a
LOAD C:/Dev-Cpp/lib/libmsvcrt.a
LOAD C:/Dev-Cpp/Bin/../lib/gcc/mingw32/3.4.2/crtend.o

.text           0x00401000   0x189200
 *(.init)
 *(.text)
 .text          0x00401000      0x280 C:/Dev-Cpp/Bin/../lib/gcc/mingw32/3.4.2/../../../crt2.o
                0x00401240                WinMainCRTStartup
                0x00401220                mainCRTStartup
                0x00401260                atexit
                0x00401270                _onexit
 .text          0x00401280       0x10 C:/Dev-Cpp/Bin/../lib/gcc/mingw32/3.4.2/crtbegin.o
                0x00401280                __do_sjlj_init
 .text          0x00401290     0x2e60 items.o
                0x00401290                ItemType::isGroundTile() const
                0x00401630                ItemType::ItemType()
                0x004012d0                ItemType::isTeleport() const
                0x004027f0                Items::reverseLookUp(unsigned long)
                0x00401730                ItemType::ItemType()
                0x00403ef0                Items::Items()
                0x00403d80                Items::Items()
                0x004012f0                ItemType::isMagicField() const
                0x00401330                ItemType::isSplash() const
                0x004022b0                Items::~Items()
                0x004014d0                ItemType::~ItemType()
                0x00401370                ItemType::~ItemType()
                0x00401830                Items::operator[](int)
                0x00401d70                Items::~Items()
                0x004018b0                Items::loadXMLInfos(std::string)
                0x00401310                ItemType::isKey() const
                0x004012b0                ItemType::isContainer() const
                0x00402860                Items::loadFromOtb(std::string)
                0x00401350                ItemType::isFluidContainer() const
 .text          0x004040f0      0x450 logger.o
                0x00404110                Logger::getInstance()
                0x00404140                Logger::logMessage(std::string, eLogType, int, std::string, std::string, int, std::string)
                0x004040f0                Logger::Logger()
                0x00404100                Logger::Logger()
 .text          0x00404540     0x1500 loginqueue.o
                0x00404670                LoginQueue::save()
                0x00405930                LoginQueue::login(int, int, int, int*)
                0x00405090                LoginQueue::load()
                0x004045e0                LoginQueue::removeDeadEntries()
                0x00405880                LoginQueue::push(int)
                0x00404540                LoginQueue::findAccount(int, int*, int*)
                0x00404f30                LoginQueue::show()
 .text          0x00405a40     0xb850 luascript.o
                0x00405f70                LuaScript::getGlobalString(std::string, std::string const&)
                0x00405b40                LuaScript::getField(lua_State*, char const*)
                0x00405a50                LuaScript::getField(char const*)
                0x00405ae0                LuaScript::setField(char const*, int)
                0x00405c10                LuaScript::setGlobalNumber(std::string, int)
                0x00405c80                LuaScript::getGlobalNumber(std::string, int)
                0x00411120                LuaScript::LuaScript()
                0x00410860                LuaScript::~LuaScript()
                0x00410cc0                LuaScript::~LuaScript()
                0x00405d40                LuaScript::getGlobalStringField(std::string, int, std::string const&)
                0x00405a40                LuaScript::setGlobalString(std::string, std::string)
                0x00411190                LuaScript::LuaScript()
                0x00405bc0                LuaScript::setField(lua_State*, char const*, int)
                0x00406190                LuaScript::OpenFile(char const*)
 .text          0x00411290     0x2a30 magic.o
                0x00411a30                MagicEffectTargetClass::MagicEffectTargetClass()
                0x00411be0                MagicEffectTargetCreatureCondition::MagicEffectTargetCreatureCondition(unsigned long)
                0x00411f00                MagicEffectTargetGroundClass::~MagicEffectTargetGroundClass()
                0x00411390                MagicEffectClass::causeExhaustion(bool) const
                0x00412ac0                MagicEffectAreaGroundClass::~MagicEffectAreaGroundClass()
                0x00412350                MagicEffectAreaGroundClass::getDamage(Creature*, Creature const*) const
                0x004128d0                MagicEffectTargetExClass::MagicEffectTargetExClass(std::vector<CreatureCondition, std::allocator<CreatureCondition> > const&)
                0x004119c0                MagicEffectClass::FailedToCast(Player*, Creature const*, bool, bool) const
                0x004113a0                MagicEffectClass::getDamage(Creature*, Creature const*) const
                0x00412fc0                MagicEffectAreaGroundClass::MagicEffectAreaGroundClass(MagicEffectItem*)
                0x004120f0                MagicEffectTargetGroundClass::FailedToCast(Player*, Creature const*, bool, bool) const
                0x00411b30                MagicEffectTargetClass::getDistanceShoot(Player*, Creature const*, Position const&, bool) const
                0x00413200                MagicEffectAreaExClass::MagicEffectAreaExClass(std::vector<CreatureCondition, std::allocator<CreatureCondition> > const&)
                0x004121d0                MagicEffectTargetGroundClass::getMagicEffect(Player*, Creature const*, Creature const*, Position const&, int, bool, bool) const
                0x00413740                MagicEffectItem::decay()
                0x00412290                MagicEffectAreaClass::getMagicEffect(Player*, Creature const*, Creature const*, Position const&, int, bool, bool) const
                0x00412630                MagicEffectItem::getDamage(Creature*, Creature const*) const
                0x00411d10                MagicEffectTargetCreatureCondition::getMagicEffect(Player*, Creature const*, Creature const*, Position const&, int, bool, bool) const
                0x00411c80                MagicEffectTargetCreatureCondition::getDamage(Creature*, Creature const*) const
                0x00413a20                MagicEffectItem::MagicEffectItem(std::map<unsigned short, std::pair<long, std::vector<CreatureCondition, std::allocator<CreatureCondition> > >, std::less<unsigned short>, std::allocator<std::pair<unsigned short const, std::pair<long, std::vector<CreatureCondition, std::allocator<CreatureCondition> > > > > > const&)
                0x004137b0                MagicEffectItem::transform(MagicEffectItem const*)
                0x00411380                MagicEffectClass::isIndirect() const
                0x004135b0                MagicEffectClass::getArea(Position const&, std::vector<Position, std::allocator<Position> >&) const
                0x00411e00                MagicEffectTargetGroundClass::MagicEffectTargetGroundClass(MagicEffectItem*)
                0x00411790                MagicEffectClass::getMagicEffect(Player*, Creature const*, Creature const*, Position const&, int, bool, bool) const
                0x00413600                MagicEffectItem::buildCondition()
                0x00411900                MagicEffectClass::getDistanceShoot(Player*, Creature const*, Position const&, bool) const
                0x00412ee0                MagicEffectAreaClass::MagicEffectAreaClass()
                0x004119b0                MagicEffectClass::canCast(bool, bool) const
                0x004119a0                MagicEffectClass::getMagicItem(Creature const*, bool, bool) const
                0x00412520                MagicEffectAreaExClass::getDamage(Creature*, Creature const*) const
                0x00412600                MagicEffectItem::getCondition() const
                0x00412c20                MagicEffectAreaGroundClass::~MagicEffectAreaGroundClass()
                0x004121e0                MagicEffectTargetGroundClass::getDistanceShoot(Player*, Creature const*, Position const&, bool) const
                0x004123d0                MagicEffectAreaGroundClass::getMagicItem(Creature const*, bool, bool) const
                0x004133e0                MagicEffectAreaClass::getArea(Position const&, std::vector<Position, std::allocator<Position> >&) const
                0x00411fb0                MagicEffectTargetGroundClass::~MagicEffectTargetGroundClass()
                0x00412f50                MagicEffectAreaClass::MagicEffectAreaClass()
                0x00411a80                MagicEffectTargetClass::getMagicEffect(Player*, Creature const*, Creature const*, Position const&, int, bool, bool) const
                0x00412d80                MagicEffectAreaGroundClass::~MagicEffectAreaGroundClass()
                0x00411e50                MagicEffectTargetGroundClass::~MagicEffectTargetGroundClass()
                0x00412ff0                MagicEffectAreaGroundClass::MagicEffectAreaGroundClass(MagicEffectItem*)
                0x00413020                MagicEffectAreaExClass::MagicEffectAreaExClass(std::vector<CreatureCondition, std::allocator<CreatureCondition> > const&)
                0x00411330                MagicEffectClass::MagicEffectClass()
                0x004112e0                MagicEffectTargetClass::MagicEffectTargetClass()
                0x00411c30                MagicEffectTargetCreatureCondition::MagicEffectTargetCreatureCondition(unsigned long)
                0x00412a70                MagicEffectItem::getDecayTime()
                0x00412730                MagicEffectTargetExClass::MagicEffectTargetExClass(std::vector<CreatureCondition, std::allocator<CreatureCondition> > const&)
                0x00412410                MagicEffectTargetExClass::getDamage(Creature*, Creature const*) const
                0x00413810                MagicEffectItem::MagicEffectItem(std::map<unsigned short, std::pair<long, std::vector<CreatureCondition, std::allocator<CreatureCondition> > >, std::less<unsigned short>, std::allocator<std::pair<unsigned short const, std::pair<long, std::vector<CreatureCondition, std::allocator<CreatureCondition> > > > > > const&)
                0x00412060                MagicEffectTargetGroundClass::getMagicItem(Creature const*, bool, bool) const
                0x00411290                MagicEffectClass::MagicEffectClass()
                0x00411db0                MagicEffectTargetGroundClass::MagicEffectTargetGroundClass(MagicEffectItem*)
                0x004120a0                MagicEffectTargetGroundClass::canCast(bool, bool) const
 .text          0x00413cc0     0x3750 map.o
                0x00413d10                AStarNodes::AStarNodes()
                0x004170f0                Map::setTile(unsigned short, unsigned short, unsigned char)
                0x00414f80                AStarNodes::countOpenNodes()
                0x004158e0                Map::getPathTo(Creature*, Position, Position, bool, bool, int)
                0x004172d0                Map::setTile(unsigned short, unsigned short, unsigned char, unsigned short)
                0x004140b0                Map::getTile(unsigned short, unsigned short, unsigned char)
                0x00415350                Map::~Map()
                0x00414590                Map::removeCreature(Creature*)
                0x004151f0                Map::~Map()
                0x00415060                AStarNodes::closeNode(AStarNode*)
                0x00415600                Map::Map()
                0x004154b0                Map::Map()
                0x00415fc0                Map::getPathToEx(Creature*, Position, Position, bool, bool, int)
                0x00415750                Map::getSpectators(Range const&, std::list<Creature*, std::allocator<Creature*> >&)
                0x004150c0                AStarNodes::getBestNode()
                0x00414ee0                Map::getTile(Position const&)
                0x00413d60                AStarNodes::AStarNodes()
                0x00413cc0                AStarNodes::isInList(unsigned long, unsigned long)
                0x00414140                Map::isPathValid(Creature*, std::list<Position, std::allocator<Position> > const&, int, bool)
                0x00414ff0                AStarNodes::countClosedNodes()
                0x00414280                Map::canThrowObjectTo(Position, Position, int)
                0x00415190                AStarNodes::createOpenNode()
                0x00414650                Map::placeCreature(Position&, Creature*)
                0x00414020                Map::clean()
                0x00413db0                Map::loadMap(std::string, std::string)
 .text          0x00417410     0x1000 md5.o
                0x00418290                MD5Final(MD5_CTX*)
                0x00418170                MD5Init(MD5_CTX*, unsigned long)
                0x004181d0                MD5Update(MD5_CTX*, unsigned char const*, unsigned int)
 .text          0x00418410     0x8310 monster.o
                0x0041f510                Monster::onThingAppear(Thing const*)
                0x0041c540                Monster::setMaster(Creature*)
                0x0041cf10                Monster::calcMovePosition()
                0x0041d3b0                Monster::getDescription(bool) const
                0x0041f310                Monster::onCreatureEnter(Creature const*, bool)
                0x004194b0                Monster::~Monster()
                0x0041b330                Monster::selectTarget(Creature const*, bool)
                0x00418ee0                Monster::canMoveTo(unsigned short, unsigned short, unsigned char)
                0x004185e0                Monster::getLostExperience()
                0x0041be10                Monster::getCloseCombatPosition(Position const&, Position&)
                0x00418fa0                Monster::doMoveTo(int, int)
                0x00419530                Monster::Monster(MonsterType*, Game*)
                0x00418510                Monster::isCreatureAttackable(Creature const*)
                0x00419670                Monster::createMonster(std::string const&, Game*)
                0x00418500                Monster::getName() const
                0x004184a0                Monster::isPushable() const
                0x004198c0                Monster::startThink()
                0x0041c4c0                Monster::setAttackedCreature(Creature const*)
                0x00418480                Monster::getDefense() const
                0x00418650                Monster::validateDistanceAttack(Creature const*)
                0x00419cd0                Monster::doAttacks(Creature*, monstermode_t)
                0x0041af40                Monster::onAttack()
                0x00418c30                Monster::monsterMoveItem(Item*, int)
                0x00418f60                Monster::setUpdateMovePos()
                0x00418410                Monster::getRandom()
                0x0041c5f0                Monster::getDistancePosition(Position const&, int const&, bool, Position&)
                0x00420470                Monster::onThingDisappear(Thing const*, unsigned char)
                0x00418910                Monster::getTargetDistance()
                0x00419330                Monster::stopThink()
                0x00419470                Monster::~Monster()
                0x00419780                Monster::Monster(MonsterType*, Game*)
                0x00418780                Monster::validateDistanceAttack(Position const&)
                0x00418bb0                Monster::getWeaponDamage() const
                0x0041f490                Monster::onCreatureAppear(Creature const*)
                0x004194f0                Monster::~Monster()
                0x00418610                Monster::isInRange(Position const&)
                0x004203e0                Monster::onThingMove(Creature const*, Thing const*, Position const*, unsigned char, unsigned char, unsigned char)
                0x00418460                Monster::getArmor() const
                0x0041f650                Monster::onThink(int&)
                0x0041f5e0                Monster::onThingTransform(Thing const*, int)
                0x0041fee0                Monster::onCreatureMove(Creature const*, Position const*)
                0x00418be0                Monster::dropLoot(Container*)
                0x0041fe20                Monster::onCreatureLeave(Creature const*)
                0x00418930                Monster::updateLookDirection()
                0x0041c280                Monster::isCreatureReachable(Creature const*)
                0x00420350                Monster::onTeleport(Creature const*, Position const*, unsigned char)
                0x004188c0                Monster::getCurrentDistanceToTarget(Position const&)
                0x0041b570                Monster::getRandomPosition(Position const&, Position&)
                0x004204f0                Monster::onCreatureDisappear(Creature const*, unsigned char, bool)
                0x0041dee0                Monster::findTarget(long, bool&, Creature const*)
                0x0041e4a0                Monster::reThink(bool)
 .text          0x00420720     0x7130 monsters.o
                0x00420ac0                Monsters::Monsters()
                0x00420b20                Monsters::Monsters()
                0x00421760                MonsterType::~MonsterType()
                0x004228d0                Monsters::loadLootItem(_xmlNode*, LootBlock&)
                0x00427790                Monsters::reload()
                0x00421530                Monsters::~Monsters()
                0x00421300                Monsters::~Monsters()
                0x00420b80                Monsters::getIdByName(std::string const&)
                0x00421c20                MonsterType::reset()
                0x00420930                MonsterType::createLoot(Container*)
                0x00422b90                Monsters::loadMonster(std::string const&, std::string const&, bool)
                0x00420720                MonsterType::createLootItem(LootBlock const&)
                0x004268f0                Monsters::loadFromXml(std::string const&, bool)
                0x00420e40                MonsterType::~MonsterType()
                0x004207d0                MonsterType::createLootContainer(Container*, LootBlock const&)
                0x004221f0                MonsterType::MonsterType()
                0x00421e10                MonsterType::MonsterType()
                0x00420a90                Monsters::getMonsterType(unsigned long)
                0x004225d0                Monsters::loadLootContainer(_xmlNode*, LootBlock&)
 .text          0x00427850      0xaa0 networkmessage.o
                0x00427ca0                NetworkMessage::AddU32(unsigned int)
                0x004278f0                NetworkMessage::ReadFromSocket(unsigned int)
                0x00427c70                NetworkMessage::AddU16(unsigned short)
                0x00427850                NetworkMessage::Reset()
                0x00427870                NetworkMessage::NetworkMessage()
                0x00427b70                NetworkMessage::GetU32()
                0x00427f20                NetworkMessage::AddItemId(Item const*)
                0x00427ce0                NetworkMessage::AddString(char const*)
                0x00427c40                NetworkMessage::AddByte(unsigned char)
                0x00427ae0                NetworkMessage::GetByte()
                0x00427f80                NetworkMessage::JoinMessages(NetworkMessage&)
                0x00427b00                NetworkMessage::GetU16()
                0x00428070                NetworkMessage::GetRaw()
                0x00427890                NetworkMessage::NetworkMessage()
                0x00427bb0                NetworkMessage::GetPosition()
                0x00427dd0                NetworkMessage::AddItem(unsigned short, unsigned char)
                0x00427b30                NetworkMessage::GetItemId()
                0x00427d60                NetworkMessage::AddPosition(Position const&)
                0x00428160                NetworkMessage::GetString()
                0x004278c0                NetworkMessage::~NetworkMessage()
                0x00427e70                NetworkMessage::AddItem(Item const*)
                0x00427c20                NetworkMessage::SkipBytes(int)
                0x00427fe0                NetworkMessage::AddString(std::string const&)
                0x004278d0                NetworkMessage::~NetworkMessage()
                0x004279d0                NetworkMessage::WriteToSocket(unsigned int)
                0x004278b0                NetworkMessage::~NetworkMessage()
 .text          0x004282f0     0xc7e0 npc.o
                0x0042b5b0                NpcScript::luaSetPlayerGuildNick(lua_State*)
                0x00429860                NpcScript::luaPayMoney(lua_State*)
                0x0042b0c0                NpcScript::onCreatureDisappear(int)
                0x004299f0                NpcScript::luaGetPlayerStorageValue(lua_State*)
                0x0042ab40                NpcScript::luaCreatureGetBlessStatusc(lua_State*)
                0x0042cca0                NpcScript::luaFoundNewGuild(lua_State*)
                0x004285f0                Npc::doLook(Creature const*)
                0x0042e380                NpcScript::luaLearnSpell(lua_State*)
                0x00428520                Npc::doAttack(int)
                0x0042c4a0                NpcScript::luaGetPlayerGuildName(lua_State*)
                0x004306c0                Npc::~Npc()
                0x00429cc0                NpcScript::luaPlayerRemoveItem(lua_State*)
                0x0042ddc0                NpcScript::luaActionSay(lua_State*)
                0x00429550                NpcScript::luaSelfGetPos(lua_State*)
                0x0042ac20                NpcScript::luaCreatureGetBlessStatusd(lua_State*)
                0x00429b60                NpcScript::luaSetPlayerStorageValue(lua_State*)
                0x0042aec0                NpcScript::onCreatureSay(int, SpeakClasses, std::string const&)
                0x0042aa60                NpcScript::luaCreatureGetBlessStatusb(lua_State*)
                0x0042b420                NpcScript::onThink()
                0x00429420                NpcScript::luaCreatureGetPos(lua_State*)
                0x00429e30                NpcScript::luaSetPlayerMasterPos(lua_State*)
                0x0042a1d0                NpcScript::luaGetPlayerVocation(lua_State*)
                0x0042a650                NpcScript::luaCreatureGetBless(lua_State*)
                0x0042d770                NpcScript::luaBuyItem(lua_State*)
                0x00429790                NpcScript::luaActionAttackCreature(lua_State*)
                0x0042cea0                NpcScript::luaGetPlayerLevel(lua_State*)
                0x00430930                Npc::~Npc()
                0x0042a730                NpcScript::luaSetNewBless(lua_State*)
                0x004323d0                Npc::Npc(std::string const&, Game*)
                0x00428530                Npc::doMove(int)
                0x0042a570                NpcScript::luaActionLook(lua_State*)
                0x0042a0a0                NpcScript::luaSetPlayerVocation(lua_State*)
                0x004293a0                NpcScript::getNpc(lua_State*)
                0x00430440                Npc::~Npc()
                0x0042ade0                NpcScript::luaCreatureGetName(lua_State*)
                0x0042b260                NpcScript::onCreatureAppear(unsigned long)
                0x00433f40                NpcScript::luaActionMoveTo(lua_State*)
                0x0042a310                NpcScript::luaIsPromoted(lua_State*)
                0x00428300                Npc::onCreatureAppear(Creature const*)
                0x004282f0                Npc::onThingMove(Player const*, Thing const*, Position const*, unsigned char, unsigned char, unsigned char)
                0x00434130                Npc::getDescription(bool) const
                0x00428490                Npc::onThink(int&)
                0x00428330                Npc::onCreatureDisappear(Creature const*, unsigned char, bool)
                0x00428360                Npc::onThingDisappear(Thing const*, unsigned char)
                0x0042baa0                NpcScript::luaClearPlayerGuild(lua_State*)
                0x0042a980                NpcScript::luaCreatureGetBlessStatusa(lua_State*)
                0x00430ba0                Npc::Npc(std::string const&, Game*)
                0x004283c0                Npc::onThingAppear(Thing const*)
                0x00428480                Npc::onCreatureChangeOutfit(Creature const*)
                0x0042f320                NpcScript::NpcScript(std::string, Npc*)
                0x0042e110                NpcScript::luaCreatureGetName2(lua_State*)
                0x0042be20                NpcScript::luaSetPlayerGuild(lua_State*)
                0x0042c750                NpcScript::luaSetPlayerGuildStatus(lua_State*)
                0x0042ad00                NpcScript::luaCreatureGetBlessStatuse(lua_State*)
                0x00433c00                Npc::doMoveTo(Position)
                0x0042fbb0                NpcScript::NpcScript(std::string, Npc*)
                0x00429610                NpcScript::luaActionMove(lua_State*)
                0x0042cb00                NpcScript::luaGetPlayerGuildStatus(lua_State*)
                0x00428420                Npc::onCreatureTurn(Creature const*, unsigned char)
                0x0042d120                NpcScript::luaSellItem(lua_State*)
                0x00428860                NpcScript::registerFunctions()
                0x004284c0                Npc::doSay(std::string)
                0x0042a450                NpcScript::luaIsPremium(lua_State*)
                0x00428430                Npc::onCreatureSay(Creature const*, SpeakClasses, std::string const&)
 .text          0x00434ad0     0xb5e0 otserv.o
                0x00434c30                isclientBanished(unsigned int)
                0x00435220                passwordTest(std::string&, std::string&)
                0x00435fc0                ConnectionHandler(void*)
                0x00434cb0                MakeRejectMessage(int)
                0x00434ad0                ErrorMessage(char const*)
                0x00439630                main
 .text          0x004400b0    0x162d0 player.o
                0x00444960                Player::getReqMana(int, playervoc_t)
                0x00441eb0                Player::sendTextWindow(Item*, unsigned short, bool)
                0x00444860                Player::checkItem(int)
                0x004537e0                Player::addManaSpent(unsigned long)
                0x00440600                Player::onItemRemoveContainer(Container const*, unsigned char)
                0x00442230                Player::onThingAppear(Thing const*)
                0x00447cb0                Player::isSleeping()
                0x00442c00                Player::getContainerItem(Container*, int, int)
                0x00441d80                Player::sendTextMessage(MessageClasses, char const*, Position const&, unsigned char) const
                0x00449880                Player::~Player()
                0x00444290                Player::getExpForNextLevel()
                0x00444560                Player::isUsingSpears() const
                0x004497d0                Player::getDepot(unsigned long)
                0x00444490                Player::isRookie() const
                0x00444810                Player::sendLogout()
                0x00449040                Player::onThingMove(Creature const*, Position const&, int, Item const*, int, slots_t, Item const*, int, int)
                0x00443f30                Player::removeCoins(long)
                0x00444380                Player::checkSkull(int)
                0x004406e0                Player::removeItemInventory(int, bool)
                0x004422d0                Player::onItemAddContainer(Container const*, Item const*)
                0x00441c40                Player::setAcceptTrade(bool)
                0x00440cf0                Player::substractMoneyItem(Item*, unsigned long)
                0x0044fa40                Player::closeContainer(unsigned char)
                0x00442270                Player::onThingDisappear(Thing const*, unsigned char)
                0x004423a0                Player::onTeleport(Creature const*, Position const*, unsigned char)
                0x0044ee30                Player::addDeath(std::string const&, int, long)
                0x0044f270                Player::substractMoney(unsigned long)
                0x00441cf0                Player::sendCancelAttacking()
                0x00445080                Player::sendHouseWindow(House*, Position const&, rights_t)
                0x004441e0                Player::checkAfk(int)
                0x00442360                Player::onThink(int&)
                0x00444650                Player::checkLightItem(int)
                0x00440670                Player::updateInventoryWeigth()
                0x0044fc90                Player::addDepot(Container*, unsigned long)
                0x004447f0                Player::sendNetworkMessage(NetworkMessage*)
                0x004441c0                Player::notAfk()
                0x00442180                Player::onThingMove(Creature const*, Container const*, unsigned char, Item const*, int, Position const&, Item const*, int, int)
                0x00449480                Player::onThingMove(Creature const*, slots_t, Item const*, int, slots_t, Item const*, int, int)
                0x00442320                Player::onCreatureSay(Creature const*, SpeakClasses, std::string const&)
                0x00444a90                Player::sendStats()
                0x00454130                Player::addSkillTryInternal(int, int)
                0x00448aa0                Player::sendIcons()
                0x004519d0                Player::die()
                0x00441e90                Player::sendCloseTrade()
                0x0044b690                Player::~Player()
                0x004444d0                Player::setVocation(playervoc_t)
                0x004421a0                Player::onThingMove(Creature const*, Position const&, int, Item const*, int, Container const*, unsigned char, Item const*, int, int)
                0x00441cc0                Player::sendToChannel(Creature*, SpeakClasses, std::string const&, unsigned short)
                0x00442980                Player::getContainerCoins(Container*, unsigned long)
                0x00441d60                Player::flushMsg()
                0x00445020                Player::getContainer(unsigned char)
                0x00444440                Player::onSkull(Player*)
                0x00441f20                Player::NeedUpdateStats()
                0x0044fd50                Player::receiveHouseWindow(std::string)
                0x004485a0                Player::notifyLogOut(Player*)
                0x00441ee0                Player::sendCloseContainer(unsigned char)
                0x00456090                Player::learnSpell(std::string const&)
                0x00441e30                Player::sendMagicEffect(Position const&, unsigned char)
                0x004417a0                Player::getSubFightType()
                0x00448c60                Player::checkRing(int)
                0x00444460                Player::onPartyIcons(Player const*, int, bool, bool)
                0x00454eb0                Player::addSkillShieldTry(int)
                0x00443c30                Player::removeContainerCoins(Container*, long)
                0x004552f0                Player::getDescription(bool) const
                0x00441db0                Player::sendPing()
                0x00442250                Player::onThingTransform(Thing const*, int)
                0x0044d2a0                Player::Player(std::string const&, Protocol*)
                0x00441d20                Player::sendCancelWalk() const
                0x00441c00                Player::CanSee(int, int, int) const
                0x0044f140                Player::addVIP(unsigned long, std::string&, bool, bool)
                0x00444940                Player::sendSkills() const
                0x0044e600                Player::removeItem(unsigned short, long)
                0x00441ae0                Player::getFightType()
                0x00445050                Player::getContainerID(Container const*) const
                0x00441470                Player::dropLoot(Container*)
                0x00442380                Player::onTileUpdated(Position const&)
                0x00442420                Player::preSave()
                0x00440620                Player::sendInventory(unsigned char)
                0x004484b0                Player::isYellowTo(Player*)
                0x00444770                Player::sendPlayerLightLevel(Player*)
                0x00441000                Player::removeItem(Item*, bool)
                0x00440e90                Player::internalRemoveItemContainer(Container*, Item*, bool)
                0x00445770                Player::sendAnimatedText(Position const&, unsigned char, std::string)
                0x00452cb0                Player::addExp(long long)
                0x004416e0                Player::GetDistWeapon() const
                0x0044fba0                Player::clearYellowList()
                0x0044e320                Player::getMoney()
                0x00441f00                Player::sendContainer(unsigned char, Container*)
                0x004482c0                Player::sendVipLogin(std::string)
                0x00444830                Player::sendKick()
                0x0044fbe0                Player::clearAttakedList()
                0x00442090                Player::onThingMove(Creature const*, Thing const*, Position const*, unsigned char, unsigned char, unsigned char)
                0x00441130                Player::getReqSkillTries(int, int, playervoc_t)
                0x00440960                Player::getFreeSlot(Container**, unsigned char&, Item const*)
                0x0044c590                Player::Player(std::string const&, Protocol*)
                0x004412a0                Player::getPlayerInfo(playerinfo_t) const
                0x00442400                Player::getIP() const
                0x00442070                Player::onThingMove(Creature const*, Container const*, unsigned char, Item const*, Container*)
                0x00444a50                Player::getManaForNextMLevel()
                0x00448820                Player::notifyLogIn(Player*)
                0x00440aa0                Player::addItem(Item*, bool)
                0x00443170                Player::TLMaddItem(int, unsigned char)
                0x00442810                Player::gainHealthTick()
                0x004408b0                Player::getFreeContainerSlot(Container*)
                0x004421c0                Player::onCreatureAppear(Creature const*)
                0x00455f60                Player::addContainer(unsigned char, Container*)
                0x00440650                Player::onItemUpdateContainer(Container const*, Item const*, unsigned char)
                0x00449770                Player::getStorageValue(unsigned long, long&) const
                0x004480d0                Player::sendVipLogout(std::string)
                0x00442ae0                Player::getCoins(unsigned long)
                0x00440100                Player::getItem(int) const
                0x0044fa90                Player::removeList()
                0x00449600                Player::onThingMove(Creature const*, slots_t, Item const*, int, Container const*, unsigned char, Item const*, int, int)
                0x00442690                Player::kickPlayer()
                0x00441450                Player::getLookCorpse()
                0x00441e70                Player::sendTradeItemRequest(Player const*, Item const*, bool)
                0x0044fb50                Player::removeFromAttakedList(Player*)
                0x00444fb0                Player::setGuildInfo(gstat_t, unsigned long, std::string, std::string, std::string)
                0x00442150                Player::onThingMove(Creature const*, Container const*, unsigned char, Item const*, int, Container*, unsigned char, Item const*, int, int)
                0x004421f0                Player::onCreatureDisappear(Creature const*, unsigned char, bool)
                0x00440120                Player::getArmor() const
                0x004426b0                Player::gainManaTick()
                0x00449310                Player::onThingMove(Creature const*, Container const*, unsigned char, Item const*, int, slots_t, Item const*, int, int)
                0x00441d40                Player::sendTextMessage(MessageClasses, char const*) const
                0x004491a0                Player::onThingMove(Creature const*, slots_t, Item const*, int, Position const&, Item const*, int, int)
                0x004466c0                Player::getWeaponDamage() const
                0x00444790                Player::getWandId() const
                0x00442e00                Player::removeContainerItem(Container*, int, int)
                0x00445ad0                Player::getDefense() const
                0x004445d0                Player::isUsingBurstArrows() const
                0x00443b20                Player::payBack(unsigned long)
                0x004422f0                Player::onCreatureTurn(Creature const*, unsigned char)
                0x004458e0                Player::getSkillName(int)
                0x00448f70                Player::checkBoh()
                0x00441310                Player::getSkill(skills_t, skillsid_t) const
                0x0044dfb0                Player::getItemCount(unsigned short)
                0x00444710                Player::sendWorldLightLevel(unsigned char, unsigned char)
                0x0044a790                Player::~Player()
                0x00442340                Player::onCreatureChangeOutfit(Creature const*)
                0x00441ca0                Player::sendChangeSpeed(Creature*)
                0x0044fb00                Player::removeFromYellowList(Player*)
                0x00448500                Player::hasAttacked(Player*)
                0x00455ff0                Player::addList()
                0x00441df0                Player::receivePing()
                0x004422b0                Player::onThingRemove(Thing const*)
                0x00443010                Player::removeItem(int, int)
                0x004407c0                Player::addItemInventory(Item*, int, bool)
                0x00454f30                Player::addSkillTry(int)
                0x00448550                Player::knowsSpell(std::string const&) const
                0x00441c80                Player::sendCancel(char const*) const
                0x0044fc20                Player::addStorageValue(unsigned long, long)
                0x004400b0                Player::isPushable() const
                0x00449810                Player::removeVIP(unsigned long)
                0x00448ed0                Player::checkParalyze(int)
                0x004413d0                Player::isHoldingContainer(Container const*) const
                0x00441e50                Player::sendCreatureHealth(Creature const*)
                0x00441e10                Player::sendDistanceShoot(Position const&, Position const&, unsigned char)
                0x00442d30                Player::getItem(int, int)
                0x004418f0                Player::removeDistItem()
 .text          0x00456380      0x300 position.o
                0x00456380                operator<<(std::ostream&, Direction const&)
                0x004563f0                operator<<(std::ostream&, Position const&)
 .text          0x00456680      0x2d0 protocol.o
                0x004566a0                Protocol::Protocol()
                0x004566c0                Protocol::~Protocol()
                0x00456840                Protocol::sleepTillMove()
                0x00456780                Protocol::~Protocol()
                0x00456820                Protocol::setPlayer(Player*)
                0x004567e0                Protocol::getIP() const
                0x00456680                Protocol::Protocol()
                0x00456720                Protocol::~Protocol()
 .text          0x00456950    0x1b490 protocol76.o
                0x004569e0                Protocol76::parseGetChannels(NetworkMessage&)
                0x0045c5e0                Protocol76::sendOpenPriv(std::string const&)
                0x0045c9a0                Protocol76::sendPlayerLightLevel(Player const*)
                0x00469780                Protocol76::sendThingAppear(Thing const*)
                0x0045f2a0                Protocol76::parseAddVip(NetworkMessage&)
                0x0046eb90                Protocol76::sendThingRemove(Thing const*)
                0x00458270                Protocol76::AddPlayerSkills(NetworkMessage&, Player const*)
                0x00457f20                Protocol76::AddAnimatedText(NetworkMessage&, Position const&, unsigned char, std::string)
                0x004574a0                Protocol76::parseTurnNorth(NetworkMessage&)
                0x004600a0                Protocol76::parseOpenPriv(NetworkMessage&)
                0x0046e530                Protocol76::autoCloseContainers(Container const*, NetworkMessage&)
                0x0045b030                Protocol76::sendTileUpdated(Position const&)
                0x0046e6e0                Protocol76::sendThingMove(Creature const*, Container const*, unsigned char, Item const*, Container*)
                0x00457720                Protocol76::parseBattleWindow(NetworkMessage&)
                0x00460f30                Protocol76::parseThrow(NetworkMessage&)
                0x0045bd70                Protocol76::sendStats()
                0x004603d0                Protocol76::parseOpenChannel(NetworkMessage&)
                0x004589e0                Protocol76::flushOutputBuffer()
                0x00456f70                Protocol76::parseMoveNorthEast(NetworkMessage&)
                0x004596e0                Protocol76::sendCreatureHealth(Creature const*)
                0x0045efb0                Protocol76::sendCreatureSay(Creature const*, SpeakClasses, std::string const&)
                0x00459c40                Protocol76::sendPing()
                0x00457ec0                Protocol76::AddTextMessage(NetworkMessage&, MessageClasses, char const*)
                0x0045a440                Protocol76::sendCancelWalk()
                0x00456a60                Protocol76::parseCancelMove(NetworkMessage&)
                0x0045ade0                Protocol76::sendThingMove(Creature const*, slots_t, Item const*, int, slots_t, Item const*, int, int)
                0x00456be0                Protocol76::parseDebug(NetworkMessage&)
                0x00456e70                Protocol76::parseMoveSouthEast(NetworkMessage&)
                0x0045b1f0                Protocol76::sendNetworkMessage(NetworkMessage*)
                0x00456a00                Protocol76::parseModes(NetworkMessage&)
                0x00460ac0                Protocol76::~Protocol76()
                0x00464000                Protocol76::parseMoveByMouse(NetworkMessage&)
                0x00458660                Protocol76::AddCreatureHealth(NetworkMessage&, Creature const*)
                0x0045e9c0                Protocol76::sendAnimatedText(Position const&, unsigned char, std::string)
                0x00457920                Protocol76::parseCloseContainer(NetworkMessage&)
                0x00458560                Protocol76::AddCreatureSpeak(NetworkMessage&, Creature const*, SpeakClasses, std::string, unsigned short)
                0x00456d70                Protocol76::parseMoveSouthWest(NetworkMessage&)
                0x0045bbb0                Protocol76::sendTextMessage(MessageClasses, char const*)
                0x0045bf30                Protocol76::sendInventory(unsigned char)
                0x00457e80                Protocol76::CanSee(Creature const*) const
                0x0045e170                Protocol76::parseHouseWindow(NetworkMessage&)
                0x00457070                Protocol76::parseMoveWest(NetworkMessage&)
                0x004594f0                Protocol76::sendItemAddContainer(Container const*, Item const*)
                0x00459100                Protocol76::sendItemUpdateContainer(Container const*, Item const*, unsigned char)
                0x00459300                Protocol76::sendItemRemoveContainer(Container const*, unsigned char)
                0x004572f0                Protocol76::parseMoveNorth(NetworkMessage&)
                0x0045d290                Protocol76::sendThingTransform(Thing const*, int)
                0x004647a0                Protocol76::sendChannelsDialog()
                0x00457970                Protocol76::parseUpArrowContainer(NetworkMessage&)
                0x00464ae0                Protocol76::parseGM(NetworkMessage&)
                0x00456c70                Protocol76::parseMoveNorthWest(NetworkMessage&)
                0x0045cbb0                Protocol76::sendSkull(Creature const*)
                0x00456990                Protocol76::parseLogout(NetworkMessage&)
                0x0045dad0                Protocol76::elemParseRemoveVip(NetworkMessage&)
                0x00457160                Protocol76::parseMoveSouth(NetworkMessage&)
                0x0045d0c0                Protocol76::sendKick()
                0x0045f440                Protocol76::parseTextWindow(NetworkMessage&)
                0x0045ab70                Protocol76::sendCreatureTurn(Creature const*, unsigned char)
                0x0045b9b0                Protocol76::sendTextMessage(MessageClasses, char const*, Position const&, unsigned char)
                0x0045c7b0                Protocol76::sendWorldLightLevel(unsigned char, unsigned char)
                0x0046f8a0                Protocol76::sendThingMove(Creature const*, Position const&, int, Item const*, int, slots_t, Item const*, int, int)
                0x00457cd0                Protocol76::parseRemVip(NetworkMessage&)
                0x00457cb0                Protocol76::parseCloseTrade()
                0x0046b510                Protocol76::parseLookAt(NetworkMessage&)
                0x0045c100                Protocol76::sendSetOutfit(Creature const*)
                0x0045b270                Protocol76::sendCloseContainer(unsigned char)
                0x0045ecb0                Protocol76::sendToChannel(Creature const*, SpeakClasses, std::string const&, unsigned short)
                0x00460cf0                Protocol76::~Protocol76()
                0x004641c0                Protocol76::sendTradeItemRequest(Player const*, Item const*, bool)
                0x00458b60                Protocol76::sendVIP(unsigned long, std::string const&, bool)
                0x004573e0                Protocol76::parseTurnWest(NetworkMessage&)
                0x00457c50                Protocol76::parseLookInTrade(NetworkMessage&)
                0x0045a9a0                Protocol76::sendCancel(char const*)
                0x0045d620                Protocol76::sendThingMove(Creature const*, slots_t, Item const*, int, Container const*, unsigned char, Item const*, int, int)
                0x00459df0                Protocol76::sendSkills()
                0x00468210                Protocol76::parseInviteParty(NetworkMessage&)
                0x0045fc40                Protocol76::sendContainer(unsigned char, Container*)
                0x00470dd0                Protocol76::sendThingMove(Creature const*, Container const*, unsigned char, Item const*, int, slots_t, Item const*, int, int)
                0x00457ff0                Protocol76::AddDistanceShoot(NetworkMessage&, Position const&, Position const&, unsigned char)
                0x0046edf0                Protocol76::sendThingMove(Creature const*, Thing const*, Position const*, unsigned char, unsigned char, unsigned char, bool)
                0x004575f0                Protocol76::parseUseItemEx(NetworkMessage&)
                0x00458980                Protocol76::RemoveItemContainer(NetworkMessage&, unsigned char, unsigned char)
                0x00460be0                Protocol76::~Protocol76()
                0x00457420                Protocol76::parseTurnSouth(NetworkMessage&)
                0x00457d00                Protocol76::parseRotateItem(NetworkMessage&)
                0x00460e00                Protocol76::Protocol76(unsigned int)
                0x00458ad0                Protocol76::WriteBuffer(NetworkMessage&)
                0x004703b0                Protocol76::sendThingMove(Creature const*, slots_t, Item const*, int, Position const&, Item const*, int, int)
                0x00463880                Protocol76::Protocol76(unsigned int)
                0x0045e3e0                Protocol76::sendTextWindow(Item*, unsigned short, bool)
                0x0045a7f0                Protocol76::sendCancelAttacking()
                0x00463b30                Protocol76::GetTileDescription(Tile const*, NetworkMessage&, Player*)
                0x0045a610                Protocol76::sendChangeSpeed(Creature const*)
                0x00457ac0                Protocol76::parseAttack(NetworkMessage&)
                0x0045d0f0                Protocol76::sendHouseWindow(std::string)
                0x00457250                Protocol76::parseMoveEast(NetworkMessage&)
                0x00458d60                Protocol76::sendVIPLogOut(unsigned long)
                0x00460a70                Protocol76::reinitializeProtocol()
                0x00459fb0                Protocol76::sendThingDisappear(Thing const*, unsigned char, bool)
                0x00467300                Protocol76::parseRevokeParty(NetworkMessage&)
                0x004639b0                Protocol76::checkCreatureAsKnown(unsigned long, bool&, unsigned long&)
                0x00458060                Protocol76::AddPlayerStats(NetworkMessage&, Player const*)
                0x0045cd90                Protocol76::sendPartyIcons(Player const*, int, bool, bool)
                0x0045db30                Protocol76::elemParseAddVip(NetworkMessage&)
                0x004598a0                Protocol76::sendMagicEffect(Position const&, unsigned char)
                0x00459a70                Protocol76::sendDistanceShoot(Position const&, Position const&, unsigned char)
                0x00457b30                Protocol76::parseRequestTrade(NetworkMessage&)
                0x004586d0                Protocol76::AddRemoveThing(NetworkMessage&, Position const&, unsigned char)
                0x00460600                Protocol76::AddCreature(NetworkMessage&, Creature const*, bool, unsigned int)
                0x00458910                Protocol76::TransformItemContainer(NetworkMessage&, unsigned char, unsigned char, Item const*)
                0x004588a0                Protocol76::AddItemContainer(NetworkMessage&, unsigned char, Item const*, unsigned char)
                0x004574e0                Protocol76::parseSetOutfit(NetworkMessage&)
                0x004587d0                Protocol76::AddAppearThing(NetworkMessage&, Position const&)
                0x00458f30                Protocol76::sendVIPLogIn(unsigned long)
                0x00456ab0                Protocol76::logout()
                0x0045b600                Protocol76::sendIcons(int)
                0x00456af0                Protocol76::parseCloseChannel(NetworkMessage&)
                0x004584c0                Protocol76::AddPlayerInventoryItem(NetworkMessage&, Player const*, int)
                0x00465920                Protocol76::parsePassLeadership(NetworkMessage&)
                0x00463d10                Protocol76::AddTileUpdated(NetworkMessage&, Position const&)
                0x00471270                Protocol76::sendThingMove(Creature const*, Container const*, unsigned char, Item const*, int, Container*, unsigned char, Item const*, int, int)
                0x00466200                Protocol76::parseJoinParty(NetworkMessage&)
                0x00457de0                Protocol76::CanSee(int, int, int) const
                0x0046fc90                Protocol76::sendThingMove(Creature const*, Position const&, int, Item const*, int, Container const*, unsigned char, Item const*, int, int)
                0x0046e2a0                Protocol76::ReceiveLoop()
                0x00456950                Protocol76::ConnectPlayer(int*)
                0x00457460                Protocol76::parseTurnEast(NetworkMessage&)
                0x0045b7d0                Protocol76::sendChannel(unsigned short, std::string)
                0x00458840                Protocol76::AddItemContainer(NetworkMessage&, unsigned char, Item const*)
                0x0045b450                Protocol76::sendCloseTrade()
                0x0045f700                Protocol76::parseSay(NetworkMessage&)
                0x00463df0                Protocol76::GetMapDescription(unsigned short, unsigned short, unsigned char, unsigned short, unsigned short, NetworkMessage&, Player*)
                0x0046cbe0                Protocol76::parsePacket(NetworkMessage&)
                0x0045c420                Protocol76::parseRequestOutfit(NetworkMessage&)
                0x00457a80                Protocol76::parseFollow(NetworkMessage&)
                0x004707f0                Protocol76::sendThingMove(Creature const*, Container const*, unsigned char, Item const*, int, Position const&, Item const*, int, int)
                0x00457c30                Protocol76::parseAcceptTrade(NetworkMessage&)
                0x00457f90                Protocol76::AddMagicEffect(NetworkMessage&, Position const&, unsigned char)
                0x00457820                Protocol76::parseUseItem(NetworkMessage&)
 .text          0x00471de0      0x950 pvparena.o
                0x00471de0                PvpArena::AddArenaTile(Game*, Position const&, Position const&)
                0x00471e90                PvpArena::Load(Game*)
 .text          0x00472730      0xe80 readables.o
                0x00472730                Readables::Load(Game*)
 .text          0x004735b0      0x400 scheduler.o
                0x004735b0                makeTask(long long, boost::function1<void, Game*, std::allocator<boost::function_base> >)
                0x004737b0                makeTask(boost::function1<void, Game*, std::allocator<boost::function_base> >)
 .text          0x004739b0     0x24b0 spawn.o
                0x00473bb0                SpawnManager::~SpawnManager()
                0x00474ec0                Spawn::addMonster(std::string, Direction, int, int, int)
                0x004739d0                SpawnManager::initialize(Game*)
                0x004739c0                SpawnManager::SpawnManager()
                0x00473e40                Spawn::respawn(unsigned long, Position&, std::string&, Direction)
                0x00473d20                Spawn::Spawn(Game*, Position, int)
                0x00474bd0                SpawnManager::checkSpawns(int)
                0x00473cf0                SpawnManager::addSpawn(Spawn*)
                0x004754b0                SpawnManager::loadSpawnsXML(std::string)
                0x004739b0                SpawnManager::SpawnManager()
                0x00473db0                Spawn::Spawn(Game*, Position, int)
                0x004742c0                Spawn::idle(int)
                0x00474c90                SpawnManager::startup()
                0x00474c20                Spawn::startup()
                0x00473a10                Spawn::isInSpawnRange(Position const&)
                0x00473a00                SpawnManager::instance()
                0x00473a70                SpawnManager::~SpawnManager()
 .text          0x00475e60     0xb100 spells.o
                0x00478130                SpellScript::castSpell(Creature*, Position const&, std::string)
                0x0047ffd0                SpellScript::luaActionDoTargetGroundSpell(lua_State*)
                0x0047f2d0                SpellScript::internalLoadDamageVec(lua_State*, std::vector<CreatureCondition, std::allocator<CreatureCondition> >&)
                0x0047cc40                SpellScript::luaActionChangeSpeedMonster(lua_State*)
                0x00480b00                SpellScript::luaActionDoTargetExSpell(lua_State*)
                0x00478950                Spell::~Spell()
                0x00475e60                SpellScript::registerFunctions()
                0x0047af90                InstantSpell::InstantSpell(std::string const&, std::string, std::string, int, int, Game*)
                0x00479400                RuneSpell::RuneSpell(std::string const&, std::string, unsigned short, unsigned short, int, int, Game*)
                0x00479d00                RuneSpell::RuneSpell(std::string const&, std::string, unsigned short, unsigned short, int, int, Game*)
                0x00476410                SpellScript::getSpell(lua_State*)
                0x00478aa0                Spell::Spell(std::string, int, int, Game*)
                0x00476f50                SpellScript::internalMakeRune(Player*, unsigned short, Spell*, unsigned short, unsigned char)
                0x0047d090                SpellScript::djinSpell(lua_State*)
                0x00480400                SpellScript::luaActionDoAreaExSpell(lua_State*)
                0x00478af0                Spell::Spell(std::string, int, int, Game*)
                0x00478b40                SpellScript::SpellScript(std::string const&, std::string, Spell*)
                0x0047c6e0                SpellScript::luaActionChangeSpeed(lua_State*)
                0x0047eaf0                SpellScript::internalGetArea(lua_State*, MagicEffectAreaClass&)
                0x004765d0                SpellScript::internalGetMagicEffect(lua_State*, MagicEffectClass&)
                0x0047a600                InstantSpell::InstantSpell(std::string const&, std::string, std::string, int, int, Game*)
                0x00476940                SpellScript::luaActionDoTargetSpell(lua_State*)
                0x00476ce0                SpellScript::luaActionManaShield(lua_State*)
                0x00476490                SpellScript::internalGetPosition(lua_State*, Position&)
                0x0047c5c0                Spells::Spells(Game*)
                0x0047f530                SpellScript::internalLoadTransformVec(lua_State*, std::map<unsigned short, std::pair<long, std::vector<CreatureCondition, std::allocator<CreatureCondition> > >, std::less<unsigned short>, std::allocator<std::pair<unsigned short const, std::pair<long, std::vector<CreatureCondition, std::allocator<CreatureCondition> > > > > >&)
                0x0047b920                Spells::~Spells()
                0x0047ee40                SpellScript::luaActionDoAreaSpell(lua_State*)
                0x00476b60                SpellScript::luaActionChangeOutfit(lua_State*)
                0x004786a0                Spell::~Spell()
                0x0047fb30                SpellScript::luaActionDoAreaGroundSpell(lua_State*)
                0x004782a0                SpellScript::luaActionGetPos(lua_State*)
                0x0047d6a0                Spells::loadFromXml(std::string const&)
                0x004778e0                SpellScript::luaActionMakeFood(lua_State*)
                0x00477e70                SpellScript::luaActionInvisible(lua_State*)
                0x0047bd60                Spells::~Spells()
                0x00477fa0                SpellScript::luaRemoveCondition(lua_State*)
                0x00478fa0                SpellScript::SpellScript(std::string const&, std::string, Spell*)
                0x00478800                Spell::~Spell()
                0x00476e20                SpellScript::luaActionGetSpeed(lua_State*)
                0x0047c650                Spells::Spells(Game*)
                0x00476ff0                SpellScript::luaActionMakeRune(lua_State*)
                0x00477d30                SpellScript::luaSetPlayerLightLevel(lua_State*)
                0x00477530                SpellScript::luaActionMakeArrows(lua_State*)
                0x0047c190                Spells::~Spells()
 .text          0x00480f60     0x48a0 status.o
                0x00480fb0                Status::getInfo(NetworkMessage&)
                0x00483220                Status::Status()
                0x00480f80                Status::removePlayer()
                0x00480f90                Status::hasSlot()
                0x00483160                Status::instance()
                0x00480f60                Status::addPlayer()
                0x00482cc0                Status::Status()
                0x004836c0                Status::getStatusString()
 .text          0x00485800      0xca0 summons.o
                0x004858b0                Summons::Load()
                0x00485800                Summons::getRequiredMana(std::string)
 .text          0x004864a0      0x160 thing.o
                0x004864a0                Thing::Thing()
                0x004864e0                Thing::Thing()
                0x00486540                Thing::~Thing()
                0x00486520                Thing::~Thing()
                0x00486530                Thing::~Thing()
                0x00486560                Thing::canMovedTo(Tile const*) const
 .text          0x00486600     0x1680 tile.o
                0x00486a70                Tile::floorChange() const
                0x00486600                Tile::isPz() const
                0x004874b0                Tile::getFieldItem()
                0x00487630                Tile::removeThing(Thing*)
                0x004869e0                Tile::floorChangeDown() const
                0x00486670                Tile::isPvpArena() const
                0x00486b60                Tile::getThingStackPos(Thing const*) const
                0x00486620                Tile::isHouse() const
                0x00486c00                Tile::isBlocking(int, bool, bool) const
                0x00487220                Tile::getTopMoveableThing()
                0x004879d0                Tile::insertThing(Thing*, int)
                0x00486740                Tile::getItemHoldingCount() const
                0x00487aa0                Tile::addThing(Thing*)
                0x004866c0                Tile::hasItem(unsigned long) const
                0x00486650                Tile::setHouse(House*)
                0x00486870                Tile::floorChange(Direction) const
                0x00487170                Tile::getThingCount() const
                0x00487530                Tile::getTopTopItem()
                0x00487420                Tile::getTopCreature()
                0x00486810                Tile::getTeleportItem() const
                0x00487770                Tile::clean()
                0x00487440                Tile::getMoveableBlockingItem()
                0x00487510                Tile::getTopDownItem()
                0x00487380                Tile::getThingByStackPos(int)
                0x00486610                Tile::setPz()
                0x004866a0                Tile::getPvpArenaExit() const
                0x00487550                Tile::getTopThing()
                0x004871c0                Tile::getCreatureStackPos(Creature*) const
                0x004875a0                Tile::getDescription() const
                0x00486680                Tile::setPvpArena(Position const&)
                0x00486640                Tile::getHouse() const
 .text          0x00487c80     0x1210 tools.o
                0x004883d0                timer()
                0x004883b0                safe_atoi(char const*)
                0x00487c80                fileExists(char*)
                0x00487d20                hexdump(unsigned char*, int)
                0x00487ff0                upper(char*, char*)
                0x004888a0                str(int)
                0x00487e40                upchar(char)
                0x00488440                article(std::string const&)
                0x00487cc0                random_range(int, int)
                0x004881c0                upper(char*, char*, int)
 .text          0x00488e90      0x5d0 account.o
                0x00488e90                Account::~Account()
                0x00489370                Account::Account()
                0x00489100                Account::~Account()
                0x004893a0                Account::Account()
 .text          0x00489460     0xca60 actions.o
                0x004906a0                ActionScript::luaActionDoSendCancel(lua_State*)
                0x0048a760                ActionScript::internalAddThing(lua_State*, Thing const*, unsigned int)
                0x00490800                ActionScript::luaActionDoFeedPlayer(lua_State*)
                0x004939d0                ActionScript::luaActionDoPlayerAddItem(lua_State*)
                0x0048f980                ActionScript::luaActionDoPlayerSendTextMessage(lua_State*)
                0x00490330                ActionScript::luaActionDoPlayerSay(lua_State*)
                0x0048d200                ActionScript::~ActionScript()
                0x0048cff0                ActionScript::ClearMap()
                0x00490980                ActionScript::luaActionDoPlayerRemoveItem(lua_State*)
                0x0048df90                Actions::loadFromXml(std::string const&)
                0x0048a950                ActionScript::internalGetPositionEx(lua_State*, PositionEx&)
                0x0048e990                ActionScript::GetPlayerByUID(int)
                0x004919d0                ActionScript::luaActionDoSetItemText(lua_State*)
                0x0048db00                ActionScript::luaActionDoSendMagicEffect(lua_State*)
                0x004910a0                ActionScript::luaActionGetPlayerMasterPos(lua_State*)
                0x0048f640                ActionScript::luaActionGetPlayerStorageValue(lua_State*)
                0x0048c160                Action::Action(Game*, std::string const&, std::string const&)
                0x004894c0                Actions::canUseFar(Player const*, Position const&, bool) const
                0x0048ed80                ActionScript::luaActionDoGetSlotItem(lua_State*)
                0x0048ba70                Actions::Actions(Game*)
                0x004936f0                ActionScript::luaActionGetThingfromPos(lua_State*)
                0x00494eb0                Actions::UseItem(Player*, Position const&, unsigned char, unsigned short, unsigned char)
                0x004923d0                ActionScript::luaActionDoChangeTypeItem(lua_State*)
                0x0048d380                ActionScript::~ActionScript()
                0x0048a660                ActionScript::internalGetRealPosition(ActionScript*, Player*, Position const&)
                0x0048bb00                Actions::Actions(Game*)
                0x00495770                ActionScript::UpdateThingPos(int, PositionEx&)
                0x00494270                Actions::luaWalk(Player*, Position const&, unsigned short, unsigned int, unsigned int)
                0x00493d20                Action::executeWalkOff(Player*, unsigned short, unsigned int, unsigned int, Position const&)
                0x00495ba0                ActionScript::AddThingToMapUnique(Thing*)
                0x00491630                ActionScript::GetItemByUID(int)
                0x00492c60                ActionScript::AddThingToMap(Thing*, PositionEx&)
                0x0048b610                Actions::~Actions()
                0x0048acd0                ActionScript::luaActionDoAddTeleport(lua_State*)
                0x0048d080                ActionScript::~ActionScript()
                0x0048f090                ActionScript::luaActionDoPlayerSetMasterPos(lua_State*)
                0x004921f0                ActionScript::luaActionDoShowTextWindow(lua_State*)
                0x00489640                Actions::openContainer(Player*, Container*, unsigned char)
                0x00489770                Action::~Action()
                0x00491d40                ActionScript::luaActionDoSetItemActionId(lua_State*)
                0x0048f480                ActionScript::luaActionSetPlayerStorageValue(lua_State*)
                0x0048b840                Actions::~Actions()
                0x004897f0                ActionScript::registerFunctions()
                0x004910c0                ActionScript::luaActionGetPlayerVocation(lua_State*)
                0x00491120                ActionScript::luaActionGetPlayerHealth(lua_State*)
                0x0048b190                ActionScript::luaActionGetItemName(lua_State*)
                0x00489730                Action::~Action()
                0x0048e7d0                ActionScript::GetThingByUID(int)
                0x004911c0                ActionScript::luaActionGetPlayerFood(lua_State*)
                0x00491f70                ActionScript::luaActionDoDecayItem(lua_State*)
                0x00493060                ActionScript::luaActionDoSummonCreature(lua_State*)
                0x004920b0                ActionScript::luaActionGetItemRWInfo(lua_State*)
                0x004911a0                ActionScript::luaActionGetPlayerAccess(lua_State*)
                0x00491210                ActionScript::luaActionDoCreateCondition(lua_State*)
                0x004897b0                Action::~Action()
                0x00491160                ActionScript::luaActionGetPlayerMagLevel(lua_State*)
                0x0048f2f0                ActionScript::luaActionDoPlayerRemoveMoney(lua_State*)
                0x0048e9c0                ActionScript::luaActionDoMovePlayer(lua_State*)
                0x00491100                ActionScript::luaActionGetPlayerName(lua_State*)
                0x00491080                ActionScript::luaActionGetPlayerGuildId(lua_State*)
                0x0048aad0                ActionScript::luaActionGetTilePzInfo(lua_State*)
                0x0048ca20                ActionScript::ActionScript(Game*, std::string const&, std::string const&)
                0x0048aa20                ActionScript::getActionScript(lua_State*)
                0x00489460                Actions::canUse(Player const*, Position const&) const
                0x00491660                ActionScript::luaActionDoSetItemSpecialDescription(lua_State*)
                0x00490170                ActionScript::luaActionDoPlayerAddSkillTry(lua_State*)
                0x00494020                Action::executeWalk(Player*, unsigned short, unsigned int, unsigned int, Position const&)
                0x00493440                ActionScript::luaActionDoCreateItem(lua_State*)
                0x00495810                ActionScript::luaActionDoTeleportThing(lua_State*)
                0x0048c930                Action::Action(Game*, std::string const&, std::string const&)
                0x004928f0                ActionScript::luaActionDoRemoveItem(lua_State*)
                0x004896e0                readXMLInteger(_xmlNode*, char const*, int&)
                0x0048afa0                ActionScript::luaActionDoRemoveTeleport(lua_State*)
                0x00494320                Action::executeUse(Player*, Item*, PositionEx&, PositionEx&)
                0x004910e0                ActionScript::luaActionGetPlayerPosition(lua_State*)
                0x0048a6e0                ActionScript::internalAddPositionEx(lua_State*, PositionEx const&)
                0x0048aaa0                ActionScript::internalGetString(lua_State*)
                0x00491180                ActionScript::luaActionGetPlayerLevel(lua_State*)
                0x0048d500                ActionScript::luaActionDoSendAnimatedText(lua_State*)
                0x0048bb90                ActionScript::ActionScript(Game*, std::string const&, std::string const&)
                0x0048ebf0                ActionScript::luaActionGetPlayerItem(lua_State*)
                0x0048fcd0                ActionScript::luaActionDoPlayerAddHealth(lua_State*)
                0x00492660                ActionScript::luaActionDoTransformItem(lua_State*)
                0x00493f70                Actions::luaWalkOff(Player*, Position const&, unsigned short, unsigned int, unsigned int)
                0x00494810                Actions::UseItemEx(Player*, Position const&, unsigned char, Position const&, unsigned char, unsigned short)
                0x0048c250                Actions::loadAction(_xmlNode*)
                0x0048a9d0                ActionScript::internalGetNumber(lua_State*)
                0x00491140                ActionScript::luaActionGetPlayerMana(lua_State*)
                0x00490b50                ActionScript::internalGetPlayerInfo(lua_State*, ePlayerInfo)
                0x0048ef10                ActionScript::luaActionDoPlayerSetVocation(lua_State*)
                0x0048f7e0                ActionScript::luaActionGetPlayerSkill(lua_State*)
                0x0048b2e0                Actions::clear()
                0x0048e7a0                Actions::reload()
                0x0048b200                Actions::getAction(Item const*)
                0x0048fb30                ActionScript::luaActionDoPlayerAddMana(lua_State*)
                0x004911e0                ActionScript::GetCreatureByUID(int)
                0x0048b3d0                Actions::~Actions()
 .text          0x00495ec0     0x2370 chat.o
                0x004967c0                Chat::Chat()
                0x00496560                ChatChannel::ChatChannel(unsigned short, std::string)
                0x004971e0                Chat::Chat()
                0x00495f40                Chat::getChannel(Player*, unsigned short)
                0x00496080                Chat::talkToChannel(Player*, SpeakClasses, std::string&, unsigned short)
                0x00496400                ChatChannel::ChatChannel(unsigned short, std::string)
                0x00495ec0                ChatChannel::talk(Player*, SpeakClasses, std::string&, unsigned short)
                0x00495fb0                Chat::getChannelName(Player*, unsigned short)
                0x00496240                Chat::deleteChannel(Player*, unsigned short)
                0x004966c0                ChatChannel::addUser(Player*)
                0x00496770                Chat::addUserToChannel(Player*, unsigned short)
                0x00497ea0                Chat::getChannelList(Player*)
                0x00496160                ChatChannel::removeUser(Player*)
                0x004961c0                Chat::removeUserFromChannel(Player*, unsigned short)
                0x00498070                Chat::removeUserFromAllChannels(Player*)
                0x00497c00                Chat::createChannel(Player*, unsigned short)
 .text          0x00498230    0x10b60 commands.o
                0x00499090                Commands::promote(Creature*, std::string const&, std::string const&)
                0x0049ad80                Commands::createItems(Creature*, std::string const&, std::string const&)
                0x00499d20                Commands::setMaxPlayers(Creature*, std::string const&, std::string const&)
                0x004a6440                Commands::showFrags(Creature*, std::string const&, std::string const&)
                0x004a7630                Commands::Commands(Game*)
                0x0049f310                Commands::unbanplayer(Creature*, std::string const&, std::string const&)
                0x00499680                Commands::blessing(Creature*, std::string const&, std::string const&)
                0x00499500                Commands::noskull(Creature*, std::string const&, std::string const&)
                0x0049c3c0                Commands::whoIsOnline(Creature*, std::string const&, std::string const&)
                0x004a4be0                Commands::substract_contMoney(Creature*, std::string const&, std::string const&)
                0x0049d890                Commands::loadXml(std::string const&)
                0x00498a60                Commands::openServer(Creature*, std::string const&, std::string const&)
                0x00499880                Commands::doRaid(Creature*, std::string const&, std::string const&)
                0x00498b10                Commands::goUp(Creature*, std::string const&, std::string const&)
                0x00498230                Commands::placeNpc(Creature*, std::string const&, std::string const&)
                0x0049a6d0                Commands::showExpForLvl(Creature*, std::string const&, std::string const&)
                0x004a7fb0                Commands::createItemsByName(Creature*, std::string const&, std::string const&)
                0x0049c860                Commands::exeCommand(Creature*, std::string const&)
                0x00498d30                Commands::forceServerSave(Creature*, std::string const&, std::string const&)
                0x004a7af0                Commands::Commands(Game*)
                0x004984a0                Commands::placeMonster(Creature*, std::string const&, std::string const&)
                0x004a2cf0                Commands::onlineList(Creature*, std::string const&, std::string const&)
                0x0049a040                Commands::showManaForLvl(Creature*, std::string const&, std::string const&)
                0x00498c70                Commands::banCharacter(Creature*, std::string const&, std::string const&)
                0x004a1870                Commands::showUptime(Creature*, std::string const&, std::string const&)
                0x004991b0                Commands::allowPrivateChannel(Creature*, std::string const&, std::string const&)
                0x004a3ee0                Commands::getInfo(Creature*, std::string const&, std::string const&)
                0x00499490                Commands::testCommand(Creature*, std::string const&, std::string const&)
                0x0049bdc0                Commands::report(Creature*, std::string const&, std::string const&)
                0x0049e250                Commands::gmInvisible(Creature*, std::string const&, std::string const&)
                0x0049c800                Commands::closeServer(Creature*, std::string const&, std::string const&)
                0x004992a0                Commands::setWorldType(Creature*, std::string const&, std::string const&)
                0x0049e130                Commands::reloadInfo(Creature*, std::string const&, std::string const&)
                0x00498a10                Commands::teleportHere(Creature*, std::string const&, std::string const&)
                0x00498730                Commands::placeSummon(Creature*, std::string const&, std::string const&)
                0x004a0120                Commands::doGiveExp(Creature*, std::string const&, std::string const&)
                0x00498f90                Commands::forceguildSave(Creature*, std::string const&, std::string const&)
                0x004a23a0                Commands::showPos(Creature*, std::string const&, std::string const&)
                0x00498cd0                Commands::reloadRights(Creature*, std::string const&, std::string const&)
                0x004a8be0                Commands::banPlayer(Creature*, std::string const&, std::string const&)
                0x00498bc0                Commands::goDown(Creature*, std::string const&, std::string const&)
                0x0049e0c0                Commands::reload()
                0x0049e860                Commands::mcCheck(Creature*, std::string const&, std::string const&)
                0x00498a80                Commands::kickPlayer(Creature*, std::string const&, std::string const&)
                0x004990f0                Commands::changeSex(Creature*, std::string const&, std::string const&)
                0x00498da0                Commands::forcePlayerSave(Creature*, std::string const&, std::string const&)
                0x004989a0                Commands::broadcastMessage(Creature*, std::string const&, std::string const&)
                0x0049b190                Commands::teleportPlayerTo(Creature*, std::string const&, std::string const&)
                0x00499230                Commands::shutdown(Creature*, std::string const&, std::string const&)
                0x004a5e10                Commands::cleanMap(Creature*, std::string const&, std::string const&)
                0x00499370                Commands::teleportNTiles(Creature*, std::string const&, std::string const&)
                0x004999d0                Commands::setHouseOwner(Creature*, std::string const&, std::string const&)
                0x004a6bd0                Commands::showRs(Creature*, std::string const&, std::string const&)
                0x0049b7a0                Commands::teleportTo(Creature*, std::string const&, std::string const&)
                0x00498e90                Commands::forceHouseSave(Creature*, std::string const&, std::string const&)
                0x004989d0                Commands::teleportMasterPos(Creature*, std::string const&, std::string const&)
 .text          0x004a8d90      0xfd0 container.o
                0x004a95e0                Container::addItem(Item*)
                0x004a98f0                Container::isHoldingItem(Item const*) const
                0x004a8df0                Container::getSlotNumberByItem(Item const*) const
                0x004a8db0                Container::getTopParent() const
                0x004a8e70                Container::getItem(unsigned long)
                0x004a91e0                Container::~Container()
                0x004a8eb0                Container::removeItem(Item*)
                0x004a8e30                Container::getItem(unsigned long) const
                0x004a8d90                Container::getTopParent()
                0x004a8f40                Container::~Container()
                0x004a9690                Container::getWeight() const
                0x004a9550                Container::moveItem(unsigned char, unsigned char)
                0x004a8dd0                Container::getEnd() const
                0x004a8de0                Container::getItems() const
                0x004a9440                Container::Container(unsigned short)
                0x004a9090                Container::~Container()
                0x004a9330                Container::Container(unsigned short)
                0x004a9af0                Container::getItemHoldingCount() const
 .text          0x004a9d60     0x2670 creature.o
                0x004ab580                Creature::addInflictedDamage(Creature*, int)
                0x004aa010                Creature::getSleepTicks() const
                0x004aac50                Creature::Creature()
                0x004a9db0                Creature::getLostExperience()
                0x004ab030                Creature::Creature()
                0x004aa1d0                Creature::setAttackedCreature(Creature const*)
                0x004a9f60                Creature::getStepDuration() const
                0x004aa190                Creature::checkInvisible(int)
                0x004aa240                Creature::getTotalInflictedDamage()
                0x004aa6b0                Creature::~Creature()
                0x004aa980                Creature::~Creature()
                0x004a9d90                Creature::setMaster(Creature*)
                0x004aa3e0                Creature::~Creature()
                0x004a9d60                Creature::drainMana(int)
                0x004aba00                Creature::getDescription(bool) const
                0x004ac180                Creature::drainHealth(int, std::vector<Creature*, std::allocator<Creature*> >*)
                0x004ab8f0                Creature::getInflicatedDamageCreatureList()
                0x004aa290                Creature::removeSummon(Creature*)
                0x004a9dc0                Creature::getInflicatedDamage(Creature*)
                0x004a9df0                Creature::getGainedExperience(Creature*)
                0x004aa380                Creature::addSummon(Creature*)
                0x004ab430                Creature::removeCondition(attacktype_t)
                0x004aa320                Creature::getInflicatedDamage(unsigned long)
                0x004ab470                Creature::addCondition(CreatureCondition const&, bool)
                0x004a9f20                Creature::canMovedTo(Tile const*) const
                0x004aa140                Creature::isPlayersSummon() const
 .text          0x004ac3d0     0x2c20 exception.o
                0x004ac450                ExceptionHandler::~ExceptionHandler()
                0x004ad8f0                ExceptionHandler::LoadMap()
                0x004ac480                printPointer(std::ostream*, unsigned long)
                0x004ac4f0                _SEHHandler(_EXCEPTION_RECORD*, void*, _CONTEXT*, void*)
                0x004ac3e0                ExceptionHandler::ExceptionHandler()
                0x004ac420                ExceptionHandler::~ExceptionHandler()
                0x004aece0                ExceptionHandler::InstallHandler()
                0x004ac3d0                ExceptionHandler::ExceptionHandler()
                0x004ac3f0                ExceptionHandler::RemoveHandler()
 .text          0x004aeff0     0x3020 fileloader.o
                0x004af190                FileLoader::~FileLoader()
                0x004af050                FileLoader::FileLoader()
                0x004b1fb0                FileLoader::getProps(unsigned long, PropStream&)
                0x004b14d0                FileLoader::getProps(unsigned long, unsigned long&)
                0x004aeff0                FileLoader::FileLoader()
                0x004af560                FileLoader::loadCacheBlock(unsigned long)
                0x004af210                FileLoader::openFile(char const*, bool, bool)
                0x004af3a0                FileLoader::setProps(void*, unsigned short)
                0x004af510                FileLoader::endNode()
                0x004af690                FileLoader::getNextNode(unsigned long, unsigned long&)
                0x004b0580                FileLoader::getChildNode(unsigned long, unsigned long&)
                0x004af120                FileLoader::~FileLoader()
                0x004af450                FileLoader::startNode(unsigned char)
                0x004af0b0                FileLoader::~FileLoader()
 .text          0x004b2010    0x46a70 game.o
                0x004d7980                Game::autoCloseAttack(Player*, Creature*)
                0x004e4eb0                Game::creatureMakeMagic(Creature*, Position const&, MagicEffectClass const*)
                0x004b5a70                Game::serverSave()
                0x004d57a0                Game::checkLight(int)
                0x004b3280                Game::onPrepareMoveThing(Player*, slots_t, Item const*, slots_t, Item const*, int)
                0x004d1d60                GameState::addCreatureState(Tile*, Creature*, int, int, bool)
                0x004c5550                Game::CreateManaDamageUpdate(Creature*, Creature*, int)
                0x004ded00                Game::onPvP(Creature*, Creature*, bool)
                0x004e34f0                GameState::onAttack(Creature*, Position const&, MagicEffectClass const*)
                0x004b9d60                Game::TransformOrRemoveItem(Position const&, unsigned short, bool)
                0x004b58d0                Game::disbandParty(unsigned long)
                0x004be5b0                Game::stopEvent(unsigned long)
                0x004e6ea0                Game::thingMoveInternal(Creature*, unsigned short, unsigned short, unsigned char, unsigned char, unsigned short, unsigned short, unsigned short, unsigned char, unsigned char)
                0x004b3ee0                Game::loadBeds(std::string)
                0x004b42f0                Game::getCreaturesOnline()
                0x004b2290                Game::creatureApplyDamage(Creature*, int, int&, int&, std::vector<Creature*, std::allocator<Creature*> >*)
                0x004c1c30                Game::changeBed(Position, unsigned int, std::string)
                0x004c4220                Game::playerLookInTrade(Player*, bool, int)
                0x004e1c50                Game::creatureMakeDamage(Creature*, Creature*, fight_t)
                0x004b2480                Game::setTile(unsigned short, unsigned short, unsigned char, unsigned short)
                0x004b4300                Game::getBedID(Position)
                0x004b36a0                Game::creatureTalkToChannel(Player*, SpeakClasses, std::string&, unsigned short)
                0x004b9560                Game::sendMagicEffect(Position, unsigned char)
                0x004b3680                Game::getSpectators(Range const&, std::list<Creature*, std::allocator<Creature*> >&)
                0x004ddcd0                Game::getDestinationPos(Player*)
                0x004f5c80                Game::creatureSay(Creature*, SpeakClasses, std::string const&)
                0x004d6930                Game::autoHouseSave()
                0x004b3990                Game::guildSave()
                0x004b3150                Game::onPrepareMoveThing(Player*, Position const&, Item const*, slots_t, int)
                0x004b2450                Game::getTile(unsigned short, unsigned short, unsigned char)
                0x004bb950                Game::removeThing(Player*, Position const&, Thing*, bool)
                0x004eaab0                Game::checkPlayerWalkTo(unsigned long)
                0x004c96c0                Game::addPlayerBuffer(Player*)
                0x004b3450                Game::onPrepareMoveThing(Player*, Item const*, slots_t, int)
                0x004ea950                Game::thingMove(Creature*, Thing*, unsigned short, unsigned short, unsigned char, unsigned char)
                0x004b27e0                Game::onPrepareMoveThing(Creature*, Thing const*, Tile const*, Tile const*, int)
                0x004b32f0                Game::onPrepareMoveThing(Player*, Container const*, Item const*, slots_t, Item const*, int)
                0x004db100                Game::placeCreature(Position&, Creature*, int*)
                0x004b6bb0                Game::getCreatureByName(std::string const&)
                0x004be460                GameState::GameState(Game*, Range const&)
                0x004cea10                Game::thingMoveInternal(Player*, unsigned char, unsigned char, unsigned short, bool, unsigned char, unsigned char, bool, unsigned char)
                0x004d1460                Game::thingMove(Player*, unsigned char, unsigned char, unsigned short, bool, unsigned char, unsigned char, bool, unsigned char)
                0x004b83c0                Game::getPlayerByID(unsigned long)
                0x004ba6a0                Game::creatureBroadcastTileUpdated(Position const&)
                0x004d3f20                Game::addEvent(SchedulerTask*)