Archive member included because of file (symbol)

C:/Dev-Cpp/lib/libwsock32.a(dywds00061.o)
                              obj/networkmessage.o (recv@16)
C:/Dev-Cpp/lib/libwsock32.a(dywds00026.o)
                              obj/networkmessage.o (WSAGetLastError@0)
C:/Dev-Cpp/lib/libwsock32.a(dywds00056.o)
                              obj/networkmessage.o (ioctlsocket@12)
C:/Dev-Cpp/lib/libwsock32.a(dywds00067.o)
                              obj/networkmessage.o (send@16)
C:/Dev-Cpp/lib/libwsock32.a(dywds00044.o)
                              obj/otserv.o (getpeername@12)
C:/Dev-Cpp/lib/libwsock32.a(dywds00037.o)
                              obj/otserv.o (closesocket@4)
C:/Dev-Cpp/lib/libwsock32.a(dywds00031.o)
                              obj/otserv.o (WSAStartup@8)
C:/Dev-Cpp/lib/libwsock32.a(dywds00025.o)
                              obj/otserv.o (WSACleanup@0)
C:/Dev-Cpp/lib/libwsock32.a(dywds00053.o)
                              obj/otserv.o (inet_addr@4)
C:/Dev-Cpp/lib/libwsock32.a(dywds00042.o)
                              obj/otserv.o (gethostname@8)
C:/Dev-Cpp/lib/libwsock32.a(dywds00041.o)
                              obj/otserv.o (gethostbyname@4)
C:/Dev-Cpp/lib/libwsock32.a(dywds00052.o)
                              obj/otserv.o (htons@4)
C:/Dev-Cpp/lib/libwsock32.a(dywds00051.o)
                              obj/otserv.o (htonl@4)
C:/Dev-Cpp/lib/libwsock32.a(dywds00072.o)
                              obj/otserv.o (socket@12)
C:/Dev-Cpp/lib/libwsock32.a(dywds00036.o)
                              obj/otserv.o (bind@12)
C:/Dev-Cpp/lib/libwsock32.a(dywds00057.o)
                              obj/otserv.o (listen@8)
C:/Dev-Cpp/lib/libwsock32.a(dywds00066.o)
                              obj/otserv.o (select@20)
C:/Dev-Cpp/lib/libwsock32.a(dywds00035.o)
                              obj/otserv.o (accept@12)
C:/Dev-Cpp/lib/libwsock32.a(dywdh.o)
                              C:/Dev-Cpp/lib/libwsock32.a(dywds00061.o) (_head_libwsock32_a)
C:/Dev-Cpp/lib/libwsock32.a(dywdt.o)
                              C:/Dev-Cpp/lib/libwsock32.a(dywdh.o) (_libwsock32_a_iname)
C:/Dev-Cpp/lib\libboost_regex-mgw-mt-s-1_33_1.lib(instances.obj)
                              obj/aac.o (boost::cpp_regex_traits<char>::toi(char const*&, char const*, int) const)
C:/Dev-Cpp/lib\libboost_regex-mgw-mt-s-1_33_1.lib(regex_raw_buffer.obj)
                              obj/aac.o (boost::re_detail::raw_storage::insert(unsigned int, unsigned int))
C:/Dev-Cpp/lib\libboost_regex-mgw-mt-s-1_33_1.lib(regex_traits_defaults.obj)
                              obj/aac.o (boost::re_detail::get_default_error_string(boost::regex_constants::error_type))
C:/Dev-Cpp/lib\libboost_regex-mgw-mt-s-1_33_1.lib(regex.obj)
                              obj/aac.o (boost::regex_error::regex_error(std::string const&, boost::regex_constants::error_type, int))
C:/Dev-Cpp/lib\libboost_regex-mgw-mt-s-1_33_1.lib(static_mutex.obj)
                              C:/Dev-Cpp/lib\libboost_regex-mgw-mt-s-1_33_1.lib(instances.obj) (boost::scoped_static_mutex_lock::scoped_static_mutex_lock(boost::static_mutex&, bool))
C:/Dev-Cpp/lib\libboost_regex-mgw-mt-s-1_33_1.lib(cpp_regex_traits.obj)
                              C:/Dev-Cpp/lib\libboost_regex-mgw-mt-s-1_33_1.lib(instances.obj) (boost::re_detail::cpp_regex_traits_char_layer<char>::init())
C:/Dev-Cpp/lib/libstdc++.a(tinfo.o)
                              obj/actions.o (__dynamic_cast)
C:/Dev-Cpp/lib/libstdc++.a(streambuf-inst.o)
                              obj/aac.o (std::basic_streambuf<char, std::char_traits<char> >::~basic_streambuf())
C:/Dev-Cpp/lib/libstdc++.a(eh_personality.o)
                              obj/aac.o (__gxx_personality_sj0)
C:/Dev-Cpp/lib/libstdc++.a(string-inst.o)
                              obj/exception.o (std::string::find(char const*, unsigned int, unsigned int) const)
C:/Dev-Cpp/lib/libstdc++.a(fstream-inst.o)
                              obj/aac.o (std::basic_filebuf<char, std::char_traits<char> >::open(char const*, std::_Ios_Openmode))
C:/Dev-Cpp/lib/libstdc++.a(io-inst.o)
                              obj/aac.o (std::basic_ios<char, std::char_traits<char> >::clear(std::_Ios_Iostate))
C:/Dev-Cpp/lib/libstdc++.a(sstream-inst.o)
                              obj/game.o (std::basic_stringstream<char, std::char_traits<char>, std::allocator<char> >::~basic_stringstream())
C:/Dev-Cpp/lib/libstdc++.a(ios_init.o)
                              obj/aac.o (std::ios_base::Init::~Init())
C:/Dev-Cpp/lib/libstdc++.a(stdexcept.o)
                              obj/scheduler.o (std::runtime_error::what() const)
C:/Dev-Cpp/lib/libstdc++.a(pure.o)
                              obj/aac.o (__cxa_pure_virtual)
C:/Dev-Cpp/lib/libstdc++.a(istream-inst.o)
                              C:/Dev-Cpp/lib/libstdc++.a(fstream-inst.o) (std::basic_istream<char, std::char_traits<char> >::~basic_istream())
C:/Dev-Cpp/lib/libstdc++.a(functexcept.o)
[...]
Memory Configuration

Name             Origin             Length             Attributes
*default*        0x00000000         0xffffffff

Linker script and memory map

                0x00400000                __image_base__ = 0x400000
                0x00000000                __dll__ = 0x0
                0x00001000                __section_alignment__ = 0x1000
                0x00000200                __file_alignment__ = 0x200
                0x00000004                __major_os_version__ = 0x4
                0x00000000                __minor_os_version__ = 0x0
                0x00000001                __major_image_version__ = 0x1
                0x00000000                __minor_image_version__ = 0x0
                0x00000004                __major_subsystem_version__ = 0x4
                0x00000000                __minor_subsystem_version__ = 0x0
                0x00000003                __subsystem__ = 0x3
                0x00200000                __size_of_stack_reserve__ = 0x200000
                0x00001000                __size_of_stack_commit__ = 0x1000
                0x00100000                __size_of_heap_reserve__ = 0x100000
                0x00001000                __size_of_heap_commit__ = 0x1000
                0x00000000                __loader_flags__ = 0x0
LOAD C:/Dev-Cpp/Bin/../lib/gcc/mingw32/3.4.2/../../../crt2.o
LOAD C:/Dev-Cpp/Bin/../lib/gcc/mingw32/3.4.2/crtbegin.o
LOAD obj/aac.o
LOAD obj/account.o
LOAD obj/actions.o
LOAD obj/allocator.o
LOAD obj/chat.o
LOAD obj/commands.o
LOAD obj/container.o
LOAD obj/creature.o
LOAD obj/exception.o
LOAD obj/fileloader.o
LOAD obj/game.o
LOAD obj/guilds.o
LOAD obj/houses.o
LOAD obj/ioaccount.o
LOAD obj/ioaccountxml.o
LOAD obj/iomapbin.o
LOAD obj/iomapotbm.o
LOAD obj/iomapxml.o
LOAD obj/ioplayer.o
LOAD obj/ioplayerxml.o
LOAD obj/item.o
LOAD obj/itemloader.o
LOAD obj/items.o
LOAD obj/logger.o
LOAD obj/loginqueue.o
LOAD obj/luascript.o
LOAD obj/magic.o
LOAD obj/map.o
LOAD obj/md5.o
LOAD obj/monster.o
LOAD obj/monsters.o
LOAD obj/networkmessage.o
LOAD obj/npc.o
LOAD obj/otserv.o
LOAD obj/player.o
LOAD obj/position.o
LOAD obj/protocol.o
LOAD obj/protocol76.o
LOAD obj/pvparena.o
LOAD obj/readables.o
LOAD obj/scheduler.o
LOAD obj/spawn.o
LOAD obj/spells.o
LOAD obj/status.o
LOAD obj/summons.o
LOAD obj/thing.o
LOAD obj/tile.o
LOAD obj/tools.o
LOAD obj/!About.o
LOAD obj/otserv_private.res
LOAD C:/Dev-Cpp/lib/libwsock32.a
LOAD C:/Dev-Cpp/lib\libboost_regex-mgw-mt-s-1_33_1.lib
LOAD C:/Dev-Cpp/bin/libxml2.dll
LOAD C:/Dev-Cpp/bin/lua5.dll
LOAD C:/Dev-Cpp/bin/lualib5.dll
LOAD C:/Dev-Cpp/lib/libstdc++.a
LOAD C:/Dev-Cpp/lib/libmingw32.a
LOAD C:/Dev-Cpp/Bin/../lib/gcc/mingw32/3.4.2/libgcc.a
LOAD C:/Dev-Cpp/lib/libmoldname.a
LOAD C:/Dev-Cpp/lib/libmingwex.a
LOAD C:/Dev-Cpp/lib/libmsvcrt.a
LOAD C:/Dev-Cpp/lib/libuser32.a
LOAD C:/Dev-Cpp/lib/libkernel32.a
LOAD C:/Dev-Cpp/lib/libadvapi32.a
LOAD C:/Dev-Cpp/lib/libshell32.a
LOAD C:/Dev-Cpp/lib/libmingw32.a
LOAD C:/Dev-Cpp/Bin/../lib/gcc/mingw32/3.4.2/libgcc.a
LOAD C:/Dev-Cpp/lib/libmoldname.a
LOAD C:/Dev-Cpp/lib/libmingwex.a
LOAD C:/Dev-Cpp/lib/libmsvcrt.a
LOAD C:/Dev-Cpp/Bin/../lib/gcc/mingw32/3.4.2/crtend.o

.text           0x00401000   0x176200
 *(.init)
 *(.text)
 .text          0x00401000      0x280 C:/Dev-Cpp/Bin/../lib/gcc/mingw32/3.4.2/../../../crt2.o
                0x00401240                WinMainCRTStartup
                0x00401220                mainCRTStartup
                0x00401260                atexit
                0x00401270                _onexit
 .text          0x00401280       0x10 C:/Dev-Cpp/Bin/../lib/gcc/mingw32/3.4.2/crtbegin.o
                0x00401280                __do_sjlj_init
 .text          0x00401290     0x29a0 obj/aac.o
                0x00401290                AccountCreator::uniqueAccountNumber()
                0x00402040                AccountCreator::process(std::string)
 .text          0x00403c30      0x5f0 obj/account.o
                0x00403c30                Account::~Account()
                0x00404110                Account::Account()
                0x00403ea0                Account::~Account()
                0x00404150                Account::Account()
 .text          0x00404220     0xb1c0 obj/actions.o
                0x0040a880                ActionScript::luaActionDoSendCancel(lua_State*)
                0x00405360                ActionScript::internalAddThing(lua_State*, Thing const*, unsigned int)
                0x0040a9e0                ActionScript::luaActionDoFeedPlayer(lua_State*)
                0x0040d780                ActionScript::luaActionDoPlayerAddItem(lua_State*)
                0x00409b60                ActionScript::luaActionDoPlayerSendTextMessage(lua_State*)
                0x0040a510                ActionScript::luaActionDoPlayerSay(lua_State*)
                0x00407940                ActionScript::~ActionScript()
                0x00407730                ActionScript::ClearMap()
                0x0040ab60                ActionScript::luaActionDoPlayerRemoveItem(lua_State*)
                0x004086d0                Actions::loadFromXml(std::string const&)
                0x00405550                ActionScript::internalGetPositionEx(lua_State*, PositionEx&)
                0x004090d0                ActionScript::GetPlayerByUID(int)
                0x0040b780                ActionScript::luaActionDoSetItemText(lua_State*)
                0x00408240                ActionScript::luaActionDoSendMagicEffect(lua_State*)
                0x0040b270                ActionScript::luaActionGetPlayerMasterPos(lua_State*)
                0x00409820                ActionScript::luaActionGetPlayerStorageValue(lua_State*)
                0x004068a0                Action::Action(Game*, std::string const&, std::string const&)
                0x00404280                Actions::canUseFar(Player const*, Position const&, bool) const
                0x004061b0                Actions::Actions(Game*)
                0x0040d4a0                ActionScript::luaActionGetThingfromPos(lua_State*)
                0x0040e660                Actions::UseItem(Player*, Position const&, unsigned char, unsigned short, unsigned char)
                0x0040c180                ActionScript::luaActionDoChangeTypeItem(lua_State*)
                0x00407ac0                ActionScript::~ActionScript()
                0x00405260                ActionScript::internalGetRealPosition(ActionScript*, Player*, Position const&)
                0x00406240                Actions::Actions(Game*)
                0x0040eca0                ActionScript::UpdateThingPos(int, PositionEx&)
                0x0040f0c0                ActionScript::AddThingToMapUnique(Thing*)
                0x0040b3e0                ActionScript::GetItemByUID(int)
                0x0040ca10                ActionScript::AddThingToMap(Thing*, PositionEx&)
                0x00405d50                Actions::~Actions()
                0x004077c0                ActionScript::~ActionScript()
                0x00409280                ActionScript::luaActionDoPlayerSetMasterPos(lua_State*)
                0x0040bfa0                ActionScript::luaActionDoShowTextWindow(lua_State*)
                0x00404400                Actions::openContainer(Player*, Container*, unsigned char)
                0x00404530                Action::~Action()
                0x0040baf0                ActionScript::luaActionDoSetItemActionId(lua_State*)
                0x00409660                ActionScript::luaActionSetPlayerStorageValue(lua_State*)
                0x00405f80                Actions::~Actions()
                0x004045b0                ActionScript::registerFunctions()
                0x0040b290                ActionScript::luaActionGetPlayerVocation(lua_State*)
                0x0040b2f0                ActionScript::luaActionGetPlayerHealth(lua_State*)
                0x004058d0                ActionScript::luaActionGetItemName(lua_State*)
                0x004044f0                Action::~Action()
                0x00408f10                ActionScript::GetThingByUID(int)
                0x0040b390                ActionScript::luaActionGetPlayerFood(lua_State*)
                0x0040bd20                ActionScript::luaActionDoDecayItem(lua_State*)
                0x0040ce10                ActionScript::luaActionDoSummonCreature(lua_State*)
                0x0040be60                ActionScript::luaActionGetItemRWInfo(lua_State*)
                0x0040b370                ActionScript::luaActionGetPlayerAccess(lua_State*)
                0x00404570                Action::~Action()
                0x0040b330                ActionScript::luaActionGetPlayerMagLevel(lua_State*)
                0x004094d0                ActionScript::luaActionDoPlayerRemoveMoney(lua_State*)
                0x0040b2d0                ActionScript::luaActionGetPlayerName(lua_State*)
                0x0040b250                ActionScript::luaActionGetPlayerGuildId(lua_State*)
                0x004056d0                ActionScript::luaActionGetTilePzInfo(lua_State*)
                0x00407160                ActionScript::ActionScript(Game*, std::string const&, std::string const&)
                0x00405620                ActionScript::getActionScript(lua_State*)
                0x00404220                Actions::canUse(Player const*, Position const&) const
                0x0040b410                ActionScript::luaActionDoSetItemSpecialDescription(lua_State*)
                0x0040a350                ActionScript::luaActionDoPlayerAddSkillTry(lua_State*)
                0x0040d1f0                ActionScript::luaActionDoCreateItem(lua_State*)
                0x0040ed40                ActionScript::luaActionDoTeleportThing(lua_State*)
                0x00407070                Action::Action(Game*, std::string const&, std::string const&)
                0x0040c6a0                ActionScript::luaActionDoRemoveItem(lua_State*)
                0x004044a0                readXMLInteger(_xmlNode*, char const*, int&)
                0x0040dad0                Action::executeUse(Player*, Item*, PositionEx&, PositionEx&)
                0x0040b2b0                ActionScript::luaActionGetPlayerPosition(lua_State*)
                0x004052e0                ActionScript::internalAddPositionEx(lua_State*, PositionEx const&)
                0x004056a0                ActionScript::internalGetString(lua_State*)
                0x0040b350                ActionScript::luaActionGetPlayerLevel(lua_State*)
                0x00407c40                ActionScript::luaActionDoSendAnimatedText(lua_State*)
                0x004062d0                ActionScript::ActionScript(Game*, std::string const&, std::string const&)
                0x00409eb0                ActionScript::luaActionDoPlayerAddHealth(lua_State*)
                0x0040c410                ActionScript::luaActionDoTransformItem(lua_State*)
                0x0040dfc0                Actions::UseItemEx(Player*, Position const&, unsigned char, Position const&, unsigned char, unsigned short)
                0x00406990                Actions::loadAction(_xmlNode*)
                0x004055d0                ActionScript::internalGetNumber(lua_State*)
                0x0040b310                ActionScript::luaActionGetPlayerMana(lua_State*)
                0x0040ad30                ActionScript::internalGetPlayerInfo(lua_State*, ePlayerInfo)
                0x00409100                ActionScript::luaActionDoPlayerSetVocation(lua_State*)
                0x004099c0                ActionScript::luaActionGetPlayerSkill(lua_State*)
                0x00405a20                Actions::clear()
                0x00408ee0                Actions::reload()
                0x00405940                Actions::getAction(Item const*)
                0x00409d10                ActionScript::luaActionDoPlayerAddMana(lua_State*)
                0x0040b3b0                ActionScript::GetCreatureByUID(int)
                0x00405b10                Actions::~Actions()
 .text          0x0040f3e0     0x2330 obj/chat.o
                0x0040fca0                Chat::Chat()
                0x0040fa40                ChatChannel::ChatChannel(unsigned short, std::string)
                0x004106c0                Chat::Chat()
                0x0040f460                Chat::getChannel(Player*, unsigned short)
                0x0040f5a0                Chat::talkToChannel(Player*, SpeakClasses, std::string&, unsigned short)
                0x0040f8e0                ChatChannel::ChatChannel(unsigned short, std::string)
                0x0040f3e0                ChatChannel::talk(Player*, SpeakClasses, std::string&, unsigned short)
                0x0040f4d0                Chat::getChannelName(Player*, unsigned short)
                0x0040f720                Chat::deleteChannel(Player*, unsigned short)
                0x0040fba0                ChatChannel::addUser(Player*)
                0x0040fc50                Chat::addUserToChannel(Player*, unsigned short)
                0x00411380                Chat::getChannelList(Player*)
                0x0040f640                ChatChannel::removeUser(Player*)
                0x0040f6a0                Chat::removeUserFromChannel(Player*, unsigned short)
                0x00411550                Chat::removeUserFromAllChannels(Player*)
                0x004110e0                Chat::createChannel(Player*, unsigned short)
 .text          0x00411710     0xc320 obj/commands.o
                0x004174a0                Commands::showPremmy(Creature*, std::string const&, std::string const&)
                0x00412230                Commands::promote(Creature*, std::string const&, std::string const&)
                0x00413830                Commands::createItems(Creature*, std::string const&, std::string const&)
                0x004128c0                Commands::setMaxPlayers(Creature*, std::string const&, std::string const&)
                0x004181c0                Commands::showFrags(Creature*, std::string const&, std::string const&)
                0x0041cf00                Commands::Commands(Game*)
                0x00415010                Commands::whoIsOnline(Creature*, std::string const&, std::string const&)
                0x0041bcd0                Commands::substract_contMoney(Creature*, std::string const&, std::string const&)
                0x004164d0                Commands::loadXml(std::string const&)
                0x00411ef0                Commands::openServer(Creature*, std::string const&, std::string const&)
                0x00411fa0                Commands::goUp(Creature*, std::string const&, std::string const&)
                0x00411710                Commands::placeNpc(Creature*, std::string const&, std::string const&)
                0x00413200                Commands::showExpForLvl(Creature*, std::string const&, std::string const&)
                0x00415ab0                Commands::exeCommand(Creature*, std::string const&)
                0x004121c0                Commands::forceServerSave(Creature*, std::string const&, std::string const&)
                0x0041d3c0                Commands::Commands(Game*)
                0x00411980                Commands::placeMonster(Creature*, std::string const&, std::string const&)
                0x00419de0                Commands::onlineList(Creature*, std::string const&, std::string const&)
                0x00412be0                Commands::showManaForLvl(Creature*, std::string const&, std::string const&)
                0x00412100                Commands::banCharacter(Creature*, std::string const&, std::string const&)
                0x00418950                Commands::showUptime(Creature*, std::string const&, std::string const&)
                0x0041afd0                Commands::getInfo(Creature*, std::string const&, std::string const&)
                0x00412500                Commands::testCommand(Creature*, std::string const&, std::string const&)
                0x004154b0                Commands::report(Creature*, std::string const&, std::string const&)
                0x00416e90                Commands::gmInvisible(Creature*, std::string const&, std::string const&)
                0x00415450                Commands::closeServer(Creature*, std::string const&, std::string const&)
                0x00412300                Commands::setWorldType(Creature*, std::string const&, std::string const&)
                0x00416d70                Commands::reloadInfo(Creature*, std::string const&, std::string const&)
                0x00411ea0                Commands::teleportHere(Creature*, std::string const&, std::string const&)
                0x00411bc0                Commands::placeSummon(Creature*, std::string const&, std::string const&)
                0x00419480                Commands::showPos(Creature*, std::string const&, std::string const&)
                0x00412160                Commands::reloadRights(Creature*, std::string const&, std::string const&)
                0x0041d880                Commands::banPlayer(Creature*, std::string const&, std::string const&)
                0x00412050                Commands::goDown(Creature*, std::string const&, std::string const&)
                0x00416d00                Commands::reload()
                0x00411f10                Commands::kickPlayer(Creature*, std::string const&, std::string const&)
                0x00411e30                Commands::broadcastMessage(Creature*, std::string const&, std::string const&)
                0x004143e0                Commands::teleportPlayerTo(Creature*, std::string const&, std::string const&)
                0x00412290                Commands::shutdown(Creature*, std::string const&, std::string const&)
                0x00413c40                Commands::premmy(Creature*, std::string const&, std::string const&)
                0x00417b90                Commands::cleanMap(Creature*, std::string const&, std::string const&)
                0x004123e0                Commands::teleportNTiles(Creature*, std::string const&, std::string const&)
                0x00412570                Commands::setHouseOwner(Creature*, std::string const&, std::string const&)
                0x004149f0                Commands::teleportTo(Creature*, std::string const&, std::string const&)
                0x00411e60                Commands::teleportMasterPos(Creature*, std::string const&, std::string const&)
 .text          0x0041da30      0xfd0 obj/container.o
                0x0041e280                Container::addItem(Item*)
                0x0041e590                Container::isHoldingItem(Item const*) const
                0x0041da90                Container::getSlotNumberByItem(Item const*) const
                0x0041da50                Container::getTopParent() const
                0x0041db10                Container::getItem(unsigned long)
                0x0041de80                Container::~Container()
                0x0041db50                Container::removeItem(Item*)
                0x0041dad0                Container::getItem(unsigned long) const
                0x0041da30                Container::getTopParent()
                0x0041dbe0                Container::~Container()
                0x0041e330                Container::getWeight() const
                0x0041e1f0                Container::moveItem(unsigned char, unsigned char)
                0x0041da70                Container::getEnd() const
                0x0041da80                Container::getItems() const
                0x0041e0e0                Container::Container(unsigned short)
                0x0041dd30                Container::~Container()
                0x0041dfd0                Container::Container(unsigned short)
                0x0041e790                Container::getItemHoldingCount() const
 .text          0x0041ea00     0x2870 obj/creature.o
                0x00420430                Creature::addInflictedDamage(Creature*, int)
                0x0041ecb0                Creature::getSleepTicks() const
                0x0041f8a0                Creature::Creature()
                0x0041ea50                Creature::getLostExperience()
                0x0041fc60                Creature::Creature()
                0x0041ee70                Creature::setAttackedCreature(Creature const*)
                0x0041ec00                Creature::getStepDuration() const
                0x0041ee30                Creature::checkInvisible(int)
                0x0041eee0                Creature::getTotalInflictedDamage()
                0x0041f340                Creature::~Creature()
                0x0041f5f0                Creature::~Creature()
                0x0041ea30                Creature::setMaster(Creature*)
                0x0041f080                Creature::~Creature()
                0x0041ea00                Creature::drainMana(int)
                0x004208b0                Creature::getDescription(bool) const
                0x00421030                Creature::drainHealth(int, std::vector<Creature*, std::allocator<Creature*> >*)
                0x004207a0                Creature::getInflicatedDamageCreatureList()
                0x0041ef30                Creature::removeSummon(Creature*)
                0x0041ea60                Creature::getInflicatedDamage(Creature*)
                0x0041ea90                Creature::getGainedExperience(Creature*)
                0x0041f020                Creature::addSummon(Creature*)
                0x0041efc0                Creature::getInflicatedDamage(unsigned long)
                0x00420020                Creature::addCondition(CreatureCondition const&, bool)
                0x0041ebc0                Creature::canMovedTo(Tile const*) const
                0x0041ede0                Creature::isPlayersSummon() const
 .text          0x00421270     0x2c20 obj/exception.o
                0x004212f0                ExceptionHandler::~ExceptionHandler()
                0x00422790                ExceptionHandler::LoadMap()
                0x00421320                printPointer(std::ostream*, unsigned long)
                0x00421390                _SEHHandler(_EXCEPTION_RECORD*, void*, _CONTEXT*, void*)
                0x00421280                ExceptionHandler::ExceptionHandler()
                0x004212c0                ExceptionHandler::~ExceptionHandler()
                0x00423b80                ExceptionHandler::InstallHandler()
                0x00421270                ExceptionHandler::ExceptionHandler()
                0x00421290                ExceptionHandler::RemoveHandler()
 .text          0x00423e90     0x3020 obj/fileloader.o
                0x00424030                FileLoader::~FileLoader()
                0x00423ef0                FileLoader::FileLoader()
                0x00426e50                FileLoader::getProps(unsigned long, PropStream&)
                0x00426370                FileLoader::getProps(unsigned long, unsigned long&)
                0x00423e90                FileLoader::FileLoader()
                0x00424400                FileLoader::loadCacheBlock(unsigned long)
                0x004240b0                FileLoader::openFile(char const*, bool, bool)
                0x00424240                FileLoader::setProps(void*, unsigned short)
                0x004243b0                FileLoader::endNode()
                0x00424530                FileLoader::getNextNode(unsigned long, unsigned long&)
                0x00425420                FileLoader::getChildNode(unsigned long, unsigned long&)
                0x00423fc0                FileLoader::~FileLoader()
                0x004242f0                FileLoader::startNode(unsigned char)
                0x00423f50                FileLoader::~FileLoader()
 .text          0x00426eb0    0x2d490 obj/game.o
                0x00441a80                Game::autoCloseAttack(Player*, Creature*)
                0x0044d020                Game::creatureMakeMagic(Creature*, Position const&, MagicEffectClass const*)
                0x00429860                Game::serverSave()
                0x004402c0                Game::checkLight(int)
                0x004280e0                Game::onPrepareMoveThing(Player*, slots_t, Item const*, slots_t, Item const*, int)
                0x0043df50                GameState::addCreatureState(Tile*, Creature*, int, int, bool)
                0x00432fe0                Game::CreateManaDamageUpdate(Creature*, Creature*, int)
                0x0042c780                Game::onPvP(Creature*, Creature*, bool)
                0x00442e90                GameState::onAttack(Creature*, Position const&, MagicEffectClass const*)
                0x004296b0                Game::disbandParty(unsigned long)
                0x004305b0                Game::stopEvent(unsigned long)
                0x0044f830                Game::thingMoveInternal(Creature*, unsigned short, unsigned short, unsigned char, unsigned char, unsigned short, unsigned short, unsigned short, unsigned char, unsigned char)
                0x00428ab0                Game::getCreaturesOnline()
                0x00427130                Game::creatureApplyDamage(Creature*, int, int&, int&, std::vector<Creature*, std::allocator<Creature*> >*)
                0x00431cb0                Game::playerLookInTrade(Player*, bool, int)
                0x004447f0                Game::creatureMakeDamage(Creature*, Creature*, fight_t)
                0x00427310                Game::setTile(unsigned short, unsigned short, unsigned char, unsigned short)
                0x00428450                Game::creatureTalkToChannel(Player*, SpeakClasses, std::string&, unsigned short)
                0x00428430                Game::getSpectators(Range const&, std::list<Creature*, std::allocator<Creature*> >&)
                0x00428770                Game::playerUseItem(Player*, Position const&, unsigned char, unsigned short, unsigned char)
                0x0044c260                Game::creatureSay(Creature*, SpeakClasses, std::string const&)
                0x00427fb0                Game::onPrepareMoveThing(Player*, Position const&, Item const*, slots_t, int)
                0x004272e0                Game::getTile(unsigned short, unsigned short, unsigned char)
                0x0042e190                Game::removeThing(Player*, Position const&, Thing*, bool)
                0x00435ab0                Game::addPlayerBuffer(Player*)
                0x004282a0                Game::onPrepareMoveThing(Player*, Item const*, slots_t, int)
                0x00451b60                Game::thingMove(Creature*, Thing*, unsigned short, unsigned short, unsigned char, unsigned char)
                0x00427670                Game::onPrepareMoveThing(Creature*, Thing const*, Tile const*, Tile const*, int)
                0x00428150                Game::onPrepareMoveThing(Player*, Container const*, Item const*, slots_t, Item const*, int)
                0x00448930                Game::placeCreature(Position&, Creature*, int*)
                0x0042a490                Game::getCreatureByName(std::string const&)
                0x00430460                GameState::GameState(Game*, Range const&)
                0x0043ae00                Game::thingMoveInternal(Player*, unsigned char, unsigned char, unsigned short, bool, unsigned char, unsigned char, bool, unsigned char)
                0x0043d850                Game::thingMove(Player*, unsigned char, unsigned char, unsigned short, bool, unsigned char, unsigned char, bool, unsigned char)
                0x0042b590                Game::getPlayerByID(unsigned long)
                0x0042cee0                Game::creatureBroadcastTileUpdated(Position const&)
                0x00440020                Game::addEvent(SchedulerTask*)
                0x0044ebd0                Game::checkCreature(unsigned long)
                0x004290c0                Game::vipLogout(std::string)
                0x0042ef40                Game::creatureYell(Creature*, std::string&)
                0x00430310                GameState::GameState(Game*, Range const&)
                0x00440650                Game::checkShutdown(int)
                0x00426f10                GameState::applyAmulets(Player*, int, attacktype_t)
                0x004299f0                Game::creatureBroadcastMessage(Creature*, std::string const&)
                0x00451cc0                Game::checkPlayerWalk(unsigned long)
                0x0042b6c0                Game::creatureSaySpell(Creature*, std::string const&)
                0x0044c870                Game::loadNpcs()
                0x00428a90                Game::getMonstersOnline()
                0x0042b550                Game::getCreatureByID(unsigned long)
                0x00441100                Game::sheduleShutdown(int)
                0x00434300                Game::creatureSpeakTo(Creature*, SpeakClasses, std::string const&, std::string const&)
                0x0043fe00                Game::eventThread(void*)
                0x0042dae0                Game::sendRemoveThing(Player*, Position const&, Thing const*, unsigned char, bool)
                0x0042fe00                Game::changeOutfit(unsigned long, int)
                0x00452220                Game::useWand(Creature*, Creature*, int)
                0x00427350                Game::onPrepareMoveThing(Creature*, Thing const*, Position const&, Position const&, int)
                0x00447f40                Game::Game()
                0x00441120                Game::autoServerSave()
                0x00434b80                Game::resetCommandTag()
                0x0042c4d0                Game::Skull(Player*)
                0x0042d240                Game::sendUpdateThing(Player*, Position const&, Thing const*, unsigned char)
                0x00437f80                Game::thingMoveInternal(Player*, Position const&, unsigned char, unsigned short, unsigned char, unsigned char, bool, unsigned char)
                0x004466e0                Game::checkSpawns(int)
                0x004427a0                GameState::onAttack(Creature*, Position const&, Creature*)
                0x004288b0                Game::setMaxPlayers(unsigned int)
                0x00436970                Game::autoCloseTrade(Item const*, bool)
                0x00448f20                Game::placeSummon(Player*, std::string const&)
                0x0042d850                Game::playerRotateItem(Player*, Position const&, unsigned char, unsigned short)
                0x004272a0                Game::getGameState()
                0x00431140                Game::LeaveParty(Player*)
                0x00433810                Game::CreateDamageUpdate(Creature*, Creature*, int)
                0x00451950                Game::thingMove(Creature*, unsigned short, unsigned short, unsigned char, unsigned char, unsigned short, unsigned short, unsigned short, unsigned char, unsigned char)
                0x00428aa0                Game::getNpcsOnline()
                0x00429320                Game::vipLogin(Player*)
                0x004395a0                Game::thingMove(Player*, Position const&, unsigned char, unsigned short, unsigned char, unsigned char, bool, unsigned char)
                0x00427e00                Game::onPrepareMoveCreature(Creature*, Creature const*, Tile const*, Tile const*)
                0x00428a70                Game::getLightLevel()
                0x0044ceb0                Game::addCommandTag(std::string)
                0x00428550                Game::getThingMapPos(Player*, Position const&)
                0x0042f490                Game::creatureWhisper(Creature*, std::string const&)
                0x00430780                Game::~Game()
                0x004533a0                Game::burstArrow(Creature*, Position const&)
                0x0042faa0                Game::creatureChangeOutfit(Creature*)
                0x004396d0                Game::thingMoveInternal(Player*, unsigned char, unsigned char, unsigned short, bool, Position const&, unsigned char)
                0x00428a80                Game::getPlayersOnline()
                0x004461f0                Game::creatureOnPrepareMagicAttack(Creature*, Position, MagicEffectClass const*)
                0x00430660                Game::startDecay(Item*)
                0x0042e910                Game::changeSpeed(unsigned long, unsigned short)
                0x0042c260                Game::creatureChangeLight(Player*, int, unsigned char, unsigned char)
                0x00429b20                Game::getPlayerByName(std::string const&)
                0x00436580                Game::playerCloseTrade(Player*)
                0x00430c60                Game::~Game()
                0x0043ace0                Game::thingMove(Player*, unsigned char, unsigned char, unsigned short, bool, Position const&, unsigned char)
                0x00428990                Game::cleanMap()
                0x004286d0                Game::getThing(Position const&, unsigned char, Player*)
                0x00434bb0                Game::playerRequestTrade(Player*, Position const&, unsigned char, unsigned short, unsigned long)
                0x004377e0                Game::playerUseItemEx(Player*, Position const&, unsigned char, Position const&, unsigned char, unsigned short)
                0x00426eb0                GameState::isPvpArena(Creature*)
                0x00453be0                Game::checkCreatureAttacking(unsigned long)
                0x00427280                Game::setWorldType(enum_world_type)
                0x00447550                Game::Game()
                0x00435950                Game::flushSendBuffers()
                0x0043e580                GameState::onAttackedCreature(Tile*, Creature*, Creature*, int, bool)
                0x0044f590                Game::creatureThrowRune(Creature*, Position const&, MagicEffectClass const&)
                0x00428ac0                Game::loadMap(std::string, std::string)
                0x00447310                Game::changeOutfitAfter(unsigned long, int, long)
                0x0043d990                Game::removeCreature(Creature*)
                0x0042e380                Game::sendAddThing(Player*, Position const&, Thing const*)
                0x00427900                Game::onPrepareMoveThing(Player*, Item const*, slots_t, Container const*, Item const*, int)
                0x0042b5d0                Game::getPathTo(Creature*, Position, Position, bool)
                0x0042ec30                Game::creatureMonsterYell(Monster*, std::string const&)
                0x00436a90                Game::playerAcceptTrade(Player*)
                0x00427ac0                Game::onPrepareMoveThing(Player*, Position const&, Container const*, Item const*, Position const&, Container const*, Item const*, int)
                0x0042aa90                Game::isPlayer(std::string)
                0x00435be0                Game::FreeThing(Thing*)
                0x00427260                Game::getTile(Position const&)
                0x00436ff0                Game::playerUseBattleWindow(Player*, Position&, unsigned char, unsigned short, unsigned long)
                0x0042ff10                Game::creatureTurn(Creature*, Direction)
                0x00441b00                Game::teleport(Thing*, Position const&)
                0x0044f740                Game::creatureCastSpell(Creature*, Position const&, MagicEffectClass const&)
                0x00446420                Game::playerAutoWalk(Player*, std::list<Direction, std::allocator<Direction> >&)
                0x004446a0                Game::creatureOnPrepareAttack(Creature*, Position)
                0x00449140                Game::checkSpell(Player*, SpeakClasses, std::string)
                0x00441470                Game::playerSetAttackedCreature(Player*, unsigned long)
                0x00446940                Game::checkDecay(int)
                0x00435ce0                Game::addThing(Player*, Position const&, Thing*)
                0x0042a110                Game::requestAddVip(Player*, std::string const&)
 .text          0x00454340     0x5530 obj/guilds.o
                0x004564d0                Guilds::Guild::Guild(std::string)
                0x00454370                Guilds::Guild::save(_xmlNode*)
                0x00454db0                Guilds::ReloadGuildInfo(Player*)
                0x004545d0                Guilds::Guild::reloadGuildInfo(Player*)
                0x004551b0                Guilds::SetGuildNick(std::string, std::string)
                0x00455620                Guilds::SetGuildStatus(std::string, gstat_t)
                0x004576f0                Guilds::Guild::addMember(std::string, gstat_t, std::string, std::string)
                0x004573f0                Guilds::AddNewGuild(std::string)
                0x00455c40                Guilds::Save()
                0x00455990                Guilds::GetGuildStatus(std::string)
                0x00458dd0                Guilds::Guild::setGuildInfo(std::string, gstat_t, std::string)
                0x00454c70                Guilds::Guild::setGuildStatus(std::string, gstat_t)
                0x00454ba0                Guilds::Guild::setGuildNick(std::string, std::string)
                0x00456930                Guilds::Guild::clearGuildInfo(std::string)
                0x00456700                Guilds::Guild::Guild(std::string)
                0x00456d30                Guilds::DeleteGuild(std::string)
                0x00455ac0                Guilds::GetGuildName(std::string)
                0x004569f0                Guilds::ClearGuildInfo(std::string)
                0x00454d10                Guilds::Guild::getGuildStatus(std::string) const
                0x00457ac0                Guilds::Load()
                0x00459220                Guilds::SetGuildInfo(std::string, gstat_t, std::string, std::string)
                0x00454340                Guilds::Guild::getName() const
 .text          0x00459870     0xe400 obj/houses.o
                0x00465280                House::getDescription() const
                0x00461520                House::setSubOwners(std::string)
                0x0045a710                House::getGuests() const
                0x0045aab0                House::getDoorOwners(Position const&) const
                0x004599b0                Houses::LoadHouseItems(Game*)
                0x00466d60                Houses::AddHouseTile(Game*, House*, Position const&)
                0x0045f830                House::setDoorOwners(std::string, Position const&)
                0x00466d10                Houses::Save(Game*)
                0x0045a470                House::getSubOwners() const
                0x0045c180                House::getPlayerRights(Position const&, std::string)
                0x00463a00                Houses::SaveHouseItems(Game*)
                0x004631f0                House::load()
                0x0045ad80                House::House(std::string)
                0x00459890                Houses::LoadContainer(_xmlNode*, Container*)
                0x00465a20                House::save()
                0x0045a9b0                House::getPlayerRights(std::string)
                0x0045c310                House::setOwner(std::string)
                0x00459980                House::getOwner() const
                0x0045db60                House::setGuests(std::string)
                0x00466e50                Houses::Load(Game*)
                0x00459870                House::getFrontDoor() const
                0x0045b780                House::House(std::string)
                0x00459e40                Houses::SaveContainer(_xmlNode*, Container*)
 .text          0x00467c70      0x100 obj/ioaccount.o
                0x00467d50                IOAccount::getPassword(unsigned long, std::string const&, std::string&)
                0x00467d60                IOAccount::saveAccount(Account const&)
                0x00467c70                IOAccount::instance()
                0x00467d30                IOAccount::loadAccount(unsigned long)
 .text          0x00467d70     0x3730 obj/ioaccountxml.o
                0x00467eb0                IOAccountXML::saveAccount(Account const&)
                0x004689f0                IOAccountXML::getPassword(unsigned long, std::string const&, std::string&)
                0x00467d70                IOAccountXML::IOAccountXML()
                0x00467e10                IOAccountXML::IOAccountXML()
                0x0046a060                IOAccountXML::loadAccount(unsigned long)
 .text          0x0046b4a0     0x17b0 obj/iomapbin.o
                0x0046c9b0                IOMapBin::loadMap(Map*, std::string)
                0x0046b4a0                IOMapBin::loadOTM(Map*)
 .text          0x0046cc50     0x2ab0 obj/iomapotbm.o
                0x0046ccf0                IOMapOTBM::unserializaItemNode(FileLoader*, unsigned long)
                0x0046dde0                IOMapOTBM::loadMap(Map*, std::string)
                0x0046cc50                IOMapOTBM::unserializaItemAttr(PropStream&)
 .text          0x0046f700      0xcc0 obj/iomapxml.o
                0x0046f820                IOMapXML::loadMap(Map*, std::string)
                0x0046f700                IOMapXML::LoadContainer(_xmlNode*, Container*)
 .text          0x004703c0      0x190 obj/ioplayer.o
                0x004704b0                IOPlayer::getNameByGuid(unsigned long, std::string&)
                0x004704a0                IOPlayer::getGuidByName(unsigned long&, unsigned long&, std::string&)
                0x004703c0                IOPlayer::instance()
                0x00470490                IOPlayer::savePlayer(Player*)
                0x00470480                IOPlayer::loadPlayer(Player*, std::string)
 .text          0x00470550     0xbf70 obj/ioplayerxml.o
                0x004707b0                IOPlayerXML::SaveContainer(_xmlNode*, Container*)
                0x00470550                IOPlayerXML::IOPlayerXML()
                0x00472af0                IOPlayerXML::loadPlayer(Player*, std::string)
                0x004705f0                IOPlayerXML::IOPlayerXML()
                0x00470690                IOPlayerXML::LoadContainer(_xmlNode*, Container*)
                0x00470df0                IOPlayerXML::SaveVIP(Player*)
                0x00471c70                IOPlayerXML::LoadVIP(Player*)
                0x00475590                IOPlayerXML::savePlayer(Player*)
 .text          0x0047c4c0     0x7b10 obj/item.o
                0x0047d910                Item::getRWInfo() const
                0x0047d670                Item::floorChangeEast() const
                0x0047d640                Item::floorChangeSouth() const
                0x0047c4e0                Item::isStackable() const
                0x0047cd30                Item::Item()
                0x0047f500                Item::decay()
                0x0047e640                Item::setSpecialDescription(std::string)
                0x0047edb0                Teleport::~Teleport()
                0x0047cea0                Item::canMovedTo(Tile const*) const
                0x0047c7d0                Item::Item(Item const&)
                0x0047cc90                Item::getDecayTime()
                0x0047d940                Item::canDecay()
                0x0047e7c0                Item::~Item()
                0x0047ed60                Teleport::~Teleport()
                0x0047f790                Item::getDescription(bool) const
                0x0047dbf0                Item::removeGlimmer()
                0x0047db80                Item::setGlimmer()
                0x0047e570                Item::getSpecialDescription()
                0x0047e780                Item::getName() const
                0x0047cf50                Item::isFluidContainer() const
                0x0047c590                Item::Item(unsigned short)
                0x0047d0f0                Item::Item(unsigned short, unsigned short)
                0x0047d6a0                Item::floorChangeWest() const
                0x0047c4c0                Item::getID() const
                0x0047d740                Item::getWeaponType() const
                0x0047ccc0                Item::rotate()
                0x0047ed90                Teleport::~Teleport()
                0x0047c540                Item::setUniqueId(unsigned short)
                0x0047ce10                Item::isPickupable() const
                0x0047e0b0                Teleport::unserialize(_xmlNode*)
                0x0047e9a0                Item::~Item()
                0x0047f650                Teleport::Teleport(unsigned short)
                0x0047d610                Item::floorChangeNorth() const
                0x0047ef10                Item::CreateItem(unsigned short, unsigned short)
                0x0047e240                Item::clearText()
                0x0047e310                Item::setText(std::string)
                0x0047e4a0                Item::clearSpecialDescription()
                0x0047cda0                Item::Item()
                0x0047ce70                Item::isBlocking() const
                0x0047cf80                Item::isAlwaysOnTop() const
                0x0047cfe0                Item::isSplash() const
                0x0047c530                Item::getActionId() const
                0x0047c6b0                Item::Item(unsigned short)
                0x0047d770                Item::getAmuType() const
                0x0047d300                Item::Item(unsigned short, unsigned short)
                0x0047d510                Item::getItemCountOrSubtype() const
                0x0047c4d0                Item::setID(unsigned short)
                0x0047d970                Item::getWorth() const
                0x0047d010                Item::setItemCountOrSubtype(unsigned char)
                0x0047ca30                Item::Item(Item const&)
                0x0047e170                Item::getText()
                0x0047dc60                Item::unserialize(_xmlNode*)
                0x0047d6d0                Item::isWeapon() const
                0x0047eb80                Item::~Item()
                0x0047d5b0                Item::isUseable() const
                0x0047d5e0                Item::floorChangeDown() const
                0x0047d7d0                Item::getAttack() const
                0x0047c510                Item::setActionId(unsigned short)
                0x0047d860                Item::getSlotPosition() const
                0x00482d50                Teleport::serialize()
                0x0047edd0                Teleport::Teleport(unsigned short)
                0x0047d830                Item::getDefense() const
                0x0047d890                Item::getWeight() const
                0x0047d800                Item::getArmor() const
                0x004817e0                Item::serialize()
                0x0047ce40                Item::isNotMoveable() const
                0x0047cfb0                Item::isGroundTile() const
                0x0047d7a0                Item::getSubfightType() const
                0x0047c580                Item::getUniqueId() const
 .text          0x00483fd0      0x280 obj/itemloader.o
                0x00483fd0                ItemLoader::setProps(unsigned char, void*, unsigned short)
                0x004841a0                ItemLoader::setFlags(unsigned long)
 .text          0x00484250     0x28f0 obj/items.o
                0x00484250                ItemType::isGroundTile() const
                0x004845f0                ItemType::ItemType()
                0x00484290                ItemType::isTeleport() const
                0x004857b0                Items::reverseLookUp(unsigned long)
                0x004846f0                ItemType::ItemType()
                0x00486940                Items::Items()
                0x004867d0                Items::Items()
                0x004842b0                ItemType::isMagicField() const
                0x004842f0                ItemType::isSplash() const
                0x00485270                Items::~Items()
                0x00484490                ItemType::~ItemType()
                0x00484330                ItemType::~ItemType()
                0x004847f0                Items::operator[](int)
                0x00484d30                Items::~Items()
                0x00484870                Items::loadXMLInfos(std::string)
                0x004842d0                ItemType::isKey() const
                0x00484270                ItemType::isContainer() const
                0x00485820                Items::loadFromOtb(std::string)
                0x00484310                ItemType::isFluidContainer() const
 .text          0x00486b40      0x450 obj/logger.o
                0x00486b60                Logger::getInstance()
                0x00486b90                Logger::logMessage(std::string, eLogType, int, std::string, std::string, int, std::string)
                0x00486b40                Logger::Logger()
                0x00486b50                Logger::Logger()
 .text          0x00486f90     0x18c0 obj/loginqueue.o
                0x004870c0                LoginQueue::save()
                0x00488740                LoginQueue::login(int, int, int, int*)
                0x00487ea0                LoginQueue::load()
                0x00487030                LoginQueue::removeDeadEntries()
                0x00488690                LoginQueue::push(int)
                0x00486f90                LoginQueue::findAccount(int, int*, int*)
                0x00487d30                LoginQueue::show()
 .text          0x00488850     0x9ac0 obj/luascript.o
                0x00488d80                LuaScript::getGlobalString(std::string, std::string const&)
                0x00488950                LuaScript::getField(lua_State*, char const*)
                0x00488860                LuaScript::getField(char const*)
                0x004888f0                LuaScript::setField(char const*, int)
                0x00488a20                LuaScript::setGlobalNumber(std::string, int)
                0x00488a90                LuaScript::getGlobalNumber(std::string, int)
                0x004921a0                LuaScript::LuaScript()
                0x004918e0                LuaScript::~LuaScript()
                0x00491d40                LuaScript::~LuaScript()
                0x00488b50                LuaScript::getGlobalStringField(std::string, int, std::string const&)
                0x00488850                LuaScript::setGlobalString(std::string, std::string)
                0x00492210                LuaScript::LuaScript()
                0x004889d0                LuaScript::setField(lua_State*, char const*, int)
                0x00488fa0                LuaScript::OpenFile(char const*)
 .text          0x00492310     0x27e0 obj/magic.o
                0x00492860                MagicEffectTargetClass::MagicEffectTargetClass()
                0x00492a10                MagicEffectTargetCreatureCondition::MagicEffectTargetCreatureCondition(unsigned long)
                0x00492d30                MagicEffectTargetGroundClass::~MagicEffectTargetGroundClass()
                0x00492410                MagicEffectClass::causeExhaustion(bool) const
                0x004938f0                MagicEffectAreaGroundClass::~MagicEffectAreaGroundClass()
                0x00493180                MagicEffectAreaGroundClass::getDamage(Creature*, Creature const*) const
                0x00493700                MagicEffectTargetExClass::MagicEffectTargetExClass(std::vector<CreatureCondition, std::allocator<CreatureCondition> > const&)
                0x004927f0                MagicEffectClass::FailedToCast(Player*, Creature const*, bool, bool) const
                0x00492420                MagicEffectClass::getDamage(Creature*, Creature const*) const
                0x00493df0                MagicEffectAreaGroundClass::MagicEffectAreaGroundClass(MagicEffectItem*)
                0x00492f20                MagicEffectTargetGroundClass::FailedToCast(Player*, Creature const*, bool, bool) const
                0x00492960                MagicEffectTargetClass::getDistanceShoot(Player*, Creature const*, Position const&, bool) const
                0x00494030                MagicEffectAreaExClass::MagicEffectAreaExClass(std::vector<CreatureCondition, std::allocator<CreatureCondition> > const&)
                0x00493000                MagicEffectTargetGroundClass::getMagicEffect(Player*, Creature const*, Creature const*, Position const&, int, bool, bool) const
                0x00494570                MagicEffectItem::decay()
                0x004930c0                MagicEffectAreaClass::getMagicEffect(Player*, Creature const*, Creature const*, Position const&, int, bool, bool) const
                0x00493460                MagicEffectItem::getDamage(Creature*, Creature const*) const
                0x00492b40                MagicEffectTargetCreatureCondition::getMagicEffect(Player*, Creature const*, Creature const*, Position const&, int, bool, bool) const
                0x00492ab0                MagicEffectTargetCreatureCondition::getDamage(Creature*, Creature const*) const
                0x00494850                MagicEffectItem::MagicEffectItem(std::map<unsigned short, std::pair<long, std::vector<CreatureCondition, std::allocator<CreatureCondition> > >, std::less<unsigned short>, std::allocator<std::pair<unsigned short const, std::pair<long, std::vector<CreatureCondition, std::allocator<CreatureCondition> > > > > > const&)
                0x004945e0                MagicEffectItem::transform(MagicEffectItem const*)
                0x00492400                MagicEffectClass::isIndirect() const
                0x004943e0                MagicEffectClass::getArea(Position const&, std::vector<Position, std::allocator<Position> >&) const
                0x00492c30                MagicEffectTargetGroundClass::MagicEffectTargetGroundClass(MagicEffectItem*)
                0x004925c0                MagicEffectClass::getMagicEffect(Player*, Creature const*, Creature const*, Position const&, int, bool, bool) const
                0x00494430                MagicEffectItem::buildCondition()
                0x00492730                MagicEffectClass::getDistanceShoot(Player*, Creature const*, Position const&, bool) const
                0x00493d10                MagicEffectAreaClass::MagicEffectAreaClass()
                0x004927e0                MagicEffectClass::canCast(bool, bool) const
                0x004927d0                MagicEffectClass::getMagicItem(Creature const*, bool, bool) const
                0x00493350                MagicEffectAreaExClass::getDamage(Creature*, Creature const*) const
                0x00493430                MagicEffectItem::getCondition() const
                0x00493a50                MagicEffectAreaGroundClass::~MagicEffectAreaGroundClass()
                0x00493010                MagicEffectTargetGroundClass::getDistanceShoot(Player*, Creature const*, Position const&, bool) const
                0x00493200                MagicEffectAreaGroundClass::getMagicItem(Creature const*, bool, bool) const
                0x00494210                MagicEffectAreaClass::getArea(Position const&, std::vector<Position, std::allocator<Position> >&) const
                0x00492de0                MagicEffectTargetGroundClass::~MagicEffectTargetGroundClass()
                0x00493d80                MagicEffectAreaClass::MagicEffectAreaClass()
                0x004928b0                MagicEffectTargetClass::getMagicEffect(Player*, Creature const*, Creature const*, Position const&, int, bool, bool) const
                0x00493bb0                MagicEffectAreaGroundClass::~MagicEffectAreaGroundClass()
                0x00492c80                MagicEffectTargetGroundClass::~MagicEffectTargetGroundClass()
                0x00493e20                MagicEffectAreaGroundClass::MagicEffectAreaGroundClass(MagicEffectItem*)
                0x00493e50                MagicEffectAreaExClass::MagicEffectAreaExClass(std::vector<CreatureCondition, std::allocator<CreatureCondition> > const&)
                0x004923b0                MagicEffectClass::MagicEffectClass()
                0x00492360                MagicEffectTargetClass::MagicEffectTargetClass()
                0x00492a60                MagicEffectTargetCreatureCondition::MagicEffectTargetCreatureCondition(unsigned long)
                0x004938a0                MagicEffectItem::getDecayTime()
                0x00493560                MagicEffectTargetExClass::MagicEffectTargetExClass(std::vector<CreatureCondition, std::allocator<CreatureCondition> > const&)
                0x00493240                MagicEffectTargetExClass::getDamage(Creature*, Creature const*) const
                0x00494640                MagicEffectItem::MagicEffectItem(std::map<unsigned short, std::pair<long, std::vector<CreatureCondition, std::allocator<CreatureCondition> > >, std::less<unsigned short>, std::allocator<std::pair<unsigned short const, std::pair<long, std::vector<CreatureCondition, std::allocator<CreatureCondition> > > > > > const&)
                0x00492e90                MagicEffectTargetGroundClass::getMagicItem(Creature const*, bool, bool) const
                0x00492310                MagicEffectClass::MagicEffectClass()
                0x00492be0                MagicEffectTargetGroundClass::MagicEffectTargetGroundClass(MagicEffectItem*)
                0x00492ed0                MagicEffectTargetGroundClass::canCast(bool, bool) const
 .text          0x00494af0     0x2610 obj/map.o
                0x00494b40                AStarNodes::AStarNodes()
                0x00496de0                Map::setTile(unsigned short, unsigned short, unsigned char)
                0x00495da0                AStarNodes::countOpenNodes()
                0x00496700                Map::getPathTo(Creature*, Position, Position, bool, bool, int)
                0x00496fc0                Map::setTile(unsigned short, unsigned short, unsigned char, unsigned short)
                0x00494ee0                Map::getTile(unsigned short, unsigned short, unsigned char)
                0x00496170                Map::~Map()
                0x004953c0                Map::removeCreature(Creature*)
                0x00496010                Map::~Map()
                0x00495e80                AStarNodes::closeNode(AStarNode*)
                0x00496420                Map::Map()
                0x004962d0                Map::Map()
                0x00496570                Map::getSpectators(Range const&, std::list<Creature*, std::allocator<Creature*> >&)
                0x00495ee0                AStarNodes::getBestNode()
                0x00495d00                Map::getTile(Position const&)
                0x00494b90                AStarNodes::AStarNodes()
                0x00494af0                AStarNodes::isInList(unsigned long, unsigned long)
                0x00494f70                Map::isPathValid(Creature*, std::list<Position, std::allocator<Position> > const&, int, bool)
                0x00495e10                AStarNodes::countClosedNodes()
                0x004950b0                Map::canThrowObjectTo(Position, Position, int)
                0x00495fb0                AStarNodes::createOpenNode()
                0x00495480                Map::placeCreature(Position&, Creature*)
                0x00494e50                Map::clean()
                0x00494be0                Map::loadMap(std::string, std::string)
 .text          0x00497100     0x1000 obj/md5.o
                0x00497f80                MD5Final(MD5_CTX*)
                0x00497e60                MD5Init(MD5_CTX*, unsigned long)
                0x00497ec0                MD5Update(MD5_CTX*, unsigned char const*, unsigned int)
 .text          0x00498100     0x7380 obj/monster.o
                0x0049e2d0                Monster::onThingAppear(Thing const*)
                0x0049b730                Monster::setMaster(Creature*)
                0x0049c100                Monster::calcMovePosition()
                0x0049c5a0                Monster::getDescription(bool) const
                0x0049e0d0                Monster::onCreatureEnter(Creature const*, bool)
                0x00499140                Monster::~Monster()
                0x0049a520                Monster::selectTarget(Creature const*, bool)
                0x00498bd0                Monster::canMoveTo(unsigned short, unsigned short, unsigned char)
                0x004982d0                Monster::getLostExperience()
                0x0049b000                Monster::getCloseCombatPosition(Position const&, Position&)
                0x00498c90                Monster::doMoveTo(int, int)
                0x004991c0                Monster::Monster(MonsterType*, Game*)
                0x00498200                Monster::isCreatureAttackable(Creature const*)
                0x004992f0                Monster::createMonster(std::string const&, Game*)
                0x004981f0                Monster::getName() const
                0x00498190                Monster::isPushable() const
                0x00499530                Monster::startThink()
                0x0049b6b0                Monster::setAttackedCreature(Creature const*)
                0x00498170                Monster::getDefense() const
                0x00498340                Monster::validateDistanceAttack(Creature const*)
                0x00499940                Monster::doAttacks(Creature*, monstermode_t)
                0x0049a130                Monster::onAttack()
                0x00498920                Monster::monsterMoveItem(Item*, int)
                0x00498c50                Monster::setUpdateMovePos()
                0x00498100                Monster::getRandom()
                0x0049b7e0                Monster::getDistancePosition(Position const&, int const&, bool, Position&)
                0x0049f1d0                Monster::onThingDisappear(Thing const*, unsigned char)
                0x00498600                Monster::getTargetDistance()
                0x00498fc0                Monster::stopThink()
                0x00499100                Monster::~Monster()
                0x00499400                Monster::Monster(MonsterType*, Game*)
                0x00498470                Monster::validateDistanceAttack(Position const&)
                0x004988a0                Monster::getWeaponDamage() const
                0x0049e250                Monster::onCreatureAppear(Creature const*)
                0x00499180                Monster::~Monster()
                0x00498300                Monster::isInRange(Position const&)
                0x0049f140                Monster::onThingMove(Creature const*, Thing const*, Position const*, unsigned char, unsigned char, unsigned char)
                0x00498150                Monster::getArmor() const
                0x0049e410                Monster::onThink(int&)
                0x0049e3a0                Monster::onThingTransform(Thing const*, int)
                0x0049ec40                Monster::onCreatureMove(Creature const*, Position const*)
                0x004988d0                Monster::dropLoot(Container*)
                0x0049eb80                Monster::onCreatureLeave(Creature const*)
                0x00498620                Monster::updateLookDirection()
                0x0049b470                Monster::isCreatureReachable(Creature const*)
                0x0049f0b0                Monster::onTeleport(Creature const*, Position const*, unsigned char)
                0x004985b0                Monster::getCurrentDistanceToTarget(Position const&)
                0x0049a760                Monster::getRandomPosition(Position const&, Position&)
                0x0049f250                Monster::onCreatureDisappear(Creature const*, unsigned char, bool)
                0x0049d0d0                Monster::findTarget(long, bool&, Creature const*)
                0x0049d690                Monster::reThink(bool)
 .text          0x0049f480     0x6710 obj/monsters.o
                0x0049f7c0                Monsters::Monsters()
                0x0049f820                Monsters::Monsters()
                0x004a0460                MonsterType::~MonsterType()
                0x004a15d0                Monsters::loadLootItem(_xmlNode*, LootBlock&)
                0x004a5ad0                Monsters::reload()
                0x004a0230                Monsters::~Monsters()
                0x004a0000                Monsters::~Monsters()
                0x0049f880                Monsters::getIdByName(std::string const&)
                0x004a0920                MonsterType::reset()
                0x0049f650                MonsterType::createLoot(Container*)
                0x004a1890                Monsters::loadMonster(std::string const&, std::string const&, bool)
                0x0049f480                MonsterType::createLootItem(LootBlock const&)
                0x004a4c30                Monsters::loadFromXml(std::string const&, bool)
                0x0049fb40                MonsterType::~MonsterType()
                0x0049f510                MonsterType::createLootContainer(Container*, LootBlock const&)
                0x004a0ef0                MonsterType::MonsterType()
                0x004a0b10                MonsterType::MonsterType()
                0x0049f790                Monsters::getMonsterType(unsigned long)
                0x004a12d0                Monsters::loadLootContainer(_xmlNode*, LootBlock&)
 .text          0x004a5b90      0xaa0 obj/networkmessage.o
                0x004a5fe0                NetworkMessage::AddU32(unsigned int)
                0x004a5c30                NetworkMessage::ReadFromSocket(unsigned int)
                0x004a5fb0                NetworkMessage::AddU16(unsigned short)
                0x004a5b90                NetworkMessage::Reset()
                0x004a5bb0                NetworkMessage::NetworkMessage()
                0x004a5eb0                NetworkMessage::GetU32()
                0x004a6260                NetworkMessage::AddItemId(Item const*)
                0x004a6020                NetworkMessage::AddString(char const*)
                0x004a5f80                NetworkMessage::AddByte(unsigned char)
                0x004a5e20                NetworkMessage::GetByte()
                0x004a62c0                NetworkMessage::JoinMessages(NetworkMessage&)
                0x004a5e40                NetworkMessage::GetU16()
                0x004a63b0                NetworkMessage::GetRaw()
                0x004a5bd0                NetworkMessage::NetworkMessage()
                0x004a5ef0                NetworkMessage::GetPosition()
                0x004a6110                NetworkMessage::AddItem(unsigned short, unsigned char)
                0x004a5e70                NetworkMessage::GetItemId()
                0x004a60a0                NetworkMessage::AddPosition(Position const&)
                0x004a64a0                NetworkMessage::GetString()
                0x004a5c00                NetworkMessage::~NetworkMessage()
                0x004a61b0                NetworkMessage::AddItem(Item const*)
                0x004a5f60                NetworkMessage::SkipBytes(int)
                0x004a6320                NetworkMessage::AddString(std::string const&)
                0x004a5c10                NetworkMessage::~NetworkMessage()
                0x004a5d10                NetworkMessage::WriteToSocket(unsigned int)
                0x004a5bf0                NetworkMessage::~NetworkMessage()
 .text          0x004a6630     0xbad0 obj/npc.o
                0x004a8be0                NpcScript::luaSetPlayerGuildNick(lua_State*)
                0x004a76d0                NpcScript::luaPayMoney(lua_State*)
                0x004a86f0                NpcScript::onCreatureDisappear(int)
                0x004a7860                NpcScript::luaGetPlayerStorageValue(lua_State*)
                0x004aa2d0                NpcScript::luaFoundNewGuild(lua_State*)
                0x004ab9b0                NpcScript::luaLearnSpell(lua_State*)
                0x004a6860                Npc::doAttack(int)
                0x004a9ad0                NpcScript::luaGetPlayerGuildName(lua_State*)
                0x004add10                Npc::~Npc()
                0x004a7b30                NpcScript::luaPlayerRemoveItem(lua_State*)
                0x004ab3f0                NpcScript::luaActionSay(lua_State*)
                0x004a73c0                NpcScript::luaSelfGetPos(lua_State*)
                0x004a79d0                NpcScript::luaSetPlayerStorageValue(lua_State*)
                0x004a84f0                NpcScript::onCreatureSay(int, SpeakClasses, std::string const&)
                0x004a8a50                NpcScript::onThink()
                0x004a7290                NpcScript::luaCreatureGetPos(lua_State*)
                0x004a7ca0                NpcScript::luaSetPlayerMasterPos(lua_State*)
                0x004a8030                NpcScript::luaGetPlayerVocation(lua_State*)
                0x004aada0                NpcScript::luaBuyItem(lua_State*)
                0x004a7600                NpcScript::luaActionAttackCreature(lua_State*)
                0x004aa4d0                NpcScript::luaGetPlayerLevel(lua_State*)
                0x004adf80                Npc::~Npc()
                0x004afa10                Npc::Npc(std::string const&, Game*)
                0x004a6870                Npc::doMove(int)
                0x004a7f00                NpcScript::luaSetPlayerVocation(lua_State*)
                0x004a7210                NpcScript::getNpc(lua_State*)
                0x004ada90                Npc::~Npc()
                0x004a8410                NpcScript::luaCreatureGetName(lua_State*)
                0x004a8890                NpcScript::onCreatureAppear(unsigned long)
                0x004b1570                NpcScript::luaActionMoveTo(lua_State*)
                0x004a8170                NpcScript::luaIsPromoted(lua_State*)
                0x004a6640                Npc::onCreatureAppear(Creature const*)
                0x004a6630                Npc::onThingMove(Player const*, Thing const*, Position const*, unsigned char, unsigned char, unsigned char)
                0x004b1760                Npc::getDescription(bool) const
                0x004a67d0                Npc::onThink(int&)
                0x004a6670                Npc::onCreatureDisappear(Creature const*, unsigned char, bool)
                0x004a66a0                Npc::onThingDisappear(Thing const*, unsigned char)
                0x004a90d0                NpcScript::luaClearPlayerGuild(lua_State*)
                0x004ae1f0                Npc::Npc(std::string const&, Game*)
                0x004a6700                Npc::onThingAppear(Thing const*)
                0x004a67c0                Npc::onCreatureChangeOutfit(Creature const*)
                0x004ac950                NpcScript::NpcScript(std::string, Npc*)
                0x004ab740                NpcScript::luaCreatureGetName2(lua_State*)
                0x004a9450                NpcScript::luaSetPlayerGuild(lua_State*)
                0x004a9d80                NpcScript::luaSetPlayerGuildStatus(lua_State*)
                0x004b1230                Npc::doMoveTo(Position)
                0x004ad1f0                NpcScript::NpcScript(std::string, Npc*)
                0x004a7480                NpcScript::luaActionMove(lua_State*)
                0x004aa130                NpcScript::luaGetPlayerGuildStatus(lua_State*)
                0x004a6760                Npc::onCreatureTurn(Creature const*, unsigned char)
                0x004aa750                NpcScript::luaSellItem(lua_State*)
                0x004a6930                NpcScript::registerFunctions()
                0x004a6800                Npc::doSay(std::string)
                0x004a82d0                NpcScript::luaIsPremium(lua_State*)
                0x004a6770                Npc::onCreatureSay(Creature const*, SpeakClasses, std::string const&)
 .text          0x004b2100     0x94d0 obj/otserv.o
                0x004b2260                isclientBanished(unsigned int)
                0x004b22e0                passwordTest(std::string&, std::string&)
                0x004b35f0                ConnectionHandler(void*)
                0x004b3080                MakeRejectMessage(int)
                0x004b2100                ErrorMessage(char const*)
                0x004b5230                main
 .text          0x004bb5d0    0x12200 obj/player.o
                0x004bfc20                Player::getReqMana(int, playervoc_t)
                0x004bd4d0                Player::sendTextWindow(Item*, unsigned short, bool)
                0x004cac70                Player::addManaSpent(unsigned long)
                0x004bb9a0                Player::onItemRemoveContainer(Container const*, unsigned char)
                0x004bd7c0                Player::onThingAppear(Thing const*)
                0x004bdfc0                Player::getContainerItem(Container*, int, int)
                0x004bd3a0                Player::sendTextMessage(MessageClasses, char const*, Position const&, unsigned char) const
                0x004c2420                Player::~Player()
                0x004bf650                Player::getExpForNextLevel()
                0x004bf960                Player::isUsingSpears() const
                0x004c2370                Player::getDepot(unsigned long)
                0x004bf850                Player::isRookie() const
                0x004c1bc0                Player::onThingMove(Creature const*, Position const&, int, Item const*, int, slots_t, Item const*, int, int)
                0x004bf2f0                Player::removeCoins(long)
                0x004bf740                Player::checkSkull(int)
                0x004bba80                Player::removeItemInventory(int, bool)
                0x004bd860                Player::onItemAddContainer(Container const*, Item const*)
                0x004bd260                Player::setAcceptTrade(bool)
                0x004bc090                Player::substractMoneyItem(Item*, unsigned long)
                0x004c7460                Player::closeContainer(unsigned char)
                0x004bd800                Player::onThingDisappear(Thing const*, unsigned char)
                0x004bd930                Player::onTeleport(Creature const*, Position const*, unsigned char)
                0x004c6850                Player::addDeath(std::string const&, int, long)
                0x004c6c90                Player::substractMoney(unsigned long)
                0x004bd310                Player::sendCancelAttacking()
                0x004c0330                Player::sendHouseWindow(House*, Position const&, rights_t)
                0x004bf5a0                Player::checkAfk(int)
                0x004bd8f0                Player::onThink(int&)
                0x004bfa50                Player::checkLightItem(int)
                0x004bba10                Player::updateInventoryWeigth()
                0x004c7590                Player::addDepot(Container*, unsigned long)
                0x004bf580                Player::notAfk()
                0x004bd710                Player::onThingMove(Creature const*, Container const*, unsigned char, Item const*, int, Position const&, Item const*, int, int)
                0x004c2010                Player::onThingMove(Creature const*, slots_t, Item const*, int, slots_t, Item const*, int, int)
                0x004bd8b0                Player::onCreatureSay(Creature const*, SpeakClasses, std::string const&)
                0x004bfd50                Player::sendStats()
                0x004cb5b0                Player::addSkillTryInternal(int, int)
                0x004c16b0                Player::sendIcons()
                0x004bfb10                Player::checkPremium(int)
                0x004c9090                Player::die()
                0x004bd4b0                Player::sendCloseTrade()
                0x004c3930                Player::~Player()
                0x004bf890                Player::setVocation(playervoc_t)
                0x004bd730                Player::onThingMove(Creature const*, Position const&, int, Item const*, int, Container const*, unsigned char, Item const*, int, int)
                0x004bd2e0                Player::sendToChannel(Creature*, SpeakClasses, std::string const&, unsigned short)
                0x004bdd40                Player::getContainerCoins(Container*, unsigned long)
                0x004bd380                Player::flushMsg()
                0x004c02d0                Player::getContainer(unsigned char)
                0x004bf800                Player::onSkull(Player*)
                0x004bd540                Player::NeedUpdateStats()
                0x004c7650                Player::receiveHouseWindow(std::string)
                0x004c11b0                Player::notifyLogOut(Player*)
                0x004bd500                Player::sendCloseContainer(unsigned char)
                0x004cd4e0                Player::learnSpell(std::string const&)
                0x004bd450                Player::sendMagicEffect(Position const&, unsigned char)
                0x004bc9b0                Player::getSubFightType()
                0x004c1870                Player::checkRing(int)
                0x004bf820                Player::onPartyIcons(Player const*, int, bool, bool)
                0x004cc330                Player::addSkillShieldTry(int)
                0x004beff0                Player::removeContainerCoins(Container*, long)
                0x004cc770                Player::getDescription(bool) const
                0x004bd3d0                Player::sendPing()
                0x004bd7e0                Player::onThingTransform(Thing const*, int)
                0x004c4ec0                Player::Player(std::string const&, Protocol*)
                0x004bd340                Player::sendCancelWalk() const
                0x004bd220                Player::CanSee(int, int, int) const
                0x004c6b60                Player::addVIP(unsigned long, std::string&, bool, bool)
                0x004bccf0                Player::getFightType()
                0x004c6020                Player::removeItem(unsigned short, long)
                0x004c0300                Player::getContainerID(Container const*) const
                0x004bc740                Player::dropLoot(Container*)
                0x004bd910                Player::onTileUpdated(Position const&)
                0x004bd9b0                Player::preSave()
                0x004bb9c0                Player::sendInventory(unsigned char)
                0x004bfba0                Player::sendPlayerLightLevel(Player*)
                0x004bc3a0                Player::removeItem(Item*, bool)
                0x004bc230                Player::internalRemoveItemContainer(Container*, Item*, bool)
                0x004c0a20                Player::sendAnimatedText(Position const&, unsigned char, std::string)
                0x004ca130                Player::addExp(long long)
                0x004bc8f0                Player::GetDistWeapon() const
                0x004c5d40                Player::getMoney()
                0x004bd520                Player::sendContainer(unsigned char, Container*)
                0x004c0f70                Player::sendVipLogin(std::string)
                0x004bd680                Player::onThingMove(Creature const*, Thing const*, Position const*, unsigned char, unsigned char, unsigned char)
                0x004bc4d0                Player::getReqSkillTries(int, int, playervoc_t)
                0x004bbd00                Player::getFreeSlot(Container**, unsigned char&, Item const*)
                0x004c43b0                Player::Player(std::string const&, Protocol*)
                0x004bc640                Player::getPlayerInfo(playerinfo_t) const
                0x004bd990                Player::getIP() const
                0x004bfd10                Player::getManaForNextMLevel()
                0x004c1430                Player::notifyLogIn(Player*)
                0x004bbe40                Player::addItem(Item*, bool)
                0x004be530                Player::TLMaddItem(int, unsigned char)
                0x004bdc80                Player::gainHealthTick()
                0x004bbc50                Player::getFreeContainerSlot(Container*)
                0x004bd750                Player::onCreatureAppear(Creature const*)
                0x004cd3b0                Player::addContainer(unsigned char, Container*)
                0x004bb9f0                Player::onItemUpdateContainer(Container const*, Item const*, unsigned char)
                0x004c2310                Player::getStorageValue(unsigned long, long&) const
                0x004c0d80                Player::sendVipLogout(std::string)
                0x004bdea0                Player::getCoins(unsigned long)
                0x004bb620                Player::getItem(int) const
                0x004c74b0                Player::removeList()
                0x004c2190                Player::onThingMove(Creature const*, slots_t, Item const*, int, Container const*, unsigned char, Item const*, int, int)
                0x004bdba0                Player::kickPlayer()
                0x004bc720                Player::getLookCorpse()
                0x004bd490                Player::sendTradeItemRequest(Player const*, Item const*, bool)
                0x004c0260                Player::setGuildInfo(gstat_t, unsigned long, std::string, std::string, std::string)
                0x004bd6e0                Player::onThingMove(Creature const*, Container const*, unsigned char, Item const*, int, Container*, unsigned char, Item const*, int, int)
                0x004bd780                Player::onCreatureDisappear(Creature const*, unsigned char, bool)
                0x004bb700                Player::getArmor() const
                0x004bdbc0                Player::gainManaTick()
                0x004c1ea0                Player::onThingMove(Creature const*, Container const*, unsigned char, Item const*, int, slots_t, Item const*, int, int)
                0x004bd360                Player::sendTextMessage(MessageClasses, char const*) const
                0x004c1d30                Player::onThingMove(Creature const*, slots_t, Item const*, int, Position const&, Item const*, int, int)
                0x004bce10                Player::getWeaponDamage() const
                0x004bfbc0                Player::getWandId() const
                0x004be1c0                Player::removeContainerItem(Container*, int, int)
                0x004bb820                Player::getDefense() const
                0x004bf9d0                Player::isUsingBurstArrows() const
                0x004beee0                Player::payBack(unsigned long)
                0x004bd880                Player::onCreatureTurn(Creature const*, unsigned char)
                0x004c0b90                Player::getSkillName(int)
                0x004c1ae0                Player::checkBoh()
                0x004bb640                Player::getSkill(skills_t, skillsid_t) const
                0x004c59d0                Player::getItemCount(unsigned short)
                0x004bfb40                Player::sendWorldLightLevel(unsigned char, unsigned char)
                0x004c2eb0                Player::~Player()
                0x004bd8d0                Player::onCreatureChangeOutfit(Creature const*)
                0x004bd2c0                Player::sendChangeSpeed(Creature*)
                0x004cd440                Player::addList()
                0x004bd410                Player::receivePing()
                0x004bd840                Player::onThingRemove(Thing const*)
                0x004be3d0                Player::removeItem(int, int)
                0x004bbb60                Player::addItemInventory(Item*, int, bool)
                0x004cc3b0                Player::addSkillTry(int)
                0x004c1160                Player::knowsSpell(std::string const&) const
                0x004bd2a0                Player::sendCancel(char const*) const
                0x004c7520                Player::addStorageValue(unsigned long, long)
                0x004bb5d0                Player::isPushable() const
                0x004c23b0                Player::removeVIP(unsigned long)
                0x004bc6a0                Player::isHoldingContainer(Container const*) const
                0x004bd470                Player::sendCreatureHealth(Creature const*)
                0x004bd430                Player::sendDistanceShoot(Position const&, Position const&, unsigned char)
                0x004be0f0                Player::getItem(int, int)
                0x004bcb00                Player::removeDistItem()
 .text          0x004cd7d0      0x300 obj/position.o
                0x004cd7d0                operator<<(std::ostream&, Direction const&)
                0x004cd840                operator<<(std::ostream&, Position const&)
 .text          0x004cdad0      0x2d0 obj/protocol.o
                0x004cdaf0                Protocol::Protocol()
                0x004cdb10                Protocol::~Protocol()
                0x004cdc90                Protocol::sleepTillMove()
                0x004cdbd0                Protocol::~Protocol()
                0x004cdc70                Protocol::setPlayer(Player*)
                0x004cdc30                Protocol::getIP() const
                0x004cdad0                Protocol::Protocol()
                0x004cdb70                Protocol::~Protocol()
 .text          0x004cdda0    0x17010 obj/protocol76.o
                0x004cde20                Protocol76::parseGetChannels(NetworkMessage&)
                0x004d3c20                Protocol76::sendOpenPriv(std::string const&)
                0x004d3fe0                Protocol76::sendPlayerLightLevel(Player const*)
                0x004d8b40                Protocol76::sendThingAppear(Thing const*)
                0x004d68b0                Protocol76::parseAddVip(NetworkMessage&)
                0x004e1b60                Protocol76::sendThingRemove(Thing const*)
                0x004cf880                Protocol76::AddPlayerSkills(NetworkMessage&, Player const*)
                0x004cf530                Protocol76::AddAnimatedText(NetworkMessage&, Position const&, unsigned char, std::string)
                0x004ce680                Protocol76::parseTurnNorth(NetworkMessage&)
                0x004d7590                Protocol76::parseOpenPriv(NetworkMessage&)
                0x004e19b0                Protocol76::autoCloseContainers(Container const*, NetworkMessage&)
                0x004d2640                Protocol76::sendTileUpdated(Position const&)
                0x004ce980                Protocol76::parseBattleWindow(NetworkMessage&)
                0x004cece0                Protocol76::parseThrow(NetworkMessage&)
                0x004d3380                Protocol76::sendStats()
                0x004d78c0                Protocol76::parseOpenChannel(NetworkMessage&)
                0x004cfff0                Protocol76::flushOutputBuffer()
                0x004ce290                Protocol76::parseMoveNorthEast(NetworkMessage&)
                0x004d0cf0                Protocol76::sendCreatureHealth(Creature const*)
                0x004d65c0                Protocol76::sendCreatureSay(Creature const*, SpeakClasses, std::string const&)
                0x004d1250                Protocol76::sendPing()
                0x004cf4d0                Protocol76::AddTextMessage(NetworkMessage&, MessageClasses, char const*)
                0x004d1a50                Protocol76::sendCancelWalk()
                0x004cde70                Protocol76::parseCancelMove(NetworkMessage&)
                0x004d23f0                Protocol76::sendThingMove(Creature const*, slots_t, Item const*, int, slots_t, Item const*, int, int)
                0x004cdff0                Protocol76::parseDebug(NetworkMessage&)
                0x004ce1e0                Protocol76::parseMoveSouthEast(NetworkMessage&)
                0x004d2800                Protocol76::sendNetworkMessage(NetworkMessage*)
                0x004cde40                Protocol76::parseModes(NetworkMessage&)
                0x004d7f50                Protocol76::~Protocol76()
                0x004d9db0                Protocol76::parseMoveByMouse(NetworkMessage&)
                0x004cfc70                Protocol76::AddCreatureHealth(NetworkMessage&, Creature const*)
                0x004d5fd0                Protocol76::sendAnimatedText(Position const&, unsigned char, std::string)
                0x004ceb80                Protocol76::parseCloseContainer(NetworkMessage&)
                0x004cfb70                Protocol76::AddCreatureSpeak(NetworkMessage&, Creature const*, SpeakClasses, std::string, unsigned short)
                0x004ce130                Protocol76::parseMoveSouthWest(NetworkMessage&)
                0x004d31c0                Protocol76::sendTextMessage(MessageClasses, char const*)
                0x004d3540                Protocol76::sendInventory(unsigned char)
                0x004cf490                Protocol76::CanSee(Creature const*) const
                0x004d5780                Protocol76::parseHouseWindow(NetworkMessage&)
                0x004ce340                Protocol76::parseMoveWest(NetworkMessage&)
                0x004d0b00                Protocol76::sendItemAddContainer(Container const*, Item const*)
                0x004d0710                Protocol76::sendItemUpdateContainer(Container const*, Item const*, unsigned char)
                0x004d0910                Protocol76::sendItemRemoveContainer(Container const*, unsigned char)
                0x004ce520                Protocol76::parseMoveNorth(NetworkMessage&)
                0x004d48a0                Protocol76::sendThingTransform(Thing const*, int)
                0x004da560                Protocol76::sendChannelsDialog()
                0x004cebd0                Protocol76::parseUpArrowContainer(NetworkMessage&)
                0x004ce080                Protocol76::parseMoveNorthWest(NetworkMessage&)
                0x004d41f0                Protocol76::sendSkull(Creature const*)
                0x004cdde0                Protocol76::parseLogout(NetworkMessage&)
                0x004d50e0                Protocol76::elemParseRemoveVip(NetworkMessage&)
                0x004ce3e0                Protocol76::parseMoveSouth(NetworkMessage&)
                0x004d6a50                Protocol76::parseTextWindow(NetworkMessage&)
                0x004d2180                Protocol76::sendCreatureTurn(Creature const*, unsigned char)
                0x004d2fc0                Protocol76::sendTextMessage(MessageClasses, char const*, Position const&, unsigned char)
                0x004d3df0                Protocol76::sendWorldLightLevel(unsigned char, unsigned char)
                0x004e2870                Protocol76::sendThingMove(Creature const*, Position const&, int, Item const*, int, slots_t, Item const*, int, int)
                0x004cf2e0                Protocol76::parseRemVip(NetworkMessage&)
                0x004cf2c0                Protocol76::parseCloseTrade()
                0x004de710                Protocol76::parseLookAt(NetworkMessage&)
                0x004d3710                Protocol76::sendSetOutfit(Creature const*)
                0x004d2880                Protocol76::sendCloseContainer(unsigned char)
                0x004d62c0                Protocol76::sendToChannel(Creature const*, SpeakClasses, std::string const&, unsigned short)
                0x004d8180                Protocol76::~Protocol76()
                0x004d9f80                Protocol76::sendTradeItemRequest(Player const*, Item const*, bool)
                0x004d0170                Protocol76::sendVIP(unsigned long, std::string const&, bool)
                0x004ce5c0                Protocol76::parseTurnWest(NetworkMessage&)
                0x004cf260                Protocol76::parseLookInTrade(NetworkMessage&)
                0x004d1fb0                Protocol76::sendCancel(char const*)
                0x004d4c30                Protocol76::sendThingMove(Creature const*, slots_t, Item const*, int, Container const*, unsigned char, Item const*, int, int)
                0x004d1400                Protocol76::sendSkills()
                0x004dd1a0                Protocol76::parseInviteParty(NetworkMessage&)
                0x004d7130                Protocol76::sendContainer(unsigned char, Container*)
                0x004e3da0                Protocol76::sendThingMove(Creature const*, Container const*, unsigned char, Item const*, int, slots_t, Item const*, int, int)
                0x004cf600                Protocol76::AddDistanceShoot(NetworkMessage&, Position const&, Position const&, unsigned char)
                0x004e1dc0                Protocol76::sendThingMove(Creature const*, Thing const*, Position const*, unsigned char, unsigned char, unsigned char, bool)
                0x004ce810                Protocol76::parseUseItemEx(NetworkMessage&)
                0x004cff90                Protocol76::RemoveItemContainer(NetworkMessage&, unsigned char, unsigned char)
                0x004d8070                Protocol76::~Protocol76()
                0x004ce600                Protocol76::parseTurnSouth(NetworkMessage&)
                0x004cf310                Protocol76::parseRotateItem(NetworkMessage&)
                0x004d8290                Protocol76::Protocol76(unsigned int)
                0x004d00e0                Protocol76::WriteBuffer(NetworkMessage&)
                0x004e3380                Protocol76::sendThingMove(Creature const*, slots_t, Item const*, int, Position const&, Item const*, int, int)
                0x004d83c0                Protocol76::Protocol76(unsigned int)
                0x004d59f0                Protocol76::sendTextWindow(Item*, unsigned short, bool)
                0x004d1e00                Protocol76::sendCancelAttacking()
                0x004d8670                Protocol76::GetTileDescription(Tile const*, NetworkMessage&, Player*)
                0x004d1c20                Protocol76::sendChangeSpeed(Creature const*)